Clock: clk
Sources: wb_clk_i 
Generated: no
Virtual: yes
Propagated: no
Period: 25.000000

===========================================================================
report_clock_properties
============================================================================
Clock                   Period          Waveform
----------------------------------------------------
clk                  25.000000    0.000000 12.500000

===========================================================================
report_clock_latency
============================================================================
Clock clk
rise -> rise
    min     max
4.650000 5.570000 source latency
6.159728         network latency _121617_/CLK
        8.250619 network latency _123164_/CLK
---------------
10.809729 13.820620 latency
        3.010891 skew

fall -> fall
    min     max
4.650000 5.570000 source latency
6.252382         network latency _121617_/CLK
        8.154041 network latency _123164_/CLK
---------------
10.902382 13.724041 latency
        2.821659 skew



===========================================================================
report_clock_min_period
============================================================================
clk period_min = 10.58 fmax = 94.50
