
===========================================================================
 report_power
============================================================================
======================= min_ff_n40C_1v95 Corner ===================================

Group                    Internal    Switching      Leakage        Total
                            Power        Power        Power        Power (Watts)
------------------------------------------------------------------------
Sequential           1.156636e-02 1.805491e-06 1.090839e-07 1.156828e-02  29.7%
Combinational        4.799032e-04 1.315202e-03 1.716871e-06 1.796822e-03   4.6%
Clock                1.483770e-02 1.049055e-02 6.741000e-07 2.532892e-02  64.9%
Macro                3.141761e-04 6.831162e-07 2.302500e-09 3.148615e-04   0.8%
Pad                  0.000000e+00 0.000000e+00 0.000000e+00 0.000000e+00   0.0%
------------------------------------------------------------------------
Total                2.720361e-02 1.180919e-02 2.502316e-06 3.901530e-02 100.0%
                            69.7%        30.3%         0.0%

