Clock: clk
Sources: wb_clk_i 
Generated: no
Virtual: yes
Propagated: no
Period: 25.000000

===========================================================================
report_clock_properties
============================================================================
Clock                   Period          Waveform
----------------------------------------------------
clk                  25.000000    0.000000 12.500000

===========================================================================
report_clock_latency
============================================================================
Clock clk
rise -> rise
    min     max
4.650000 5.570000 source latency
6.338759         network latency _121617_/CLK
        8.607297 network latency _123164_/CLK
---------------
10.988760 14.177298 latency
        3.188538 skew

fall -> fall
    min     max
4.650000 5.570000 source latency
6.426723         network latency _121617_/CLK
        8.548991 network latency _123164_/CLK
---------------
11.076722 14.118991 latency
        3.042269 skew



===========================================================================
report_clock_min_period
============================================================================
clk period_min = 11.36 fmax = 88.04
