
===========================================================================
 report_power
============================================================================
======================= max_ff_n40C_1v95 Corner ===================================

Group                    Internal    Switching      Leakage        Total
                            Power        Power        Power        Power (Watts)
------------------------------------------------------------------------
Sequential           1.155999e-02 1.944978e-06 1.090839e-07 1.156204e-02  28.6%
Combinational        4.805145e-04 1.522977e-03 1.716871e-06 2.005208e-03   5.0%
Clock                1.485840e-02 1.169617e-02 6.741000e-07 2.655525e-02  65.7%
Macro                3.141761e-04 7.534004e-07 2.302500e-09 3.149318e-04   0.8%
Pad                  0.000000e+00 0.000000e+00 0.000000e+00 0.000000e+00   0.0%
------------------------------------------------------------------------
Total                2.721848e-02 1.322247e-02 2.502316e-06 4.044346e-02 100.0%
                            67.3%        32.7%         0.0%

