
===========================================================================
 report_power
============================================================================
======================= max_ff_n40C_1v95 Corner ===================================

Group                    Internal    Switching      Leakage        Total
                            Power        Power        Power        Power (Watts)
------------------------------------------------------------------------
Sequential           1.153029e-02 2.631593e-09 1.060409e-07 1.153040e-02  35.6%
Combinational        3.219023e-04 1.238756e-03 1.576381e-06 1.562235e-03   4.8%
Clock                1.022810e-02 8.729642e-03 9.568250e-08 1.895784e-02  58.6%
Macro                3.141761e-04 2.227460e-06 2.302500e-09 3.164058e-04   1.0%
Pad                  0.000000e+00 0.000000e+00 0.000000e+00 0.000000e+00   0.0%
------------------------------------------------------------------------
Total                2.239453e-02 9.970600e-03 1.780435e-06 3.236691e-02 100.0%
                            69.2%        30.8%         0.0%

