Clock: clk
Sources: wb_clk_i 
Generated: no
Virtual: yes
Propagated: no
Period: 25.000000

===========================================================================
report_clock_properties
============================================================================
Clock                   Period          Waveform
----------------------------------------------------
clk                  25.000000    0.000000 12.500000

===========================================================================
report_clock_latency
============================================================================
Clock clk
rise -> rise
    min     max
4.650000 5.570000 source latency
7.018095         network latency _121617_/CLK
        9.819073 network latency _123164_/CLK
---------------
11.668097 15.389073 latency
        3.720977 skew

fall -> fall
    min     max
4.650000 5.570000 source latency
6.992295         network latency _121617_/CLK
        9.405914 network latency _123164_/CLK
---------------
11.642295 14.975914 latency
        3.333620 skew



===========================================================================
report_clock_min_period
============================================================================
clk period_min = 16.80 fmax = 59.51
