Clock: clk
Sources: wb_clk_i 
Generated: no
Virtual: yes
Propagated: no
Period: 25.000000

===========================================================================
report_clock_properties
============================================================================
Clock                   Period          Waveform
----------------------------------------------------
clk                  25.000000    0.000000 12.500000

===========================================================================
report_clock_latency
============================================================================
Clock clk
rise -> rise
    min     max
4.650000 5.570000 source latency
6.537209         network latency _123931_/CLK
        7.886283 network latency _122304_/CLK
---------------
11.187209 13.456284 latency
        2.269075 skew

fall -> fall
    min     max
4.650000 5.570000 source latency
6.529073         network latency _123931_/CLK
        7.803795 network latency _123242_/CLK
---------------
11.179072 13.373795 latency
        2.194723 skew



===========================================================================
report_clock_min_period
============================================================================
clk period_min = 14.87 fmax = 67.27
