
===========================================================================
 report_power
============================================================================
======================= nom_tt_025C_1v80 Corner ===================================

Group                    Internal    Switching      Leakage        Total
                            Power        Power        Power        Power (Watts)
------------------------------------------------------------------------
Sequential           9.937385e-03 1.535803e-06 5.160904e-08 9.938972e-03  29.0%
Combinational        4.173904e-04 1.214339e-03 5.444249e-07 1.632274e-03   4.8%
Clock                1.299964e-02 9.419780e-03 4.988994e-07 2.241992e-02  65.4%
Macro                3.141761e-04 7.191225e-07 2.302500e-09 3.148975e-04   0.9%
Pad                  0.000000e+00 0.000000e+00 0.000000e+00 0.000000e+00   0.0%
------------------------------------------------------------------------
Total                2.366013e-02 1.063821e-02 1.096774e-06 3.429944e-02 100.0%
                            69.0%        31.0%         0.0%

