
===========================================================================
 report_power
============================================================================
======================= nom_tt_025C_1v80 Corner ===================================

Group                    Internal    Switching      Leakage        Total
                            Power        Power        Power        Power (Watts)
------------------------------------------------------------------------
Sequential           9.917101e-03 2.041064e-09 5.144570e-08 9.917154e-03  36.1%
Combinational        2.799736e-04 9.919864e-04 5.180415e-07 1.272478e-03   4.6%
Clock                8.962501e-03 7.028231e-03 2.892168e-08 1.599076e-02  58.2%
Macro                3.141761e-04 2.091270e-06 2.302500e-09 3.162696e-04   1.2%
Pad                  0.000000e+00 0.000000e+00 0.000000e+00 0.000000e+00   0.0%
------------------------------------------------------------------------
Total                1.947340e-02 8.022295e-03 6.006737e-07 2.749629e-02 100.0%
                            70.8%        29.2%         0.0%

