Clock: clk
Sources: wb_clk_i 
Generated: no
Virtual: yes
Propagated: no
Period: 25.000000

===========================================================================
report_clock_properties
============================================================================
Clock                   Period          Waveform
----------------------------------------------------
clk                  25.000000    0.000000 12.500000

===========================================================================
report_clock_latency
============================================================================
Clock clk
rise -> rise
    min     max
4.650000 5.570000 source latency
7.736170         network latency _123931_/CLK
        9.343129 network latency _122449_/CLK
---------------
12.386170 14.913129 latency
        2.526958 skew

fall -> fall
    min     max
4.650000 5.570000 source latency
7.600004         network latency _123931_/CLK
        9.092853 network latency _122449_/CLK
---------------
12.250004 14.662852 latency
        2.412849 skew



===========================================================================
report_clock_min_period
============================================================================
clk period_min = 27.91 fmax = 35.82
