
===========================================================================
 report_power
============================================================================
======================= min_ss_100C_1v60 Corner ===================================

Group                    Internal    Switching      Leakage        Total
                            Power        Power        Power        Power (Watts)
------------------------------------------------------------------------
Sequential           7.718205e-03 1.123008e-06 8.834856e-05 7.807677e-03  28.3%
Combinational        3.362247e-04 8.936385e-04 5.932589e-04 1.823122e-03   6.6%
Clock                1.059222e-02 6.968533e-03 4.098552e-05 1.760174e-02  63.9%
Macro                3.141761e-04 6.850732e-07 2.302500e-09 3.148634e-04   1.1%
Pad                  0.000000e+00 0.000000e+00 0.000000e+00 0.000000e+00   0.0%
------------------------------------------------------------------------
Total                1.896530e-02 7.863847e-03 7.225735e-04 2.755172e-02 100.0%
                            68.8%        28.5%         2.6%

