
===========================================================================
Violator List
============================================================================
[setup in-reg] wbs_adr_i[3] -> _124307_/D : -4.370936
[setup in-reg] wbs_adr_i[3] -> _124305_/D : -3.950543
[setup in-reg] wbs_adr_i[3] -> _124300_/D : -3.875922
[setup in-reg] wbs_adr_i[3] -> _124299_/D : -3.649092
[setup in-reg] wbs_adr_i[3] -> _124304_/D : -3.527745
[setup in-reg] wbs_adr_i[3] -> _124297_/D : -3.487418
[setup in-reg] wbs_adr_i[3] -> _124298_/D : -3.471666
[setup in-reg] wbs_adr_i[3] -> _124313_/D : -3.441965
[setup in-reg] wbs_adr_i[3] -> _124309_/D : -3.360643
[setup in-reg] wbs_adr_i[3] -> _124314_/D : -3.353041
[setup in-reg] wbs_adr_i[3] -> _124296_/D : -3.304237
[setup in-reg] wbs_adr_i[3] -> _124308_/D : -3.223438
[setup in-reg] wbs_adr_i[3] -> _124301_/D : -3.127177
[setup in-reg] wbs_adr_i[3] -> _124319_/D : -3.107918
[setup in-reg] wbs_adr_i[3] -> _124306_/D : -3.094126
[setup in-reg] wbs_adr_i[3] -> _124303_/D : -3.082942
[setup in-reg] wbs_adr_i[3] -> _124310_/D : -3.014243
[setup reg-reg] _123260_/Q -> _123201_/D : -2.914899
[setup in-reg] wbs_adr_i[3] -> _124323_/D : -2.856755
[setup reg-reg] _122644_/Q -> _122315_/D : -2.852442
[setup in-reg] wbs_adr_i[3] -> _124325_/D : -2.850911
[setup in-reg] wbs_adr_i[3] -> _124312_/D : -2.809859
[setup reg-reg] _122644_/Q -> _122314_/D : -2.801837
[setup in-reg] wbs_adr_i[3] -> _124321_/D : -2.793005
[setup in-reg] wbs_adr_i[3] -> _124318_/D : -2.777778
[setup in-reg] wbs_adr_i[3] -> _124322_/D : -2.759251
[setup reg-reg] _124294_/Q -> _124051_/D : -2.748966
[setup reg-reg] _124294_/Q -> _124185_/D : -2.704876
[setup reg-reg] _124294_/Q -> _123758_/D : -2.704137
[setup in-reg] wbs_adr_i[3] -> _124302_/D : -2.698442
[setup reg-reg] _124294_/Q -> _123771_/D : -2.692886
[setup reg-reg] _122644_/Q -> _122312_/D : -2.689880
[setup reg-reg] _122555_/Q -> _122219_/D : -2.678732
[setup reg-reg] _124294_/Q -> _124186_/D : -2.669253
[setup reg-reg] _123260_/Q -> _123200_/D : -2.647905
[setup reg-reg] _123260_/Q -> _123203_/D : -2.632785
[setup reg-reg] _124294_/Q -> _123946_/D : -2.604235
[setup reg-reg] _124294_/Q -> _121698_/D : -2.603269
[setup reg-reg] _122644_/Q -> _122313_/D : -2.577490
[setup reg-reg] _122828_/Q -> _122498_/D : -2.563510
[setup reg-reg] _124294_/Q -> _124050_/D : -2.549211
[setup reg-reg] _124294_/Q -> _123767_/D : -2.547289
[setup reg-reg] _124294_/Q -> _123768_/D : -2.546255
[setup reg-reg] _124294_/Q -> _123817_/D : -2.546148
[setup reg-reg] _124294_/Q -> _124046_/D : -2.533628
[setup reg-reg] _124294_/Q -> _123818_/D : -2.527763
[setup in-reg] wbs_adr_i[3] -> _124311_/D : -2.517432
[setup reg-reg] _124294_/Q -> _123947_/D : -2.506536
[setup reg-reg] _122555_/Q -> _122213_/D : -2.503988
[setup reg-reg] _122828_/Q -> _122496_/D : -2.464756
[setup in-reg] wbs_adr_i[3] -> _124315_/D : -2.446619
[setup reg-reg] _123629_/Q -> _123295_/D : -2.442324
[setup reg-reg] _123959_/Q -> _123627_/D : -2.431310
[setup reg-reg] _124294_/Q -> _124195_/D : -2.422468
[setup reg-reg] _124294_/Q -> _123065_/D : -2.417643
[setup in-reg] wbs_adr_i[3] -> _124317_/D : -2.407145
[setup reg-reg] _123499_/Q -> _123163_/D : -2.399080
[setup reg-reg] _124294_/Q -> _123770_/D : -2.386347
[setup reg-reg] _123629_/Q -> _123296_/D : -2.381565
[setup in-reg] wbs_adr_i[3] -> _124320_/D : -2.380212
[setup reg-reg] _126470_/Q -> _121976_/D : -2.365969
[setup reg-reg] _124294_/Q -> _124041_/D : -2.362871
[setup reg-reg] _124294_/Q -> _123064_/D : -2.359069
[setup reg-reg] _123307_/Q -> _122971_/D : -2.357183
[setup reg-reg] _124294_/Q -> _124193_/D : -2.356853
[setup reg-reg] _124294_/Q -> _123769_/D : -2.355101
[setup reg-reg] _123260_/Q -> _123199_/D : -2.352476
[setup reg-reg] _123683_/Q -> _123341_/D : -2.347981
[setup reg-reg] _122828_/Q -> _122491_/D : -2.313989
[setup reg-reg] _123307_/Q -> _122970_/D : -2.309516
[setup reg-reg] _122828_/Q -> _122494_/D : -2.309044
[setup reg-reg] _122555_/Q -> _122218_/D : -2.307267
[setup reg-reg] _121460_/Q -> _121457_/D : -2.297558
[setup reg-reg] _124294_/Q -> _124047_/D : -2.297348
[setup reg-reg] _124294_/Q -> _124191_/D : -2.285645
[setup reg-reg] _123307_/Q -> _122963_/D : -2.280832
[setup reg-reg] _121460_/Q -> _121456_/D : -2.279542
[setup reg-reg] _124294_/Q -> _121697_/D : -2.278384
[setup reg-reg] _124294_/Q -> _124042_/D : -2.275648
[setup reg-reg] _124294_/Q -> _123865_/D : -2.273225
[setup in-reg] wbs_adr_i[3] -> _124327_/D : -2.266539
[setup reg-reg] _123584_/Q -> _123250_/D : -2.265580
[setup reg-reg] _124294_/Q -> _123766_/D : -2.246001
[setup reg-reg] _126470_/Q -> _121984_/D : -2.234437
[setup reg-reg] _123260_/Q -> _123202_/D : -2.208456
[setup reg-reg] _126470_/Q -> _121974_/D : -2.203525
[setup reg-reg] _126470_/Q -> _121982_/D : -2.198139
[setup reg-reg] _124294_/Q -> _123945_/D : -2.197929
[setup reg-reg] _122828_/Q -> _122487_/D : -2.193079
[setup reg-reg] _123629_/Q -> _123297_/D : -2.160864
[setup reg-reg] _126470_/Q -> _121987_/D : -2.153055
[setup reg-reg] _123868_/Q -> _123539_/D : -2.152078
[setup reg-reg] _123116_/Q -> _122787_/D : -2.148912
[setup reg-reg] _124294_/Q -> _123816_/D : -2.148845
[setup reg-reg] _122644_/Q -> _122311_/D : -2.142414
[setup reg-reg] _122124_/Q -> _121795_/D : -2.137305
[setup reg-reg] _123959_/Q -> _123625_/D : -2.136531
[setup reg-reg] _126470_/Q -> _121981_/D : -2.130836
[setup reg-reg] _124294_/Q -> _123067_/D : -2.124086
[setup reg-reg] _126470_/Q -> _121973_/D : -2.122892
[setup reg-reg] _122828_/Q -> _122493_/D : -2.115890
[setup reg-reg] _124052_/Q -> _123723_/D : -2.112763
[setup reg-reg] _124294_/Q -> _123819_/D : -2.109768
[setup reg-reg] _123868_/Q -> _123538_/D : -2.109459
[setup reg-reg] _122596_/Q -> _122266_/D : -2.065523
[setup reg-reg] _122124_/Q -> _121793_/D : -2.062212
[setup reg-reg] _124294_/Q -> _123955_/D : -2.050623
[setup reg-reg] _123683_/Q -> _123345_/D : -2.040650
[setup reg-reg] _123116_/Q -> _122784_/D : -2.028067
[setup reg-reg] _123629_/Q -> _123294_/D : -2.025374
[setup reg-reg] _123959_/Q -> _123626_/D : -2.020794
[setup reg-reg] _122555_/Q -> _122215_/D : -2.017142
[setup reg-reg] _123307_/Q -> _122967_/D : -2.012513
[setup reg-reg] _122828_/Q -> _122499_/D : -2.010545
[setup reg-reg] _122890_/Q -> _122826_/D : -2.010189
[setup in-reg] wbs_adr_i[3] -> _124326_/D : -2.009447
[setup reg-reg] _124294_/Q -> _123759_/D : -2.002643
[setup in-reg] wbs_adr_i[7] -> _124324_/D : -2.000469
[setup reg-reg] _123307_/Q -> _122969_/D : -1.996789
[setup reg-reg] _123683_/Q -> _123344_/D : -1.990578
[setup reg-reg] _123868_/Q -> _123530_/D : -1.990376
[setup reg-reg] _122596_/Q -> _122267_/D : -1.989257
[setup reg-reg] _124294_/Q -> _123756_/D : -1.980872
[setup reg-reg] _122124_/Q -> _121792_/D : -1.969820
[setup reg-reg] _122793_/Q -> _122451_/D : -1.968630
[setup reg-reg] _124294_/Q -> _123815_/D : -1.967923
[setup reg-reg] _122172_/Q -> _121843_/D : -1.962913
[setup in-reg] wbs_adr_i[3] -> _124316_/D : -1.960974
[setup reg-reg] _124294_/Q -> _124049_/D : -1.958508
[setup reg-reg] _122172_/Q -> _121841_/D : -1.954987
[setup reg-reg] _123683_/Q -> _123347_/D : -1.953481
[setup reg-reg] _123499_/Q -> _123161_/D : -1.953026
[setup reg-reg] _123779_/Q -> _123438_/D : -1.946411
[setup reg-reg] _124294_/Q -> _124043_/D : -1.945946
[setup reg-reg] _122082_/Q -> _121747_/D : -1.942386
[setup reg-reg] _126470_/Q -> _121979_/D : -1.940435
[setup reg-reg] _121991_/Q -> _121659_/D : -1.933962
[setup reg-reg] _124294_/Q -> _122871_/D : -1.932360
[setup reg-reg] _123779_/Q -> _123437_/D : -1.924299
[setup reg-reg] _123171_/Q -> _122825_/D : -1.922018
[setup reg-reg] _126478_/Q -> _121617_/D : -1.920267
[setup reg-reg] _123499_/Q -> _123160_/D : -1.904898
[setup reg-reg] _124294_/Q -> _123763_/D : -1.899952
[setup reg-reg] _124052_/Q -> _123720_/D : -1.899888
[setup reg-reg] _126470_/Q -> _121986_/D : -1.899373
[setup reg-reg] _122828_/Q -> _122490_/D : -1.898300
[setup reg-reg] _124294_/Q -> _121695_/D : -1.890946
[setup reg-reg] _126492_/Q -> _124241_/D : -1.883585
[setup reg-reg] _124294_/Q -> _124048_/D : -1.874103
[setup reg-reg] _126470_/Q -> _121975_/D : -1.870866
[setup reg-reg] _123076_/Q -> _123013_/D : -1.868820
[setup reg-reg] _126492_/Q -> _124243_/D : -1.867285
[setup reg-reg] _121422_/Q -> _121416_/D : -1.865892
[setup reg-reg] _123629_/Q -> _123299_/D : -1.865345
[setup reg-reg] _123076_/Q -> _123011_/D : -1.857789
[setup reg-reg] _122232_/Q -> _122169_/D : -1.855334
[setup reg-reg] _123779_/Q -> _123442_/D : -1.852001
[setup reg-reg] _122124_/Q -> _121790_/D : -1.847120
[setup reg-reg] _124294_/Q -> _124187_/D : -1.845798
[setup reg-reg] _126543_/Q -> _123914_/D : -1.844697
[setup reg-reg] _124294_/Q -> _122867_/D : -1.842103
[setup reg-reg] _123629_/Q -> _123298_/D : -1.840871
[setup reg-reg] _124294_/Q -> _121696_/D : -1.839844
[setup reg-reg] _123643_/Q -> _123574_/D : -1.833328
[setup reg-reg] _124294_/Q -> _123765_/D : -1.830664
[setup reg-reg] _122828_/Q -> _122497_/D : -1.830305
[setup reg-reg] _122644_/Q -> _122310_/D : -1.820933
[setup reg-reg] _122232_/Q -> _122171_/D : -1.819590
[setup reg-reg] _124294_/Q -> _122873_/D : -1.819188
[setup reg-reg] _123253_/Q -> _122923_/D : -1.817142
[setup reg-reg] _124052_/Q -> _123721_/D : -1.816105
[setup reg-reg] _122134_/Q -> _122073_/D : -1.812687
[setup reg-reg] _122452_/Q -> _122123_/D : -1.812083
[setup reg-reg] _124294_/Q -> _123814_/D : -1.811628
[setup reg-reg] _122275_/Q -> _121938_/D : -1.806495
[setup reg-reg] _122703_/Q -> _122642_/D : -1.799776
[setup reg-reg] _123307_/Q -> _122966_/D : -1.799474
[setup reg-reg] _121620_/Q -> _121347_/D : -1.797648
[setup reg-reg] _122644_/Q -> _122307_/D : -1.796529
[setup reg-reg] _122828_/Q -> _122489_/D : -1.796401
[setup reg-reg] _126470_/Q -> _121983_/D : -1.796256
[setup reg-reg] _126478_/Q -> _121619_/D : -1.793314
[setup reg-reg] _122082_/Q -> _121744_/D : -1.793087
[setup reg-reg] _121844_/Q -> _121539_/D : -1.788258
[setup reg-reg] _122082_/Q -> _121742_/D : -1.786997
[setup reg-reg] _122747_/Q -> _122411_/D : -1.785200
[setup reg-reg] _124294_/Q -> _122875_/D : -1.782453
[setup reg-reg] _124294_/Q -> _121699_/D : -1.774406
[setup reg-reg] _122555_/Q -> _122211_/D : -1.771156
[setup reg-reg] _126478_/Q -> _121611_/D : -1.764857
[setup reg-reg] _122275_/Q -> _121939_/D : -1.764302
[setup reg-reg] _122275_/Q -> _121937_/D : -1.760636
[setup reg-reg] _124294_/Q -> _122363_/D : -1.760203
[setup reg-reg] _123116_/Q -> _122786_/D : -1.758480
[setup reg-reg] _123307_/Q -> _122962_/D : -1.756131
[setup reg-reg] _122876_/Q -> _122546_/D : -1.753474
[setup reg-reg] _121460_/Q -> _121450_/D : -1.753449
[setup reg-reg] _123444_/Q -> _123113_/D : -1.751189
[setup reg-reg] _124294_/Q -> _124194_/D : -1.750099
[setup in-reg] wbs_adr_i[11] -> _121193_/D : -1.747115
[setup reg-reg] _123452_/Q -> _123393_/D : -1.742336
[setup reg-reg] _122596_/Q -> _122261_/D : -1.740297
[setup reg-reg] _124294_/Q -> _123950_/D : -1.733845
[setup reg-reg] _123959_/Q -> _123623_/D : -1.728647
[setup reg-reg] _122172_/Q -> _121840_/D : -1.728626
[setup reg-reg] _123023_/Q -> _122691_/D : -1.728331
[setup in-reg] wbs_adr_i[11] -> _121192_/D : -1.725137
[setup reg-reg] _122703_/Q -> _122640_/D : -1.724064
[setup reg-reg] _122596_/Q -> _122259_/D : -1.723404
[setup reg-reg] _126470_/Q -> _121978_/D : -1.722754
[setup reg-reg] _122134_/Q -> _122075_/D : -1.721105
[setup reg-reg] _121422_/Q -> _121419_/D : -1.721055
[setup reg-reg] _124294_/Q -> _122361_/D : -1.717794
[setup reg-reg] _126492_/Q -> _124237_/D : -1.710443
[setup reg-reg] _124294_/Q -> _123066_/D : -1.709740
[setup in-reg] wbs_adr_i[11] -> _121197_/D : -1.708262
[setup reg-reg] _124294_/Q -> _123057_/D : -1.705519
[setup reg-reg] _124294_/Q -> _122863_/D : -1.704972
[setup reg-reg] _124294_/Q -> _121694_/D : -1.702229
[setup reg-reg] _122452_/Q -> _122121_/D : -1.697604
[setup reg-reg] _122124_/Q -> _121794_/D : -1.697057
[setup reg-reg] _124052_/Q -> _123722_/D : -1.692502
[setup reg-reg] _123452_/Q -> _123389_/D : -1.690776
[setup in-reg] wbs_adr_i[11] -> _121196_/D : -1.686800
[setup reg-reg] _124294_/Q -> _123954_/D : -1.686789
[setup reg-reg] _122172_/Q -> _121838_/D : -1.679624
[setup reg-reg] _123584_/Q -> _123249_/D : -1.678675
[setup reg-reg] _124294_/Q -> _122872_/D : -1.677453
[setup reg-reg] _122555_/Q -> _122214_/D : -1.674515
[setup reg-reg] _122555_/Q -> _122217_/D : -1.671754
[setup reg-reg] _126502_/Q -> _124143_/D : -1.671271
[setup reg-reg] _124294_/Q -> _123953_/D : -1.670156
[setup reg-reg] _122134_/Q -> _122072_/D : -1.664716
[setup reg-reg] _123452_/Q -> _123386_/D : -1.661174
[setup reg-reg] _124294_/Q -> _123063_/D : -1.659345
[setup reg-reg] _126492_/Q -> _124239_/D : -1.658933
[setup reg-reg] _123076_/Q -> _123018_/D : -1.658773
[setup reg-reg] _121500_/Q -> _121499_/D : -1.657941
[setup reg-reg] _126438_/Q -> _123483_/D : -1.653781
[setup reg-reg] _124294_/Q -> _122870_/D : -1.652680
[setup reg-reg] _122124_/Q -> _121789_/D : -1.647674
[setup reg-reg] _124294_/Q -> _123757_/D : -1.639762
[setup reg-reg] _123253_/Q -> _122915_/D : -1.637130
[setup reg-reg] _122232_/Q -> _122166_/D : -1.636906
[setup reg-reg] _122555_/Q -> _122212_/D : -1.632792
[setup reg-reg] _123253_/Q -> _122921_/D : -1.630674
[setup reg-reg] _124294_/Q -> _124189_/D : -1.626418
[setup reg-reg] _122555_/Q -> _122216_/D : -1.625395
[setup reg-reg] _126478_/Q -> _121616_/D : -1.624159
[setup reg-reg] _121661_/Q -> _121379_/D : -1.621061
[setup reg-reg] _123253_/Q -> _122916_/D : -1.620052
[setup reg-reg] _121844_/Q -> _121538_/D : -1.617359
[setup in-reg] wbs_adr_i[7] -> _124295_/D : -1.613415
[setup reg-reg] _121422_/Q -> _121413_/D : -1.612083
[setup reg-reg] _123629_/Q -> _123293_/D : -1.609457
[setup reg-reg] _122082_/Q -> _121741_/D : -1.607521
[setup reg-reg] _123683_/Q -> _123343_/D : -1.604835
[setup reg-reg] _126470_/Q -> _121977_/D : -1.601133
[setup reg-reg] _123629_/Q -> _123292_/D : -1.600036
[setup reg-reg] _122232_/Q -> _122170_/D : -1.595659
[setup reg-reg] _126502_/Q -> _124141_/D : -1.589886
[setup reg-reg] _123444_/Q -> _123114_/D : -1.585196
[setup reg-reg] _121460_/Q -> _121458_/D : -1.579377
[setup reg-reg] _126470_/Q -> _121985_/D : -1.569259
[setup reg-reg] _121383_/Q -> _121369_/D : -1.567816
[setup reg-reg] _126438_/Q -> _123491_/D : -1.567205
[setup reg-reg] _124294_/Q -> _123866_/D : -1.566335
[setup reg-reg] _121620_/Q -> _121344_/D : -1.559389
[setup reg-reg] _123452_/Q -> _123395_/D : -1.554167
[setup reg-reg] _123253_/Q -> _122918_/D : -1.553897
[setup reg-reg] _126543_/Q -> _123913_/D : -1.552483
[setup reg-reg] _122828_/Q -> _122492_/D : -1.541359
[setup reg-reg] _126470_/Q -> _121980_/D : -1.541313
[setup reg-reg] _124294_/Q -> _124045_/D : -1.540514
[setup reg-reg] _122828_/Q -> _122495_/D : -1.535199
[setup reg-reg] _123676_/Q -> _123334_/D : -1.534822
[setup reg-reg] _123253_/Q -> _122910_/D : -1.532634
[setup reg-reg] _124294_/Q -> _123761_/D : -1.532488
[setup reg-reg] _122890_/Q -> _122827_/D : -1.528147
[setup reg-reg] _122275_/Q -> _121935_/D : -1.525901
[setup reg-reg] _123076_/Q -> _123016_/D : -1.525105
[setup reg-reg] _126492_/Q -> _124242_/D : -1.521524
[setup reg-reg] _123779_/Q -> _123436_/D : -1.517705
[setup reg-reg] _126492_/Q -> _124234_/D : -1.514962
[setup reg-reg] _123076_/Q -> _123019_/D : -1.497341
[setup reg-reg] _126438_/Q -> _123485_/D : -1.489706
[setup reg-reg] _121422_/Q -> _121418_/D : -1.488044
[setup reg-reg] _122452_/Q -> _122109_/D : -1.487461
[setup reg-reg] _122172_/Q -> _121837_/D : -1.483976
[setup reg-reg] _123959_/Q -> _123622_/D : -1.482967
[setup reg-reg] _123171_/Q -> _122824_/D : -1.482476
[setup reg-reg] _123069_/Q -> _122739_/D : -1.481094
[setup reg-reg] _122172_/Q -> _121831_/D : -1.479389
[setup reg-reg] _123171_/Q -> _122819_/D : -1.478632
[setup reg-reg] _122082_/Q -> _121746_/D : -1.478487
[setup reg-reg] _121500_/Q -> _121496_/D : -1.478451
[setup reg-reg] _121620_/Q -> _121346_/D : -1.471744
[setup reg-reg] _123683_/Q -> _123346_/D : -1.469491
[setup reg-reg] _121844_/Q -> _121529_/D : -1.467662
[setup reg-reg] _122124_/Q -> _121791_/D : -1.467264
[setup reg-reg] _123452_/Q -> _123388_/D : -1.463942
[setup reg-reg] _123023_/Q -> _122690_/D : -1.463444
[setup reg-reg] _122082_/Q -> _121733_/D : -1.462844
[setup reg-reg] _126543_/Q -> _123909_/D : -1.455518
[setup reg-reg] _122082_/Q -> _121738_/D : -1.447141
[setup reg-reg] _123959_/Q -> _123624_/D : -1.445709
[setup reg-reg] _122644_/Q -> _122309_/D : -1.444629
[setup reg-reg] _122172_/Q -> _121842_/D : -1.442686
[setup reg-reg] _122082_/Q -> _121736_/D : -1.437680
[setup reg-reg] _123584_/Q -> _123251_/D : -1.435009
[setup reg-reg] _122747_/Q -> _122405_/D : -1.434000
[setup reg-reg] _122134_/Q -> _122070_/D : -1.431598
[setup reg-reg] _124294_/Q -> _122874_/D : -1.430518
[setup reg-reg] _121460_/Q -> _121455_/D : -1.426958
[setup reg-reg] _122082_/Q -> _121743_/D : -1.426628
[setup reg-reg] _122172_/Q -> _121835_/D : -1.426344
[setup reg-reg] _122232_/Q -> _122159_/D : -1.425175
[setup reg-reg] _123307_/Q -> _122965_/D : -1.421334
[setup reg-reg] _122134_/Q -> _122067_/D : -1.416154
[setup reg-reg] _124294_/Q -> _122362_/D : -1.415931
[setup reg-reg] _121500_/Q -> _121492_/D : -1.415295
[setup reg-reg] _122134_/Q -> _122074_/D : -1.415266
[setup reg-reg] _123499_/Q -> _123159_/D : -1.411959
[setup reg-reg] _124161_/Q -> _124099_/D : -1.410680
[setup reg-reg] _122172_/Q -> _121830_/D : -1.410630
[setup reg-reg] _123452_/Q -> _123391_/D : -1.410413
[setup reg-reg] _122793_/Q -> _122450_/D : -1.406573
[setup reg-reg] _123253_/Q -> _122922_/D : -1.404796
[setup reg-reg] _121991_/Q -> _121658_/D : -1.400885
[setup reg-reg] _124294_/Q -> _124192_/D : -1.400185
[setup reg-reg] _122365_/Q -> _122034_/D : -1.395115
[setup reg-reg] _123076_/Q -> _123010_/D : -1.393101
[setup reg-reg] _121661_/Q -> _121378_/D : -1.392540
[setup reg-reg] _122172_/Q -> _121834_/D : -1.390234
[setup reg-reg] _122876_/Q -> _122544_/D : -1.387424
[setup reg-reg] _122232_/Q -> _122165_/D : -1.384937
[setup reg-reg] _123260_/Q -> _123197_/D : -1.383981
[setup reg-reg] _123116_/Q -> _122785_/D : -1.379849
[setup reg-reg] _124294_/Q -> _121693_/D : -1.379139
[setup reg-reg] _121948_/Q -> _121890_/D : -1.364420
[setup reg-reg] _123116_/Q -> _122777_/D : -1.364210
[setup reg-reg] _122596_/Q -> _122265_/D : -1.360178
[setup reg-reg] _122452_/Q -> _122122_/D : -1.359950
[setup reg-reg] _123069_/Q -> _122738_/D : -1.355463
[setup reg-reg] _123779_/Q -> _123435_/D : -1.352202
[setup reg-reg] _123779_/Q -> _123441_/D : -1.348340
[setup reg-reg] _123069_/Q -> _122737_/D : -1.343128
[setup reg-reg] _122452_/Q -> _122119_/D : -1.338076
[setup reg-reg] _121464_/Q -> _121451_/D : -1.337611
[setup reg-reg] _122596_/Q -> _122258_/D : -1.334030
[setup reg-reg] _123076_/Q -> _123009_/D : -1.328019
[setup reg-reg] _122747_/Q -> _122410_/D : -1.324995
[setup reg-reg] _123732_/Q -> _123673_/D : -1.324377
[setup reg-reg] _121460_/Q -> _121449_/D : -1.319624
[setup reg-reg] _124294_/Q -> _123942_/D : -1.319034
[setup reg-reg] _121383_/Q -> _121370_/D : -1.315875
[setup reg-reg] _121991_/Q -> _121650_/D : -1.308262
[setup reg-reg] _123253_/Q -> _122917_/D : -1.304468
[setup reg-reg] _126533_/Q -> _124000_/D : -1.299426
[setup reg-reg] _121948_/Q -> _121887_/D : -1.299078
[setup reg-reg] _126492_/Q -> _124238_/D : -1.298293
[setup reg-reg] _122172_/Q -> _121839_/D : -1.291458
[setup reg-reg] _124294_/Q -> _122869_/D : -1.289795
[setup reg-reg] _122082_/Q -> _121737_/D : -1.286555
[setup reg-reg] _122172_/Q -> _121833_/D : -1.284580
[setup reg-reg] _126533_/Q -> _124003_/D : -1.284022
[setup reg-reg] _124294_/Q -> _121687_/D : -1.283567
[setup reg-reg] _126543_/Q -> _123912_/D : -1.283098
[setup reg-reg] _122876_/Q -> _122547_/D : -1.282320
[setup reg-reg] _122703_/Q -> _122641_/D : -1.274000
[setup reg-reg] _123629_/Q -> _123291_/D : -1.265736
[setup reg-reg] _123779_/Q -> _123440_/D : -1.262567
[setup reg-reg] _123119_/Q -> _122781_/D : -1.251557
[setup reg-reg] _122596_/Q -> _122263_/D : -1.250740
[setup reg-reg] _122745_/Q -> _122398_/D : -1.248480
[setup reg-reg] _123683_/Q -> _123342_/D : -1.247571
[setup reg-reg] _126478_/Q -> _121612_/D : -1.246644
[setup reg-reg] _123307_/Q -> _122968_/D : -1.245070
[setup reg-reg] _123779_/Q -> _123439_/D : -1.244160
[setup reg-reg] _126478_/Q -> _121618_/D : -1.243855
[setup reg-reg] _123959_/Q -> _123620_/D : -1.238988
[setup reg-reg] _121460_/Q -> _121459_/D : -1.238227
[setup reg-reg] _122134_/Q -> _122064_/D : -1.237492
[setup in-reg] wbs_adr_i[8] -> _124286_/D : -1.231271
[setup reg-reg] _123076_/Q -> _123017_/D : -1.227573
[setup reg-reg] _121500_/Q -> _121490_/D : -1.227299
[setup reg-reg] _122232_/Q -> _122162_/D : -1.227161
[setup reg-reg] _122232_/Q -> _122161_/D : -1.220013
[setup reg-reg] _126492_/Q -> _124235_/D : -1.218822
[setup reg-reg] _122703_/Q -> _122638_/D : -1.212225
[setup in-reg] wbs_adr_i[8] -> _124288_/D : -1.210850
[setup reg-reg] _123253_/Q -> _122914_/D : -1.208118
[setup reg-reg] _123629_/Q -> _123290_/D : -1.201531
[setup reg-reg] _122275_/Q -> _121934_/D : -1.200693
[setup reg-reg] _122876_/Q -> _122540_/D : -1.200373
[setup reg-reg] _122124_/Q -> _121787_/D : -1.192614
[setup reg-reg] _124161_/Q -> _124096_/D : -1.192365
[setup reg-reg] _123959_/Q -> _123621_/D : -1.192181
[setup reg-reg] _126478_/Q -> _121615_/D : -1.190362
[setup in-reg] wbs_adr_i[8] -> _124285_/D : -1.185519
[setup reg-reg] _123260_/Q -> _123195_/D : -1.183555
[setup reg-reg] _121500_/Q -> _121487_/D : -1.181292
[setup reg-reg] _122644_/Q -> _122308_/D : -1.179849
[setup reg-reg] _126438_/Q -> _123482_/D : -1.178702
[setup reg-reg] _121948_/Q -> _121877_/D : -1.176868
[setup in-reg] wbs_adr_i[7] -> _124244_/D : -1.169354
[setup in-reg] wbs_adr_i[8] -> _124292_/D : -1.169315
[setup in-reg] wb_rst_i -> _125704_/D : -1.168615
[setup reg-reg] _121422_/Q -> _121415_/D : -1.167837
[setup reg-reg] _121948_/Q -> _121884_/D : -1.166828
[setup reg-reg] _122890_/Q -> _122817_/D : -1.164576
[setup reg-reg] _121948_/Q -> _121883_/D : -1.163901
[setup in-reg] wbs_adr_i[8] -> _124287_/D : -1.162313
[setup reg-reg] _126492_/Q -> _124240_/D : -1.161656
[setup in-reg] wbs_adr_i[8] -> _124289_/D : -1.160647
[setup reg-reg] _122082_/Q -> _121745_/D : -1.157321
[setup reg-reg] _126438_/Q -> _123489_/D : -1.156508
[setup reg-reg] _123959_/Q -> _123619_/D : -1.155470
[setup reg-reg] _122555_/Q -> _122209_/D : -1.151847
[setup in-reg] wbs_adr_i[8] -> _124290_/D : -1.146475
[setup reg-reg] _122703_/Q -> _122643_/D : -1.146013
[setup reg-reg] _124294_/Q -> _122859_/D : -1.139426
[setup reg-reg] _126438_/Q -> _123490_/D : -1.136844
[setup reg-reg] _122596_/Q -> _122264_/D : -1.134520
[setup reg-reg] _122082_/Q -> _121740_/D : -1.134012
[setup reg-reg] _123260_/Q -> _123191_/D : -1.126825
[setup reg-reg] _123779_/Q -> _123434_/D : -1.119574
[setup reg-reg] _123307_/Q -> _122961_/D : -1.118650
[setup reg-reg] _126438_/Q -> _123488_/D : -1.117751
[setup in-reg] wbs_adr_i[8] -> _124291_/D : -1.114000
[setup reg-reg] _124294_/Q -> _123944_/D : -1.111197
[setup reg-reg] _122082_/Q -> _121739_/D : -1.106685
[setup reg-reg] _122644_/Q -> _122306_/D : -1.106411
[setup reg-reg] _123116_/Q -> _122783_/D : -1.099465
[setup reg-reg] _123779_/Q -> _123433_/D : -1.099362
[setup reg-reg] _122828_/Q -> _122488_/D : -1.097568
[setup reg-reg] _121620_/Q -> _121345_/D : -1.092314
[setup reg-reg] _121948_/Q -> _121880_/D : -1.088623
[setup reg-reg] _123779_/Q -> _123443_/D : -1.083006
[setup reg-reg] _124294_/Q -> _122862_/D : -1.081183
[setup reg-reg] _123452_/Q -> _123384_/D : -1.080895
[setup reg-reg] _123116_/Q -> _122773_/D : -1.079091
[setup reg-reg] _122926_/Q -> _122595_/D : -1.077336
[setup reg-reg] _124161_/Q -> _124095_/D : -1.077311
[setup reg-reg] _121500_/Q -> _121498_/D : -1.066532
[setup reg-reg] _121991_/Q -> _121655_/D : -1.066280
[setup reg-reg] _124294_/Q -> _124184_/D : -1.059977
[setup in-reg] wb_rst_i -> _125452_/D : -1.057575
[setup reg-reg] _121500_/Q -> _121491_/D : -1.055373
[setup reg-reg] _123076_/Q -> _123015_/D : -1.051905
[setup reg-reg] _121500_/Q -> _121489_/D : -1.050942
[setup reg-reg] _126543_/Q -> _123915_/D : -1.048360
[setup reg-reg] _126502_/Q -> _124147_/D : -1.047841
[setup reg-reg] _126533_/Q -> _123998_/D : -1.047301
[setup reg-reg] _124294_/Q -> _123855_/D : -1.044089
[setup reg-reg] _122555_/Q -> _122208_/D : -1.041297
[setup reg-reg] _121500_/Q -> _121495_/D : -1.015916
[setup reg-reg] _123171_/Q -> _122818_/D : -1.014953
[setup reg-reg] _123452_/Q -> _123394_/D : -1.008459
[setup reg-reg] _126478_/Q -> _121609_/D : -1.008054
[setup reg-reg] _124294_/Q -> _123760_/D : -1.006068
[setup reg-reg] _126438_/Q -> _123479_/D : -1.004992
[setup reg-reg] _121583_/Q -> _121579_/D : -0.997236
[setup reg-reg] _122596_/Q -> _122262_/D : -0.996128
[setup reg-reg] _121422_/Q -> _121412_/D : -0.987580
[setup reg-reg] _126446_/Q -> _123099_/D : -0.984194
[setup reg-reg] _124294_/Q -> _122868_/D : -0.977771
[setup reg-reg] _121661_/Q -> _121377_/D : -0.975604
[setup reg-reg] _126446_/Q -> _123111_/D : -0.974779
[setup reg-reg] _123253_/Q -> _122912_/D : -0.974026
[setup reg-reg] _123779_/Q -> _123432_/D : -0.973525
[setup reg-reg] _124161_/Q -> _124098_/D : -0.973298
[setup reg-reg] _124294_/Q -> _122861_/D : -0.971347
[setup reg-reg] _122172_/Q -> _121836_/D : -0.966566
[setup reg-reg] _122555_/Q -> _122207_/D : -0.963269
[setup reg-reg] _122555_/Q -> _122210_/D : -0.961887
[setup reg-reg] _123023_/Q -> _122689_/D : -0.953754
[setup reg-reg] _124294_/Q -> _124038_/D : -0.952738
[setup reg-reg] _123307_/Q -> _122960_/D : -0.951253
[setup reg-reg] _126438_/Q -> _123487_/D : -0.950063
[setup in-reg] wbs_adr_i[8] -> _126575_/D : -0.948553
[setup reg-reg] _122365_/Q -> _122031_/D : -0.945022
[setup reg-reg] _121583_/Q -> _121570_/D : -0.938233
[setup reg-reg] _122365_/Q -> _122033_/D : -0.937092
[setup reg-reg] _123253_/Q -> _122911_/D : -0.936961
[setup in-reg] wbs_adr_i[7] -> _124294_/D : -0.932769
[setup reg-reg] _123076_/Q -> _123012_/D : -0.932761
[setup reg-reg] _122134_/Q -> _122066_/D : -0.931720
[setup reg-reg] _126543_/Q -> _123911_/D : -0.931188
[setup reg-reg] _124294_/Q -> _123857_/D : -0.924302
[setup reg-reg] _122275_/Q -> _121933_/D : -0.918984
[setup reg-reg] _123253_/Q -> _122920_/D : -0.917044
[setup in-reg] wb_rst_i -> _124341_/D : -0.916984
[setup reg-reg] _124294_/Q -> _124183_/D : -0.916909
[setup reg-reg] _122232_/Q -> _122163_/D : -0.912053
[setup in-reg] wb_rst_i -> _124342_/D : -0.911715
[setup reg-reg] _124294_/Q -> _122860_/D : -0.906578
[setup reg-reg] _121948_/Q -> _121875_/D : -0.903551
[setup reg-reg] _122452_/Q -> _122115_/D : -0.901586
[setup reg-reg] _123069_/Q -> _122735_/D : -0.901075
[setup reg-reg] _123779_/Q -> _123431_/D : -0.896197
[setup reg-reg] _123069_/Q -> _122732_/D : -0.895501
[setup reg-reg] _122134_/Q -> _122063_/D : -0.895184
[setup reg-reg] _121844_/Q -> _121534_/D : -0.894840
[setup reg-reg] _123253_/Q -> _122913_/D : -0.892964
[setup reg-reg] _123643_/Q -> _123578_/D : -0.890644
[setup reg-reg] _123076_/Q -> _123008_/D : -0.885940
[setup reg-reg] _124294_/Q -> _122864_/D : -0.878824
[setup reg-reg] _122890_/Q -> _122823_/D : -0.878302
[setup reg-reg] _121422_/Q -> _121414_/D : -0.877861
[setup reg-reg] _121844_/Q -> _121536_/D : -0.876440
[setup reg-reg] _126533_/Q -> _124002_/D : -0.869214
[setup reg-reg] _123076_/Q -> _123014_/D : -0.866102
[setup reg-reg] _123959_/Q -> _123618_/D : -0.865501
[setup reg-reg] _121661_/Q -> _121371_/D : -0.862062
[setup reg-reg] _123452_/Q -> _123383_/D : -0.861359
[setup reg-reg] _123452_/Q -> _123390_/D : -0.860990
[setup reg-reg] _123452_/Q -> _123387_/D : -0.856247
[setup in-reg] wb_rst_i -> _126489_/D : -0.854442
[setup reg-reg] _126446_/Q -> _123100_/D : -0.853895
[setup reg-reg] _124052_/Q -> _123719_/D : -0.852108
[setup reg-reg] _122172_/Q -> _121828_/D : -0.851173
[setup reg-reg] _122644_/Q -> _122304_/D : -0.851042
[setup reg-reg] _126533_/Q -> _124001_/D : -0.850257
[setup reg-reg] _124294_/Q -> _123951_/D : -0.848772
[setup reg-reg] _123499_/Q -> _123162_/D : -0.848544
[setup in-reg] wb_rst_i -> _126492_/D : -0.844917
[setup reg-reg] _126543_/Q -> _123904_/D : -0.844320
[setup in-reg] wb_rst_i -> _126493_/D : -0.841318
[setup in-reg] wbs_adr_i[8] -> _126578_/D : -0.840814
[setup reg-reg] _121460_/Q -> _121453_/D : -0.840146
[setup reg-reg] _121500_/Q -> _121494_/D : -0.839918
[setup reg-reg] _121948_/Q -> _121879_/D : -0.839481
[setup in-reg] wbs_adr_i[8] -> _126580_/D : -0.838959
[setup in-reg] wb_rst_i -> _126490_/D : -0.838540
[setup in-reg] wb_rst_i -> _126491_/D : -0.838337
[setup reg-reg] _122747_/Q -> _122409_/D : -0.837623
[setup in-reg] wbs_adr_i[11] -> _126829_/D : -0.835627
[setup reg-reg] _121422_/Q -> _121417_/D : -0.833932
[setup reg-reg] _121991_/Q -> _121657_/D : -0.833069
[setup reg-reg] _121948_/Q -> _121889_/D : -0.832721
[setup in-reg] wbs_adr_i[11] -> _124279_/D : -0.831523
[setup in-reg] wbs_adr_i[11] -> _126823_/D : -0.829324
[setup in-reg] wbs_adr_i[8] -> _126581_/D : -0.828177
[setup in-reg] wbs_adr_i[11] -> _126804_/D : -0.825473
[setup reg-reg] _121991_/Q -> _121648_/D : -0.824286
[setup reg-reg] _122876_/Q -> _122542_/D : -0.823430
[setup in-reg] wbs_adr_i[11] -> _126952_/D : -0.823285
[setup in-reg] wb_rst_i -> _126488_/D : -0.819529
[setup in-reg] wbs_adr_i[11] -> _124284_/D : -0.819071
[setup reg-reg] _121500_/Q -> _121488_/D : -0.817082
[setup in-reg] wb_rst_i -> _126486_/D : -0.816275
[setup in-reg] wbs_adr_i[11] -> _126803_/D : -0.815383
[setup in-reg] wbs_adr_i[11] -> _126824_/D : -0.813479
[setup in-reg] wbs_adr_i[11] -> _126825_/D : -0.813028
[setup in-reg] wbs_adr_i[11] -> _126798_/D : -0.812403
[setup in-reg] wbs_adr_i[11] -> _126827_/D : -0.812179
[setup in-reg] wbs_adr_i[11] -> _126786_/D : -0.812069
[setup in-reg] wbs_adr_i[11] -> _126784_/D : -0.811458
[setup in-reg] wbs_adr_i[11] -> _126955_/D : -0.810111
[setup reg-reg] _122232_/Q -> _122160_/D : -0.808178
[setup reg-reg] _122124_/Q -> _121783_/D : -0.807557
[setup in-reg] wbs_adr_i[11] -> _126828_/D : -0.805990
[setup in-reg] wbs_adr_i[8] -> _126574_/D : -0.805080
[setup in-reg] wbs_adr_i[8] -> _126642_/D : -0.803105
[setup reg-reg] _122082_/Q -> _121732_/D : -0.802757
[setup in-reg] wbs_adr_i[11] -> _126782_/D : -0.802714
[setup in-reg] wbs_adr_i[8] -> _126576_/D : -0.802640
[setup reg-reg] _121948_/Q -> _121882_/D : -0.801421
[setup reg-reg] _121844_/Q -> _121537_/D : -0.801155
[setup in-reg] wbs_adr_i[11] -> _126799_/D : -0.800437
[setup in-reg] wbs_adr_i[11] -> _126954_/D : -0.800007
[setup reg-reg] _123732_/Q -> _123675_/D : -0.799815
[setup in-reg] wbs_adr_i[8] -> _126579_/D : -0.798025
[setup reg-reg] _123499_/Q -> _123158_/D : -0.794120
[setup reg-reg] _124294_/Q -> _124190_/D : -0.793861
[setup reg-reg] _122124_/Q -> _121788_/D : -0.793044
[setup in-reg] wbs_adr_i[11] -> _126940_/D : -0.790873
[setup reg-reg] _123260_/Q -> _123190_/D : -0.790774
[setup in-reg] wb_rst_i -> _126487_/D : -0.789470
[setup in-reg] wbs_adr_i[11] -> _126651_/D : -0.788862
[setup in-reg] wbs_adr_i[11] -> _126950_/D : -0.788440
[setup in-reg] wbs_adr_i[11] -> _126787_/D : -0.787427
[setup in-reg] wbs_adr_i[11] -> _126800_/D : -0.787331
[setup reg-reg] _124294_/Q -> _123952_/D : -0.786844
[setup in-reg] wbs_adr_i[11] -> _126801_/D : -0.786830
[setup in-reg] wbs_adr_i[11] -> _127351_/D : -0.785597
[setup reg-reg] _122232_/Q -> _122167_/D : -0.785278
[setup in-reg] wbs_adr_i[11] -> _126762_/D : -0.785242
[setup in-reg] wbs_adr_i[11] -> _126646_/D : -0.784990
[setup in-reg] wbs_adr_i[11] -> _127352_/D : -0.784990
[setup in-reg] wbs_adr_i[11] -> _126653_/D : -0.784645
[setup in-reg] wbs_adr_i[11] -> _126647_/D : -0.783661
[setup in-reg] wbs_adr_i[11] -> _124281_/D : -0.783487
[setup in-reg] wbs_adr_i[11] -> _126783_/D : -0.782826
[setup in-reg] wbs_adr_i[11] -> _126931_/D : -0.782407
[setup in-reg] wbs_adr_i[11] -> _126929_/D : -0.781807
[setup in-reg] wbs_adr_i[8] -> _126639_/D : -0.778744
[setup in-reg] wbs_adr_i[11] -> _126802_/D : -0.777451
[setup in-reg] wbs_adr_i[11] -> _124283_/D : -0.777366
[setup in-reg] wbs_adr_i[11] -> _126805_/D : -0.772140
[setup in-reg] wbs_adr_i[11] -> _126927_/D : -0.771941
[setup in-reg] wbs_adr_i[11] -> _126648_/D : -0.769287
[setup in-reg] wbs_adr_i[11] -> _127176_/D : -0.767880
[setup reg-reg] _124294_/Q -> _123867_/D : -0.765883
[setup in-reg] wbs_adr_i[11] -> _124277_/D : -0.765688
[setup reg-reg] _123260_/Q -> _123198_/D : -0.764484
[setup reg-reg] _126438_/Q -> _123481_/D : -0.762832
[setup in-reg] wbs_adr_i[11] -> _126926_/D : -0.762658
[setup in-reg] wbs_adr_i[11] -> _126930_/D : -0.761279
[setup in-reg] wbs_adr_i[11] -> _124278_/D : -0.759979
[setup in-reg] wbs_adr_i[11] -> _127233_/D : -0.759076
[setup in-reg] wbs_adr_i[11] -> _124280_/D : -0.756288
[setup reg-reg] _123116_/Q -> _122780_/D : -0.752770
[setup reg-reg] _123260_/Q -> _123194_/D : -0.751154
[setup reg-reg] _123253_/Q -> _122919_/D : -0.750195
[setup reg-reg] _122828_/Q -> _122485_/D : -0.749910
[setup reg-reg] _121991_/Q -> _121654_/D : -0.748891
[setup in-reg] wbs_adr_i[11] -> _126938_/D : -0.748834
[setup in-reg] wbs_adr_i[11] -> _127355_/D : -0.747516
[setup reg-reg] _124294_/Q -> _123060_/D : -0.741700
[setup in-reg] wbs_adr_i[11] -> _126832_/D : -0.740396
[setup in-reg] wbs_adr_i[11] -> _126652_/D : -0.739338
[setup in-reg] wbs_adr_i[11] -> _126932_/D : -0.737092
[setup in-reg] wbs_adr_i[11] -> _127350_/D : -0.737050
[setup in-reg] wbs_adr_i[11] -> _126788_/D : -0.736318
[setup in-reg] wbs_adr_i[11] -> _126928_/D : -0.736094
[setup reg-reg] _121500_/Q -> _121493_/D : -0.735145
[setup in-reg] wbs_adr_i[11] -> _127389_/D : -0.733692
[setup in-reg] wbs_adr_i[11] -> _126649_/D : -0.732591
[setup in-reg] wbs_adr_i[11] -> _126650_/D : -0.732314
[setup in-reg] wbs_adr_i[11] -> _126609_/D : -0.732211
[setup in-reg] wbs_adr_i[11] -> _126838_/D : -0.732097
[setup in-reg] wbs_adr_i[11] -> _126935_/D : -0.732051
[setup in-reg] wbs_adr_i[11] -> _127356_/D : -0.731880
[setup reg-reg] _121948_/Q -> _121886_/D : -0.731781
[setup in-reg] wbs_adr_i[11] -> _126914_/D : -0.731461
[setup in-reg] wbs_adr_i[11] -> _127327_/D : -0.731397
[setup in-reg] wbs_adr_i[11] -> _127328_/D : -0.730385
[setup in-reg] wbs_adr_i[11] -> _127354_/D : -0.729983
[setup in-reg] wbs_adr_i[11] -> _126721_/D : -0.729173
[setup in-reg] wbs_adr_i[11] -> _127330_/D : -0.729091
[setup reg-reg] _123868_/Q -> _123529_/D : -0.728729
[setup in-reg] wbs_adr_i[11] -> _126933_/D : -0.728342
[setup in-reg] wbs_adr_i[11] -> _126901_/D : -0.727486
[setup in-reg] wbs_adr_i[11] -> _126894_/D : -0.726118
[setup reg-reg] _122134_/Q -> _122065_/D : -0.724910
[setup reg-reg] _122134_/Q -> _122071_/D : -0.724381
[setup in-reg] wbs_adr_i[11] -> _126831_/D : -0.724118
[setup in-reg] wbs_adr_i[11] -> _127235_/D : -0.723354
[setup reg-reg] _126543_/Q -> _123907_/D : -0.723173
[setup reg-reg] _123452_/Q -> _123392_/D : -0.721656
[setup in-reg] wbs_adr_i[11] -> _126936_/D : -0.721240
[setup reg-reg] _124294_/Q -> _122866_/D : -0.720679
[setup in-reg] wbs_adr_i[11] -> _127357_/D : -0.719766
[setup reg-reg] _122596_/Q -> _122256_/D : -0.718682
[setup in-reg] wbs_adr_i[11] -> _127174_/D : -0.718234
[setup in-reg] wbs_adr_i[11] -> _124256_/D : -0.716977
[setup in-reg] wbs_adr_i[11] -> _127333_/D : -0.716479
[setup in-reg] wbs_adr_i[11] -> _127353_/D : -0.715495
[setup in-reg] wbs_adr_i[11] -> _126896_/D : -0.715261
[setup in-reg] wbs_adr_i[11] -> _126934_/D : -0.713555
[setup reg-reg] _126502_/Q -> _124144_/D : -0.712895
[setup in-reg] wbs_adr_i[11] -> _126956_/D : -0.712245
[setup in-reg] wbs_adr_i[11] -> _127331_/D : -0.711975
[setup in-reg] wbs_adr_i[11] -> _126939_/D : -0.711363
[setup in-reg] wbs_adr_i[11] -> _126789_/D : -0.709573
[setup reg-reg] _122644_/Q -> _122303_/D : -0.709534
[setup reg-reg] _123444_/Q -> _123109_/D : -0.708873
[setup in-reg] wbs_adr_i[11] -> _126785_/D : -0.708791
[setup in-reg] wbs_adr_i[11] -> _126841_/D : -0.705576
[setup in-reg] wbs_adr_i[11] -> _126610_/D : -0.704766
[setup reg-reg] _122365_/Q -> _122035_/D : -0.704656
[setup in-reg] wbs_adr_i[11] -> _126897_/D : -0.703505
[setup in-reg] wbs_adr_i[11] -> _127332_/D : -0.703253
[setup in-reg] wbs_adr_i[11] -> _127231_/D : -0.702876
[setup in-reg] wbs_adr_i[11] -> _127234_/D : -0.700449
[setup in-reg] wbs_adr_i[11] -> _126763_/D : -0.698439
[setup in-reg] wbs_adr_i[11] -> _126895_/D : -0.697135
[setup in-reg] wbs_adr_i[11] -> _126839_/D : -0.696321
[setup in-reg] wbs_adr_i[11] -> _126764_/D : -0.695795
[setup in-reg] wbs_adr_i[11] -> _126617_/D : -0.695362
[setup in-reg] wbs_adr_i[11] -> _127329_/D : -0.694911
[setup in-reg] wbs_adr_i[11] -> _126812_/D : -0.694172
[setup reg-reg] _126543_/Q -> _123898_/D : -0.691649
[setup reg-reg] _126446_/Q -> _123103_/D : -0.691031
[setup in-reg] wbs_adr_i[11] -> _126953_/D : -0.689493
[setup in-reg] wbs_adr_i[11] -> _127230_/D : -0.689440
[setup in-reg] wbs_adr_i[11] -> _126941_/D : -0.689063
[setup in-reg] wbs_adr_i[11] -> _126806_/D : -0.688754
[setup in-reg] wbs_adr_i[11] -> _127232_/D : -0.687880
[setup in-reg] wbs_adr_i[11] -> _124259_/D : -0.686622
[setup in-reg] wbs_adr_i[11] -> _126722_/D : -0.686587
[setup in-reg] wbs_adr_i[8] -> _126640_/D : -0.684583
[setup reg-reg] _124294_/Q -> _122865_/D : -0.684185
[setup in-reg] wbs_adr_i[8] -> _126644_/D : -0.681037
[setup in-reg] wbs_adr_i[11] -> _126606_/D : -0.680920
[setup in-reg] wbs_adr_i[8] -> _127322_/D : -0.680199
[setup in-reg] wbs_adr_i[11] -> _127326_/D : -0.679492
[setup in-reg] wbs_adr_i[11] -> _126760_/D : -0.676199
[setup in-reg] wbs_adr_i[11] -> _126887_/D : -0.675097
[setup reg-reg] _121500_/Q -> _121485_/D : -0.675019
[setup in-reg] wbs_adr_i[11] -> _126937_/D : -0.673282
[setup in-reg] wbs_adr_i[11] -> _126845_/D : -0.672682
[setup in-reg] wbs_adr_i[11] -> _127382_/D : -0.671811
[setup in-reg] wbs_adr_i[11] -> _124257_/D : -0.671459
[setup in-reg] wbs_adr_i[8] -> _126643_/D : -0.670955
[setup in-reg] wbs_adr_i[11] -> _127178_/D : -0.670294
[setup in-reg] wbs_adr_i[11] -> _126612_/D : -0.669463
[setup in-reg] wbs_adr_i[11] -> _126867_/D : -0.669438
[setup in-reg] wbs_adr_i[11] -> _126842_/D : -0.669417
[setup in-reg] wbs_adr_i[11] -> _126951_/D : -0.669079
[setup reg-reg] _126478_/Q -> _121614_/D : -0.668955
[setup reg-reg] _123452_/Q -> _123382_/D : -0.668393
[setup in-reg] wbs_adr_i[8] -> _127318_/D : -0.668177
[setup in-reg] wbs_adr_i[8] -> _127320_/D : -0.667772
[setup in-reg] wbs_adr_i[11] -> _126869_/D : -0.666919
[setup in-reg] wbs_adr_i[8] -> _126645_/D : -0.666553
[setup in-reg] wbs_adr_i[11] -> _126607_/D : -0.666279
[setup in-reg] wbs_adr_i[11] -> _126808_/D : -0.665661
[setup in-reg] wbs_adr_i[11] -> _127236_/D : -0.665619
[setup in-reg] wbs_adr_i[11] -> _126861_/D : -0.665615
[setup in-reg] wbs_adr_i[11] -> _126693_/D : -0.665182
[setup in-reg] wbs_adr_i[11] -> _126608_/D : -0.664365
[setup reg-reg] _126438_/Q -> _123486_/D : -0.664190
[setup in-reg] wbs_adr_i[7] -> _126429_/D : -0.663459
[setup in-reg] wbs_adr_i[11] -> _126744_/D : -0.663299
[setup in-reg] wbs_adr_i[11] -> _126725_/D : -0.663189
[setup in-reg] wbs_adr_i[11] -> _124255_/D : -0.663185
[setup in-reg] wbs_adr_i[8] -> _126638_/D : -0.662368
[setup in-reg] wbs_adr_i[11] -> _126863_/D : -0.662315
[setup in-reg] wbs_adr_i[11] -> _127237_/D : -0.661522
[setup in-reg] wbs_adr_i[11] -> _126749_/D : -0.661174
[setup reg-reg] _123260_/Q -> _123193_/D : -0.660990
[setup in-reg] wbs_adr_i[11] -> _126707_/D : -0.660410
[setup reg-reg] _121500_/Q -> _121497_/D : -0.660336
[setup in-reg] wbs_adr_i[11] -> _127270_/D : -0.660315
[setup reg-reg] _123959_/Q -> _123617_/D : -0.659671
[setup in-reg] wbs_adr_i[11] -> _126864_/D : -0.659671
[setup in-reg] wbs_adr_i[11] -> _126912_/D : -0.659533
[setup in-reg] wbs_adr_i[11] -> _124258_/D : -0.658893
[setup reg-reg] _121991_/Q -> _121656_/D : -0.658851
[setup in-reg] wbs_adr_i[11] -> _126746_/D : -0.658410
[setup in-reg] wbs_adr_i[11] -> _126690_/D : -0.658183
[setup in-reg] wbs_adr_i[11] -> _127179_/D : -0.657877
[setup in-reg] wbs_adr_i[11] -> _126705_/D : -0.656982
[setup reg-reg] _122232_/Q -> _122168_/D : -0.656932
[setup in-reg] wbs_adr_i[11] -> _126807_/D : -0.656762
[setup in-reg] wbs_adr_i[11] -> _127180_/D : -0.656407
[setup in-reg] wbs_adr_i[11] -> _126613_/D : -0.656382
[setup reg-reg] _121948_/Q -> _121888_/D : -0.654300
[setup in-reg] wbs_adr_i[11] -> _126611_/D : -0.654254
[setup in-reg] wbs_adr_i[11] -> _126759_/D : -0.653237
[setup in-reg] wbs_adr_i[11] -> _126615_/D : -0.652250
[setup in-reg] wbs_adr_i[11] -> _126811_/D : -0.652168
[setup in-reg] wbs_adr_i[11] -> _126843_/D : -0.651742
[setup in-reg] wbs_adr_i[11] -> _126840_/D : -0.651706
[setup in-reg] wbs_adr_i[11] -> _126809_/D : -0.650211
[setup in-reg] wbs_adr_i[11] -> _126758_/D : -0.650093
[setup in-reg] wbs_adr_i[8] -> _127319_/D : -0.649745
[setup in-reg] wbs_adr_i[11] -> _127177_/D : -0.648839
[setup in-reg] wbs_adr_i[11] -> _126865_/D : -0.648623
[setup in-reg] wbs_adr_i[11] -> _126844_/D : -0.648249
[setup in-reg] wbs_adr_i[11] -> _126862_/D : -0.648139
[setup in-reg] wbs_adr_i[11] -> _127181_/D : -0.646722
[setup reg-reg] _121620_/Q -> _121343_/D : -0.646487
[setup in-reg] wbs_adr_i[11] -> _126866_/D : -0.644828
[setup in-reg] wbs_adr_i[11] -> _126917_/D : -0.644768
[setup in-reg] wbs_adr_i[11] -> _126621_/D : -0.644683
[setup in-reg] wbs_adr_i[11] -> _126703_/D : -0.643432
[setup in-reg] wbs_adr_i[11] -> _126835_/D : -0.642277
[setup in-reg] wbs_adr_i[11] -> _126692_/D : -0.641123
[setup in-reg] wbs_adr_i[8] -> _127324_/D : -0.640821
[setup in-reg] wbs_adr_i[11] -> _126837_/D : -0.640760
[setup in-reg] wbs_adr_i[11] -> _126602_/D : -0.640718
[setup in-reg] wbs_adr_i[11] -> _127273_/D : -0.640004
[setup in-reg] wbs_adr_i[11] -> _126942_/D : -0.639755
[setup in-reg] wbs_adr_i[11] -> _126830_/D : -0.639414
[setup in-reg] wbs_adr_i[11] -> _126943_/D : -0.638082
[setup in-reg] wbs_adr_i[11] -> _127272_/D : -0.637947
[setup in-reg] wbs_adr_i[11] -> _127274_/D : -0.637879
[setup in-reg] wbs_adr_i[8] -> _127323_/D : -0.636682
[setup in-reg] wbs_adr_i[11] -> _126810_/D : -0.636533
[setup in-reg] wbs_adr_i[11] -> _127275_/D : -0.634881
[setup in-reg] wbs_adr_i[8] -> _127321_/D : -0.634845
[setup reg-reg] _121948_/Q -> _121891_/D : -0.634451
[setup in-reg] wbs_adr_i[11] -> _126709_/D : -0.634206
[setup in-reg] wbs_adr_i[11] -> _126816_/D : -0.634152
[setup in-reg] wbs_adr_i[8] -> _127325_/D : -0.633424
[setup in-reg] wbs_adr_i[11] -> _127271_/D : -0.632603
[setup in-reg] wbs_adr_i[11] -> _127391_/D : -0.632578
[setup in-reg] wbs_adr_i[11] -> _126813_/D : -0.632262
[setup in-reg] wbs_adr_i[11] -> _126688_/D : -0.632042
[setup in-reg] wbs_adr_i[11] -> _126915_/D : -0.631324
[setup in-reg] wbs_adr_i[11] -> _126731_/D : -0.630735
[setup in-reg] wbs_adr_i[11] -> _126702_/D : -0.630397
[setup in-reg] wbs_adr_i[11] -> _126689_/D : -0.630141
[setup reg-reg] _123069_/Q -> _122733_/D : -0.629772
[setup in-reg] wbs_adr_i[11] -> _126747_/D : -0.629303
[setup in-reg] wbs_adr_i[11] -> _127392_/D : -0.628997
[setup reg-reg] _124294_/Q -> _123755_/D : -0.628869
[setup in-reg] wbs_adr_i[11] -> _126600_/D : -0.628869
[setup reg-reg] _126438_/Q -> _123478_/D : -0.628706
[setup in-reg] wbs_adr_i[11] -> _126708_/D : -0.628702
[setup in-reg] wbs_adr_i[11] -> _126889_/D : -0.628585
[setup in-reg] wbs_adr_i[11] -> _126868_/D : -0.628322
[setup in-reg] wbs_adr_i[11] -> _126745_/D : -0.627139
[setup in-reg] wbs_adr_i[11] -> _126761_/D : -0.626780
[setup reg-reg] _122172_/Q -> _121832_/D : -0.625647
[setup in-reg] wbs_adr_i[11] -> _126836_/D : -0.624400
[setup in-reg] wbs_adr_i[11] -> _126916_/D : -0.624361
[setup in-reg] wbs_adr_i[11] -> _126601_/D : -0.623437
[setup in-reg] wbs_adr_i[11] -> _127277_/D : -0.622514
[setup in-reg] wbs_adr_i[11] -> _126742_/D : -0.622457
[setup reg-reg] _122082_/Q -> _121735_/D : -0.622233
[setup reg-reg] _122275_/Q -> _121932_/D : -0.622006
[setup in-reg] wbs_adr_i[11] -> _126704_/D : -0.621036
[setup in-reg] wbs_adr_i[11] -> _126886_/D : -0.620844
[setup in-reg] wbs_adr_i[11] -> _127381_/D : -0.620076
[setup in-reg] wbs_adr_i[11] -> _127242_/D : -0.619856
[setup in-reg] wbs_adr_i[11] -> _126855_/D : -0.619810
[setup reg-reg] _124294_/Q -> _122357_/D : -0.619799
[setup in-reg] wbs_adr_i[11] -> _126691_/D : -0.619359
[setup reg-reg] _123069_/Q -> _122734_/D : -0.619334
[setup reg-reg] _121500_/Q -> _121486_/D : -0.619316
[setup in-reg] wbs_adr_i[11] -> _126599_/D : -0.618734
[setup in-reg] wbs_adr_i[11] -> _126949_/D : -0.618439
[setup in-reg] wbs_adr_i[11] -> _126706_/D : -0.618318
[setup in-reg] wbs_adr_i[11] -> _126748_/D : -0.617739
[setup in-reg] wbs_adr_i[11] -> _127395_/D : -0.617288
[setup in-reg] wbs_adr_i[11] -> _127238_/D : -0.616261
[setup in-reg] wbs_adr_i[11] -> _127276_/D : -0.615991
[setup in-reg] wbs_adr_i[11] -> _126603_/D : -0.615952
[setup reg-reg] _126478_/Q -> _121613_/D : -0.614616
[setup in-reg] wbs_adr_i[11] -> _126687_/D : -0.612314
[setup in-reg] wbs_adr_i[11] -> _126946_/D : -0.611749
[setup in-reg] wbs_adr_i[11] -> _126743_/D : -0.610907
[setup in-reg] wbs_adr_i[11] -> _127393_/D : -0.610736
[setup in-reg] wbs_adr_i[11] -> _126888_/D : -0.609063
[setup in-reg] wbs_adr_i[11] -> _127387_/D : -0.608029
[setup in-reg] wbs_adr_i[8] -> _126695_/D : -0.607610
[setup in-reg] wbs_adr_i[11] -> _126604_/D : -0.607390
[setup in-reg] wbs_adr_i[11] -> _126893_/D : -0.607042
[setup in-reg] wbs_adr_i[11] -> _126592_/D : -0.606764
[setup in-reg] wbs_adr_i[11] -> _126597_/D : -0.606640
[setup reg-reg] _126446_/Q -> _123115_/D : -0.606509
[setup in-reg] wbs_adr_i[11] -> _126890_/D : -0.604889
[setup in-reg] wb_rst_i -> _126460_/D : -0.604622
[setup in-reg] wbs_adr_i[11] -> _126590_/D : -0.604025
[setup in-reg] wbs_adr_i[11] -> _127397_/D : -0.603844
[setup in-reg] wbs_adr_i[11] -> _127390_/D : -0.603134
[setup in-reg] wbs_adr_i[11] -> _126910_/D : -0.602633
[setup in-reg] wbs_adr_i[11] -> _126913_/D : -0.602434
[setup in-reg] wbs_adr_i[11] -> _126686_/D : -0.602345
[setup in-reg] wbs_adr_i[8] -> _126757_/D : -0.601087
[setup in-reg] wbs_adr_i[11] -> _126718_/D : -0.600902
[setup in-reg] wbs_adr_i[11] -> _127396_/D : -0.598611
[setup in-reg] wbs_adr_i[11] -> _127384_/D : -0.597453
[setup in-reg] wbs_adr_i[11] -> _126860_/D : -0.597272
[setup in-reg] wbs_adr_i[11] -> _127394_/D : -0.597169
[setup in-reg] wbs_adr_i[11] -> _126598_/D : -0.596927
[setup in-reg] wbs_adr_i[11] -> _127239_/D : -0.595655
[setup in-reg] wbs_adr_i[11] -> _126945_/D : -0.595307
[setup in-reg] wbs_adr_i[11] -> _126605_/D : -0.592603
[setup in-reg] wbs_adr_i[11] -> _127383_/D : -0.592493
[setup in-reg] wbs_adr_i[11] -> _126944_/D : -0.592255
[setup in-reg] wbs_adr_i[11] -> _127386_/D : -0.592241
[setup in-reg] wbs_adr_i[11] -> _126891_/D : -0.592230
[setup in-reg] wbs_adr_i[11] -> _127378_/D : -0.591822
[setup in-reg] wb_rst_i -> _124906_/D : -0.587367
[setup in-reg] wbs_adr_i[11] -> _126814_/D : -0.586347
[setup reg-reg] _124294_/Q -> _122858_/D : -0.585217
[setup in-reg] wbs_adr_i[11] -> _127385_/D : -0.584738
[setup in-reg] wbs_adr_i[8] -> _126750_/D : -0.584613
[setup reg-reg] _124161_/Q -> _124094_/D : -0.584585
[setup in-reg] wbs_adr_i[11] -> _127243_/D : -0.584308
[setup in-reg] wbs_adr_i[11] -> _126820_/D : -0.584123
[setup reg-reg] _123452_/Q -> _123381_/D : -0.583764
[setup in-reg] wbs_adr_i[11] -> _127388_/D : -0.582929
[setup in-reg] wbs_adr_i[8] -> _126700_/D : -0.581714
[setup in-reg] wbs_adr_i[11] -> _126857_/D : -0.581569
[setup reg-reg] _123171_/Q -> _122822_/D : -0.581473
[setup in-reg] wbs_adr_i[8] -> _126755_/D : -0.581064
[setup in-reg] wbs_adr_i[11] -> _127288_/D : -0.580595
[setup in-reg] wbs_adr_i[11] -> _126817_/D : -0.580155
[setup in-reg] wbs_adr_i[11] -> _126947_/D : -0.579171
[setup in-reg] wbs_adr_i[11] -> _126732_/D : -0.578201
[setup in-reg] wbs_adr_i[11] -> _127190_/D : -0.577053
[setup in-reg] wbs_adr_i[11] -> _126892_/D : -0.576996
[setup in-reg] wbs_adr_i[11] -> _127374_/D : -0.576485
[setup reg-reg] _123116_/Q -> _122782_/D : -0.576083
[setup in-reg] wbs_adr_i[11] -> _127191_/D : -0.575767
[setup in-reg] wbs_adr_i[11] -> _126719_/D : -0.575561
[setup in-reg] wbs_adr_i[8] -> _126751_/D : -0.572921
[setup in-reg] wbs_adr_i[11] -> _126859_/D : -0.572484
[setup in-reg] wbs_adr_i[11] -> _126852_/D : -0.572232
[setup in-reg] wbs_adr_i[11] -> _126858_/D : -0.571621
[setup in-reg] wbs_adr_i[8] -> _126694_/D : -0.571479
[setup in-reg] wbs_adr_i[8] -> _126696_/D : -0.571458
[setup in-reg] wbs_adr_i[11] -> _127194_/D : -0.568097
[setup reg-reg] _122876_/Q -> _122545_/D : -0.567848
[setup reg-reg] _122365_/Q -> _122032_/D : -0.566981
[setup reg-reg] _121460_/Q -> _121452_/D : -0.566313
[setup in-reg] wbs_adr_i[11] -> _127376_/D : -0.566093
[setup in-reg] wbs_adr_i[11] -> _127197_/D : -0.564882
[setup in-reg] wbs_adr_i[11] -> _127192_/D : -0.564338
[setup reg-reg] _123023_/Q -> _122688_/D : -0.563571
[setup in-reg] wbs_adr_i[11] -> _126729_/D : -0.562071
[setup in-reg] wbs_adr_i[11] -> _127401_/D : -0.561858
[setup in-reg] wbs_adr_i[8] -> _126756_/D : -0.561595
[setup in-reg] wbs_adr_i[11] -> _127291_/D : -0.561226
[setup in-reg] wbs_adr_i[11] -> _126818_/D : -0.559712
[setup in-reg] wbs_adr_i[11] -> _126854_/D : -0.559663
[setup reg-reg] _122275_/Q -> _121931_/D : -0.559421
[setup in-reg] wbs_adr_i[11] -> _126815_/D : -0.558735
[setup in-reg] wbs_adr_i[8] -> _126701_/D : -0.557922
[setup in-reg] wbs_adr_i[11] -> _127377_/D : -0.557741
[setup in-reg] wbs_adr_i[8] -> _126754_/D : -0.557577
[setup in-reg] wbs_adr_i[11] -> _126723_/D : -0.557250
[setup in-reg] wbs_adr_i[7] -> _124293_/D : -0.556152
[setup in-reg] wbs_adr_i[11] -> _127241_/D : -0.555978
[setup reg-reg] _124294_/Q -> _123813_/D : -0.555950
[setup reg-reg] _122365_/Q -> _122030_/D : -0.555744
[setup in-reg] wbs_adr_i[11] -> _127195_/D : -0.555030
[setup reg-reg] _126543_/Q -> _123910_/D : -0.552596
[setup in-reg] wbs_adr_i[11] -> _127193_/D : -0.552483
[setup reg-reg] _122452_/Q -> _122118_/D : -0.552053
[setup in-reg] wbs_adr_i[11] -> _127292_/D : -0.550156
[setup in-reg] wbs_adr_i[11] -> _126594_/D : -0.549637
[setup reg-reg] _123629_/Q -> _123289_/D : -0.549463
[setup in-reg] wbs_adr_i[11] -> _126591_/D : -0.548940
[setup in-reg] wbs_adr_i[11] -> _127379_/D : -0.548827
[setup in-reg] wbs_adr_i[8] -> _126753_/D : -0.548567
[setup in-reg] wbs_adr_i[11] -> _126849_/D : -0.548116
[setup in-reg] wbs_adr_i[11] -> _126596_/D : -0.548045
[setup reg-reg] _121582_/Q -> _121571_/D : -0.546844
[setup in-reg] wbs_adr_i[11] -> _127375_/D : -0.544905
[setup in-reg] wbs_adr_i[8] -> _126698_/D : -0.544464
[setup in-reg] wbs_adr_i[11] -> _126672_/D : -0.544258
[setup in-reg] wbs_adr_i[11] -> _127380_/D : -0.544155
[setup reg-reg] _122232_/Q -> _122158_/D : -0.542968
[setup in-reg] wbs_adr_i[11] -> _126595_/D : -0.538645
[setup in-reg] wbs_adr_i[11] -> _126733_/D : -0.538488
[setup reg-reg] _123253_/Q -> _122909_/D : -0.537344
[setup in-reg] wbs_adr_i[11] -> _126671_/D : -0.536605
[setup reg-reg] _123584_/Q -> _123248_/D : -0.536208
[setup in-reg] wbs_adr_i[11] -> _126677_/D : -0.535671
[setup in-reg] wbs_adr_i[11] -> _127196_/D : -0.535309
[setup in-reg] wbs_adr_i[11] -> _126899_/D : -0.534449
[setup in-reg] wbs_adr_i[11] -> _126884_/D : -0.534445
[setup in-reg] wbs_adr_i[11] -> _127240_/D : -0.533287
[setup in-reg] wbs_adr_i[11] -> _126834_/D : -0.532847
[setup in-reg] wbs_adr_i[11] -> _127422_/D : -0.532463
[setup in-reg] wbs_adr_i[11] -> _127399_/D : -0.531671
[setup in-reg] wbs_adr_i[11] -> _126851_/D : -0.530534
[setup reg-reg] _126478_/Q -> _121608_/D : -0.530513
[setup in-reg] wbs_adr_i[11] -> _126847_/D : -0.530438
[setup in-reg] wbs_adr_i[11] -> _126900_/D : -0.529862
[setup in-reg] wbs_adr_i[11] -> _126730_/D : -0.529685
[setup in-reg] wbs_adr_i[11] -> _126726_/D : -0.529603
[setup in-reg] wbs_adr_i[11] -> _127245_/D : -0.527837
[setup reg-reg] _121991_/Q -> _121651_/D : -0.526718
[setup in-reg] wbs_adr_i[11] -> _126874_/D : -0.525823
[setup in-reg] wbs_adr_i[11] -> _127244_/D : -0.525699
[setup in-reg] wbs_adr_i[11] -> _127310_/D : -0.523585
[setup in-reg] wbs_adr_i[11] -> _126727_/D : -0.522515
[setup in-reg] wbs_adr_i[11] -> _126898_/D : -0.522473
[setup in-reg] wbs_adr_i[11] -> _127286_/D : -0.522082
[setup reg-reg] _122124_/Q -> _121786_/D : -0.521386
[setup in-reg] wbs_adr_i[11] -> _126728_/D : -0.521020
[setup in-reg] wbs_adr_i[11] -> _127312_/D : -0.520576
[setup in-reg] wbs_adr_i[11] -> _127398_/D : -0.520139
[setup in-reg] wbs_adr_i[11] -> _126995_/D : -0.519961
[setup reg-reg] _126446_/Q -> _123107_/D : -0.519524
[setup in-reg] wbs_adr_i[11] -> _126881_/D : -0.518835
[setup in-reg] wbs_adr_i[11] -> _127314_/D : -0.518675
[setup reg-reg] _124294_/Q -> _123863_/D : -0.517716
[setup reg-reg] _123779_/Q -> _123430_/D : -0.517094
[setup in-reg] wbs_adr_i[11] -> _126846_/D : -0.516664
[setup in-reg] wbs_adr_i[11] -> _127364_/D : -0.516401
[setup reg-reg] _123959_/Q -> _123615_/D : -0.515772
[setup in-reg] wbs_adr_i[11] -> _127358_/D : -0.515726
[setup reg-reg] _124294_/Q -> _121692_/D : -0.515481
[setup in-reg] wbs_adr_i[11] -> _126870_/D : -0.514245
[setup in-reg] wbs_adr_i[11] -> _127287_/D : -0.514220
[setup in-reg] wbs_adr_i[11] -> _127404_/D : -0.513193
[setup in-reg] wbs_adr_i[11] -> _121248_/D : -0.510561
[setup in-reg] wbs_adr_i[11] -> _127289_/D : -0.510195
[setup in-reg] wbs_adr_i[11] -> _126966_/D : -0.509832
[setup in-reg] wbs_adr_i[11] -> _126885_/D : -0.509321
[setup in-reg] wbs_adr_i[11] -> _126673_/D : -0.508543
[setup in-reg] wbs_adr_i[11] -> _126875_/D : -0.508486
[setup in-reg] wbs_adr_i[11] -> _127363_/D : -0.508351
[setup in-reg] wbs_adr_i[11] -> _127317_/D : -0.508301
[setup in-reg] wbs_adr_i[11] -> _126637_/D : -0.507296
[setup in-reg] wbs_adr_i[11] -> _121253_/D : -0.506113
[setup reg-reg] _121661_/Q -> _121376_/D : -0.505779
[setup in-reg] wbs_adr_i[11] -> _126882_/D : -0.505509
[setup in-reg] wbs_adr_i[11] -> _126675_/D : -0.502993
[setup in-reg] wbs_adr_i[11] -> _126850_/D : -0.499920
[setup reg-reg] _122232_/Q -> _122164_/D : -0.499298
[setup in-reg] wbs_adr_i[11] -> _126853_/D : -0.499131
[setup in-reg] wbs_adr_i[11] -> _126992_/D : -0.498968
[setup in-reg] wbs_adr_i[11] -> _126871_/D : -0.498531
[setup in-reg] wbs_adr_i[11] -> _127290_/D : -0.498122
[setup in-reg] wbs_adr_i[7] -> _124338_/D : -0.497838
[setup in-reg] wbs_adr_i[11] -> _121258_/D : -0.496637
[setup in-reg] wbs_adr_i[11] -> _126872_/D : -0.495703
[setup in-reg] wbs_adr_i[11] -> _126880_/D : -0.494655
[setup in-reg] wbs_adr_i[11] -> _127293_/D : -0.494435
[setup in-reg] wbs_adr_i[11] -> _126879_/D : -0.494254
[setup in-reg] wbs_adr_i[11] -> _126674_/D : -0.493358
[setup in-reg] wbs_adr_i[11] -> _126848_/D : -0.492186
[setup in-reg] wbs_adr_i[11] -> _127405_/D : -0.491685
[setup in-reg] wbs_adr_i[11] -> _126967_/D : -0.490633
[setup in-reg] wbs_adr_i[11] -> _127313_/D : -0.489749
[setup in-reg] wbs_adr_i[11] -> _121252_/D : -0.489031
[setup in-reg] wbs_adr_i[11] -> _126878_/D : -0.488761
[setup reg-reg] _123732_/Q -> _123674_/D : -0.487844
[setup in-reg] wbs_adr_i[11] -> _127400_/D : -0.487802
[setup in-reg] wbs_adr_i[11] -> _126969_/D : -0.487447
[setup reg-reg] _122452_/Q -> _122120_/D : -0.487336
[setup in-reg] wbs_adr_i[11] -> _126873_/D : -0.486484
[setup in-reg] wbs_adr_i[11] -> _124253_/D : -0.486260
[setup in-reg] wbs_adr_i[11] -> _127402_/D : -0.486082
[setup in-reg] wbs_adr_i[11] -> _126993_/D : -0.485588
[setup in-reg] wbs_adr_i[11] -> _126948_/D : -0.485237
[setup in-reg] wbs_adr_i[11] -> _127359_/D : -0.484789
[setup in-reg] wbs_adr_i[11] -> _126972_/D : -0.482334
[setup in-reg] wbs_adr_i[11] -> _127362_/D : -0.481890
[setup in-reg] wbs_adr_i[11] -> _126876_/D : -0.481364
[setup in-reg] wbs_adr_i[11] -> _124260_/D : -0.479137
[setup reg-reg] _122596_/Q -> _122255_/D : -0.478046
[setup in-reg] wbs_adr_i[11] -> _126883_/D : -0.477481
[setup in-reg] wbs_adr_i[11] -> _127403_/D : -0.477240
[setup reg-reg] _126502_/Q -> _124146_/D : -0.477126
[setup in-reg] wbs_adr_i[11] -> _126970_/D : -0.477073
[setup reg-reg] _122876_/Q -> _122536_/D : -0.476220
[setup in-reg] wbs_adr_i[11] -> _126877_/D : -0.475005
[setup in-reg] wbs_adr_i[11] -> _126990_/D : -0.471804
[setup in-reg] wbs_adr_i[11] -> _127360_/D : -0.471150
[setup in-reg] wbs_adr_i[11] -> _127361_/D : -0.470678
[setup reg-reg] _126438_/Q -> _123480_/D : -0.470099
[setup in-reg] wbs_adr_i[11] -> _127365_/D : -0.469591
[setup in-reg] wbs_adr_i[11] -> _126994_/D : -0.468805
[setup reg-reg] _123779_/Q -> _123429_/D : -0.466731
[setup reg-reg] _121500_/Q -> _121484_/D : -0.465903
[setup in-reg] wbs_adr_i[11] -> _121256_/D : -0.464855
[setup in-reg] wbs_adr_i[11] -> _124254_/D : -0.464578
[setup in-reg] wbs_adr_i[11] -> _126991_/D : -0.463452
[setup in-reg] wbs_adr_i[11] -> _121257_/D : -0.462322
[setup in-reg] wbs_adr_i[11] -> _121261_/D : -0.460616
[setup in-reg] wbs_adr_i[11] -> _126996_/D : -0.460517
[setup in-reg] wbs_adr_i[11] -> _127343_/D : -0.460332
[setup reg-reg] _123732_/Q -> _123670_/D : -0.460229
[setup in-reg] wbs_adr_i[11] -> _121255_/D : -0.460165
[setup reg-reg] _121948_/Q -> _121881_/D : -0.459593
[setup in-reg] wbs_adr_i[11] -> _126971_/D : -0.458709
[setup in-reg] wbs_adr_i[11] -> _126633_/D : -0.458702
[setup reg-reg] _126543_/Q -> _123906_/D : -0.458368
[setup in-reg] wbs_adr_i[11] -> _126635_/D : -0.456296
[setup in-reg] wbs_adr_i[8] -> _124270_/D : -0.456087
[setup in-reg] wbs_adr_i[11] -> _126630_/D : -0.455220
[setup in-reg] wbs_adr_i[11] -> _126968_/D : -0.455156
[setup reg-reg] _122705_/Q -> _122639_/D : -0.455088
[setup in-reg] wbs_adr_i[11] -> _126973_/D : -0.453923
[setup in-reg] wbs_adr_i[11] -> _127344_/D : -0.453738
[setup in-reg] wbs_adr_i[11] -> _121259_/D : -0.451845
[setup reg-reg] _122365_/Q -> _122027_/D : -0.450846
[setup in-reg] wbs_adr_i[11] -> _127348_/D : -0.448221
[setup in-reg] wbs_adr_i[11] -> _126634_/D : -0.443492
[setup reg-reg] _121544_/Q -> _121524_/D : -0.443297
[setup in-reg] wbs_adr_i[11] -> _121251_/D : -0.441062
[setup in-reg] wbs_adr_i[11] -> _121260_/D : -0.440163
[setup reg-reg] _124294_/Q -> _123764_/D : -0.439162
[setup in-reg] wbs_adr_i[11] -> _126904_/D : -0.437506
[setup in-reg] wbs_adr_i[11] -> _126559_/D : -0.435939
[setup in-reg] wbs_adr_i[8] -> _124273_/D : -0.435392
[setup in-reg] wbs_adr_i[11] -> _126636_/D : -0.433499
[setup reg-reg] _126470_/Q -> _121972_/D : -0.432880
[setup in-reg] wbs_adr_i[11] -> _121254_/D : -0.432316
[setup in-reg] wbs_adr_i[11] -> _127347_/D : -0.428429
[setup reg-reg] _123779_/Q -> _123426_/D : -0.427601
[setup in-reg] wbs_adr_i[11] -> _126909_/D : -0.427494
[setup in-reg] wbs_adr_i[11] -> _126631_/D : -0.427406
[setup reg-reg] _122365_/Q -> _122029_/D : -0.426784
[setup in-reg] wbs_adr_i[11] -> _126978_/D : -0.423782
[setup in-reg] wbs_adr_i[8] -> _124269_/D : -0.423707
[setup reg-reg] _121948_/Q -> _121885_/D : -0.423618
[setup in-reg] wbs_adr_i[11] -> _126558_/D : -0.420958
[setup reg-reg] _123868_/Q -> _123537_/D : -0.420318
[setup reg-reg] _126490_/Q -> _124230_/D : -0.420297
[setup in-reg] wbs_adr_i[11] -> _121287_/D : -0.417220
[setup in-reg] wbs_adr_i[11] -> _126980_/D : -0.415067
[setup in-reg] wbs_adr_i[11] -> _126975_/D : -0.414044
[setup in-reg] wbs_adr_i[8] -> _124272_/D : -0.411635
[setup reg-reg] _123452_/Q -> _123385_/D : -0.409539
[setup reg-reg] _126438_/Q -> _123477_/D : -0.409436
[setup in-reg] wbs_adr_i[11] -> _126905_/D : -0.407571
[setup reg-reg] _123499_/Q -> _123157_/D : -0.407045
[setup in-reg] wbs_adr_i[11] -> _121246_/D : -0.400593
[setup in-reg] wbs_adr_i[8] -> _124274_/D : -0.399986
[setup in-reg] wbs_adr_i[11] -> _126974_/D : -0.399215
[setup in-reg] wbs_adr_i[11] -> _126902_/D : -0.399123
[setup in-reg] wbs_adr_i[11] -> _126907_/D : -0.399023
[setup reg-reg] _122232_/Q -> _122156_/D : -0.394294
[setup in-reg] wbs_adr_i[11] -> _126565_/D : -0.394000
[setup in-reg] wbs_adr_i[11] -> _126632_/D : -0.393989
[setup in-reg] wbs_adr_i[11] -> _126560_/D : -0.393108
[setup in-reg] wbs_adr_i[11] -> _127207_/D : -0.390294
[setup in-reg] wbs_adr_i[8] -> _124276_/D : -0.389605
[setup in-reg] wbs_adr_i[11] -> _126979_/D : -0.388091
[setup in-reg] wbs_adr_i[11] -> _126906_/D : -0.387143
[setup in-reg] wbs_adr_i[11] -> _126564_/D : -0.386834
[setup reg-reg] _124294_/Q -> _124039_/D : -0.386450
[setup in-reg] wbs_adr_i[11] -> _126563_/D : -0.385985
[setup in-reg] wbs_adr_i[11] -> _126903_/D : -0.384130
[setup in-reg] wbs_adr_i[11] -> _126908_/D : -0.382347
[setup reg-reg] _121991_/Q -> _121653_/D : -0.381863
[setup in-reg] wbs_adr_i[8] -> _124271_/D : -0.379274
[setup in-reg] wbs_adr_i[11] -> _126561_/D : -0.377547
[setup in-reg] wbs_adr_i[8] -> _124275_/D : -0.376193
[setup in-reg] wbs_adr_i[11] -> _126562_/D : -0.370356
[setup in-reg] wbs_adr_i[11] -> _127206_/D : -0.369887
[setup reg-reg] _121948_/Q -> _121878_/D : -0.360625
[setup reg-reg] _122452_/Q -> _122117_/D : -0.359098
[setup reg-reg] _124294_/Q -> _123762_/D : -0.358639
[setup reg-reg] _122124_/Q -> _121785_/D : -0.356035
[setup reg-reg] _123643_/Q -> _123575_/D : -0.352042
[setup in-reg] wbs_adr_i[11] -> _127208_/D : -0.346653
[setup in-reg] wbs_adr_i[11] -> _127212_/D : -0.344066
[setup in-reg] wbs_adr_i[11] -> _127213_/D : -0.343622
[setup reg-reg] _122705_/Q -> _122635_/D : -0.342613
[setup in-reg] wbs_adr_i[11] -> _126924_/D : -0.338957
[setup in-reg] wbs_adr_i[11] -> _127252_/D : -0.336804
[setup in-reg] wbs_adr_i[11] -> _127211_/D : -0.332467
[setup reg-reg] _123868_/Q -> _123534_/D : -0.329706
[setup in-reg] wbs_adr_i[11] -> _127249_/D : -0.329496
[setup in-reg] wbs_adr_i[11] -> _126922_/D : -0.329390
[setup in-reg] wbs_adr_i[11] -> _127210_/D : -0.324338
[setup in-reg] wbs_adr_i[8] -> _121271_/D : -0.323926
[setup in-reg] wbs_adr_i[11] -> _127247_/D : -0.322075
[setup in-reg] wbs_adr_i[11] -> _126920_/D : -0.318305
[setup reg-reg] _124161_/Q -> _124097_/D : -0.314774
[setup in-reg] wbs_adr_i[8] -> _121274_/D : -0.313207
[setup reg-reg] _123260_/Q -> _123189_/D : -0.312568
[setup reg-reg] _122828_/Q -> _122486_/D : -0.311530
[setup in-reg] wbs_adr_i[11] -> _127248_/D : -0.307143
[setup in-reg] wbs_adr_i[11] -> _126925_/D : -0.305590
[setup in-reg] wbs_adr_i[11] -> _126919_/D : -0.301970
[setup reg-reg] _121582_/Q -> _121576_/D : -0.299757
[setup reg-reg] _121948_/Q -> _121876_/D : -0.296939
[setup in-reg] wbs_adr_i[8] -> _121270_/D : -0.286907
[setup reg-reg] _123452_/Q -> _123376_/D : -0.286363
[setup reg-reg] _122082_/Q -> _121734_/D : -0.285052
[setup reg-reg] _123023_/Q -> _122687_/D : -0.282466
[setup in-reg] wbs_adr_i[11] -> _127253_/D : -0.281272
[setup reg-reg] _126490_/Q -> _124229_/D : -0.274841
[setup in-reg] wbs_adr_i[11] -> _127209_/D : -0.273591
[setup in-reg] wbs_adr_i[11] -> _127246_/D : -0.272358
[setup reg-reg] _124294_/Q -> _124188_/D : -0.271427
[setup reg-reg] _123444_/Q -> _123106_/D : -0.270532
[setup reg-reg] _124294_/Q -> _123949_/D : -0.267978
[setup reg-reg] _123444_/Q -> _123108_/D : -0.267725
[setup in-reg] wbs_adr_i[8] -> _121275_/D : -0.267423
[setup reg-reg] _123584_/Q -> _123244_/D : -0.266702
[setup in-reg] wbs_adr_i[11] -> _121293_/D : -0.266450
[setup in-reg] wbs_adr_i[8] -> _127125_/D : -0.262972
[setup in-reg] wbs_adr_i[8] -> _121272_/D : -0.261132
[setup reg-reg] _126533_/Q -> _123999_/D : -0.261014
[setup reg-reg] _123584_/Q -> _123247_/D : -0.260123
[setup in-reg] wbs_adr_i[11] -> _127412_/D : -0.258396
[setup in-reg] wbs_adr_i[11] -> _121292_/D : -0.258318
[setup in-reg] wbs_adr_i[11] -> _127349_/D : -0.257028
[setup in-reg] wbs_adr_i[11] -> _127250_/D : -0.255454
[setup in-reg] wbs_adr_i[11] -> _121288_/D : -0.254300
[setup in-reg] wbs_adr_i[11] -> _127251_/D : -0.247809
[setup in-reg] wbs_adr_i[8] -> _121273_/D : -0.246960
[setup in-reg] wbs_adr_i[11] -> _127409_/D : -0.246516
[setup in-reg] wbs_adr_i[11] -> _126918_/D : -0.245656
[setup in-reg] wbs_adr_i[11] -> _126921_/D : -0.244388
[setup reg-reg] _121620_/Q -> _121342_/D : -0.242711
[setup in-reg] wbs_adr_i[11] -> _121286_/D : -0.242306
[setup in-reg] wbs_adr_i[11] -> _127413_/D : -0.238821
[setup reg-reg] _124294_/Q -> _123062_/D : -0.232713
[setup in-reg] wbs_adr_i[11] -> _127411_/D : -0.232703
[setup reg-reg] _122644_/Q -> _122302_/D : -0.230560
[setup in-reg] wbs_adr_i[11] -> _121291_/D : -0.227974
[setup in-reg] wbs_adr_i[11] -> _121290_/D : -0.226176
[setup in-reg] wbs_adr_i[11] -> _126981_/D : -0.225814
[setup in-reg] wbs_adr_i[8] -> _121276_/D : -0.225118
[setup in-reg] wbs_adr_i[8] -> _121277_/D : -0.224347
[setup in-reg] wbs_adr_i[11] -> _126923_/D : -0.223057
[setup reg-reg] _126478_/Q -> _121610_/D : -0.220304
[setup reg-reg] _126446_/Q -> _123102_/D : -0.213724
[setup in-reg] wbs_adr_i[11] -> _121289_/D : -0.213621
[setup in-reg] wbs_adr_i[11] -> _127410_/D : -0.209226
[setup in-reg] wbs_adr_i[8] -> _127119_/D : -0.207173
[setup reg-reg] _124294_/Q -> _123861_/D : -0.207113
[setup in-reg] wbs_adr_i[11] -> _127406_/D : -0.203652
[setup reg-reg] _123959_/Q -> _123614_/D : -0.202913
[setup reg-reg] _121583_/Q -> _121578_/D : -0.200455
[setup reg-reg] _122365_/Q -> _122026_/D : -0.188770
[setup in-reg] wbs_adr_i[11] -> _127408_/D : -0.184311
[setup reg-reg] _124294_/Q -> _123751_/D : -0.183775
[setup in-reg] wbs_adr_i[11] -> _127407_/D : -0.172260
[setup in-reg] wbs_adr_i[8] -> _121282_/D : -0.171010
[setup reg-reg] _126438_/Q -> _123484_/D : -0.170427
[setup reg-reg] _123253_/Q -> _122908_/D : -0.161378
[setup reg-reg] _122275_/Q -> _121930_/D : -0.157058
[setup in-reg] wbs_adr_i[8] -> _121278_/D : -0.149882
[setup in-reg] wbs_adr_i[8] -> _127118_/D : -0.148827
[setup reg-reg] _126478_/Q -> _121607_/D : -0.147960
[setup in-reg] wbs_adr_i[8] -> _127161_/D : -0.147335
[setup reg-reg] _124052_/Q -> _123717_/D : -0.146205
[setup in-reg] wbs_adr_i[8] -> _127121_/D : -0.145910
[setup reg-reg] _124294_/Q -> _123059_/D : -0.143313
[setup reg-reg] _122172_/Q -> _121829_/D : -0.141526
[setup in-reg] wb_rst_i -> _125321_/D : -0.135433
[setup in-reg] wbs_adr_i[8] -> _121285_/D : -0.132033
[setup in-reg] wbs_adr_i[8] -> _127124_/D : -0.131841
[setup in-reg] wbs_adr_i[8] -> _121283_/D : -0.128320
[setup reg-reg] _123307_/Q -> _122964_/D : -0.125922
[setup in-reg] wbs_adr_i[8] -> _121280_/D : -0.123023
[setup in-reg] wbs_adr_i[8] -> _121279_/D : -0.122242
[setup in-reg] wbs_adr_i[8] -> _121281_/D : -0.121496
[setup in-reg] wbs_adr_i[8] -> _127123_/D : -0.121112
[setup reg-reg] _126543_/Q -> _123908_/D : -0.115108
[setup in-reg] wbs_adr_i[8] -> _127122_/D : -0.113474
[setup reg-reg] _122705_/Q -> _122637_/D : -0.113346
[setup in-reg] wbs_adr_i[8] -> _127120_/D : -0.110706
[setup reg-reg] _124294_/Q -> _122353_/D : -0.099845
[setup reg-reg] _126446_/Q -> _123105_/D : -0.098343
[setup in-reg] wbs_adr_i[8] -> _121284_/D : -0.097103
[setup reg-reg] _123732_/Q -> _123671_/D : -0.090630
[setup reg-reg] _122876_/Q -> _122543_/D : -0.087411
[setup reg-reg] _123959_/Q -> _123616_/D : -0.084309
[setup reg-reg] _124161_/Q -> _124091_/D : -0.079513
[setup reg-reg] _123171_/Q -> _122821_/D : -0.078252
[setup reg-reg] _121844_/Q -> _121535_/D : -0.078000
[setup reg-reg] _123629_/Q -> _123286_/D : -0.076557
[setup in-reg] wbs_adr_i[8] -> _127162_/D : -0.074756
[setup in-reg] wbs_adr_i[8] -> _127165_/D : -0.070248
[setup in-reg] wbs_adr_i[8] -> _127164_/D : -0.069193
[setup in-reg] wbs_adr_i[8] -> _127163_/D : -0.063842
[setup reg-reg] _123868_/Q -> _123531_/D : -0.062887
[setup reg-reg] _121582_/Q -> _121569_/D : -0.061679
[setup in-reg] wbs_adr_i[8] -> _127159_/D : -0.059952
[setup in-reg] wbs_adr_i[8] -> _127160_/D : -0.058751
[setup reg-reg] _121582_/Q -> _121577_/D : -0.053785
[setup reg-reg] _126543_/Q -> _123905_/D : -0.053156
[setup reg-reg] _121544_/Q -> _121531_/D : -0.052928
[setup in-reg] wbs_adr_i[8] -> _127158_/D : -0.051514
[setup reg-reg] _122747_/Q -> _122407_/D : -0.038874
[setup reg-reg] _121661_/Q -> _121375_/D : -0.038067
[setup reg-reg] _122926_/Q -> _122591_/D : -0.035850
[setup reg-reg] _123629_/Q -> _123287_/D : -0.032845
[setup reg-reg] _123452_/Q -> _123380_/D : -0.029893
[setup reg-reg] _122452_/Q -> _122111_/D : -0.029107
[setup in-reg] wbs_adr_i[8] -> _121209_/D : -0.027207
[setup reg-reg] _124294_/Q -> _123058_/D : -0.025150
[setup in-reg] wbs_adr_i[8] -> _121222_/D : -0.022439
[setup reg-reg] _122365_/Q -> _122025_/D : -0.021501
[setup reg-reg] _124294_/Q -> _123864_/D : -0.019508
[setup reg-reg] _124294_/Q -> _123061_/D : -0.018932
[setup reg-reg] _122452_/Q -> _122114_/D : -0.017678
[setup in-reg] wb_rst_i -> _125450_/D : -0.015582
[setup reg-reg] _122644_/Q -> _122297_/D : -0.014705
[setup reg-reg] _123444_/Q -> _123112_/D : -0.014467
[setup reg-reg] _122275_/Q -> _121936_/D : -0.013017
[setup in-reg] wbs_adr_i[8] -> _121227_/D : -0.012367
[setup in-reg] wb_rst_i -> _121468_/D : -0.005009
