Clock: clk
Sources: wb_clk_i 
Generated: no
Virtual: yes
Propagated: no
Period: 25.000000

===========================================================================
report_clock_properties
============================================================================
Clock                   Period          Waveform
----------------------------------------------------
clk                  25.000000    0.000000 12.500000

===========================================================================
report_clock_latency
============================================================================
Clock clk
rise -> rise
    min     max
4.650000 5.570000 source latency
8.893878         network latency _121617_/CLK
        13.194166 network latency _123164_/CLK
---------------
13.543878 18.764166 latency
        5.220288 skew

fall -> fall
    min     max
4.650000 5.570000 source latency
8.650660         network latency _121617_/CLK
        12.218430 network latency _123164_/CLK
---------------
13.300659 17.788429 latency
        4.487770 skew



===========================================================================
report_clock_min_period
============================================================================
clk period_min = 32.99 fmax = 30.31
