
===========================================================================
 report_power
============================================================================
======================= max_ss_100C_1v60 Corner ===================================

Group                    Internal    Switching      Leakage        Total
                            Power        Power        Power        Power (Watts)
------------------------------------------------------------------------
Sequential           7.705214e-03 1.216915e-06 8.834856e-05 7.794780e-03  27.3%
Combinational        3.359644e-04 1.033521e-03 5.932589e-04 1.962744e-03   6.9%
Clock                1.060168e-02 7.780203e-03 4.098552e-05 1.842287e-02  64.6%
Macro                3.141761e-04 7.553574e-07 2.302500e-09 3.149337e-04   1.1%
Pad                  0.000000e+00 0.000000e+00 0.000000e+00 0.000000e+00   0.0%
------------------------------------------------------------------------
Total                1.896147e-02 8.816459e-03 7.225735e-04 2.850050e-02 100.0%
                            66.5%        30.9%         2.5%

