
===========================================================================
 report_power
============================================================================
======================= max_ss_100C_1v60 Corner ===================================

Group                    Internal    Switching      Leakage        Total
                            Power        Power        Power        Power (Watts)
------------------------------------------------------------------------
Sequential           7.665554e-03 1.671924e-09 8.783107e-05 7.753387e-03  34.0%
Combinational        2.259327e-04 8.410123e-04 5.532246e-04 1.620170e-03   7.1%
Clock                7.335357e-03 5.754794e-03 2.744695e-05 1.311760e-02  57.5%
Macro                3.141761e-04 2.231983e-06 2.302500e-09 3.164103e-04   1.4%
Pad                  0.000000e+00 0.000000e+00 0.000000e+00 0.000000e+00   0.0%
------------------------------------------------------------------------
Total                1.554104e-02 6.598021e-03 6.684596e-04 2.280753e-02 100.0%
                            68.1%        28.9%         2.9%

