
===========================================================================
Violator List
============================================================================
[setup reg-reg] _123296_/Q -> _123234_/D : -7.990277
[setup reg-reg] _123296_/Q -> _123231_/D : -7.829598
[setup reg-reg] _123668_/Q -> _123609_/D : -7.458521
[setup reg-reg] _123296_/Q -> _123230_/D : -7.444989
[setup reg-reg] _123238_/Q -> _122906_/D : -7.440921
[setup reg-reg] _123296_/Q -> _123233_/D : -7.438495
[setup in-reg] wbs_adr_i[5] -> _124186_/D : -7.385275
[setup reg-reg] _123845_/Q -> _123511_/D : -7.239631
[setup reg-reg] _123296_/Q -> _123235_/D : -7.188355
[setup reg-reg] _123668_/Q -> _123607_/D : -7.168272
[setup reg-reg] _123296_/Q -> _123232_/D : -7.128751
[setup reg-reg] _123668_/Q -> _123608_/D : -7.091931
[setup reg-reg] _123296_/Q -> _123227_/D : -7.085813
[setup reg-reg] _123471_/Q -> _123137_/D : -7.077706
[setup reg-reg] _123287_/Q -> _122955_/D : -7.058443
[setup in-reg] wbs_adr_i[5] -> _124192_/D : -7.028515
[setup reg-reg] _123296_/Q -> _123229_/D : -7.022660
[setup reg-reg] _123471_/Q -> _123130_/D : -6.940414
[setup reg-reg] _123471_/Q -> _123139_/D : -6.887341
[setup in-reg] wbs_adr_i[3] -> _124185_/D : -6.868387
[setup reg-reg] _122918_/Q -> _122858_/D : -6.813348
[setup reg-reg] _123287_/Q -> _122953_/D : -6.805596
[setup reg-reg] _123238_/Q -> _122905_/D : -6.799546
[setup reg-reg] _123471_/Q -> _123136_/D : -6.796125
[setup reg-reg] _123296_/Q -> _123226_/D : -6.739125
[setup reg-reg] _122589_/Q -> _122530_/D : -6.717638
[setup reg-reg] _123845_/Q -> _123515_/D : -6.677578
[setup reg-reg] _122540_/Q -> _122476_/D : -6.669609
[setup reg-reg] _123668_/Q -> _123606_/D : -6.660741
[setup reg-reg] _123238_/Q -> _122907_/D : -6.641258
[setup reg-reg] _122492_/Q -> _122435_/D : -6.634931
[setup reg-reg] _123238_/Q -> _122904_/D : -6.613465
[setup reg-reg] _126398_/Q -> _123986_/D : -6.588838
[setup reg-reg] _122540_/Q -> _122480_/D : -6.584354
[setup reg-reg] _122540_/Q -> _122483_/D : -6.579814
[setup reg-reg] _122918_/Q -> _122857_/D : -6.562921
[setup reg-reg] _122723_/Q -> _122386_/D : -6.557663
[setup reg-reg] _123287_/Q -> _122954_/D : -6.555943
[setup reg-reg] _123668_/Q -> _123605_/D : -6.553055
[setup reg-reg] _123668_/Q -> _123610_/D : -6.552600
[setup reg-reg] _123668_/Q -> _123611_/D : -6.545410
[setup reg-reg] _123845_/Q -> _123514_/D : -6.499782
[setup reg-reg] _123471_/Q -> _123135_/D : -6.478100
[setup reg-reg] _123471_/Q -> _123138_/D : -6.475805
[setup reg-reg] _122440_/Q -> _122107_/D : -6.458741
[setup reg-reg] _122911_/Q -> _122578_/D : -6.451387
[setup reg-reg] _123287_/Q -> _122951_/D : -6.448527
[setup reg-reg] _122589_/Q -> _122531_/D : -6.393727
[setup reg-reg] _123296_/Q -> _123225_/D : -6.362814
[setup reg-reg] _123345_/Q -> _123283_/D : -6.333913
[setup reg-reg] _122540_/Q -> _122479_/D : -6.318320
[setup reg-reg] _122868_/Q -> _122803_/D : -6.262550
[setup reg-reg] _123845_/Q -> _123513_/D : -6.228831
[setup reg-reg] _123471_/Q -> _123131_/D : -6.210453
[setup reg-reg] _122723_/Q -> _122385_/D : -6.196356
[setup reg-reg] _122540_/Q -> _122482_/D : -6.194842
[setup reg-reg] _123287_/Q -> _122952_/D : -6.140315
[setup reg-reg] _122918_/Q -> _122859_/D : -6.138084
[setup reg-reg] _122440_/Q -> _122102_/D : -6.114998
[setup reg-reg] _122440_/Q -> _122105_/D : -6.111929
[setup reg-reg] _122492_/Q -> _122434_/D : -6.107708
[setup reg-reg] _122492_/Q -> _122433_/D : -6.082879
[setup reg-reg] _122589_/Q -> _122529_/D : -6.057768
[setup reg-reg] _122540_/Q -> _122478_/D : -6.027250
[setup reg-reg] _122540_/Q -> _122481_/D : -6.026380
[setup reg-reg] _126398_/Q -> _123984_/D : -6.021175
[setup reg-reg] _122440_/Q -> _122106_/D : -6.000061
[setup reg-reg] _122580_/Q -> _122250_/D : -5.997539
[setup reg-reg] _122580_/Q -> _122249_/D : -5.995432
[setup reg-reg] _122821_/Q -> _122763_/D : -5.985008
[setup in-reg] wbs_adr_i[5] -> _124198_/D : -5.971305
[setup reg-reg] _122868_/Q -> _122805_/D : -5.960924
[setup reg-reg] _122540_/Q -> _122477_/D : -5.960914
[setup in-reg] wbs_adr_i[5] -> _124194_/D : -5.951151
[setup reg-reg] _123052_/Q -> _122715_/D : -5.923646
[setup reg-reg] _122918_/Q -> _122856_/D : -5.921713
[setup reg-reg] _122911_/Q -> _122579_/D : -5.918952
[setup reg-reg] _122868_/Q -> _122811_/D : -5.910931
[setup reg-reg] _122589_/Q -> _122525_/D : -5.905271
[setup reg-reg] _122911_/Q -> _122577_/D : -5.901768
[setup reg-reg] _122492_/Q -> _122432_/D : -5.893640
[setup reg-reg] _123345_/Q -> _123282_/D : -5.893416
[setup reg-reg] _123296_/Q -> _123224_/D : -5.887874
[setup reg-reg] _122580_/Q -> _122248_/D : -5.883535
[setup reg-reg] _126337_/Q -> _123002_/D : -5.879162
[setup reg-reg] _123624_/Q -> _123562_/D : -5.877865
[setup reg-reg] _122821_/Q -> _122762_/D : -5.877414
[setup reg-reg] _123471_/Q -> _123133_/D : -5.871716
[setup reg-reg] _122395_/Q -> _122054_/D : -5.855618
[setup reg-reg] _122440_/Q -> _122101_/D : -5.847444
[setup reg-reg] _122262_/Q -> _122203_/D : -5.835560
[setup reg-reg] _122868_/Q -> _122808_/D : -5.822951
[setup reg-reg] _122723_/Q -> _122378_/D : -5.817967
[setup reg-reg] _123345_/Q -> _123280_/D : -5.804154
[setup reg-reg] _122723_/Q -> _122387_/D : -5.788614
[setup reg-reg] _123764_/Q -> _123705_/D : -5.782436
[setup reg-reg] _122868_/Q -> _122809_/D : -5.752049
[setup reg-reg] _123764_/Q -> _123703_/D : -5.742713
[setup reg-reg] _123845_/Q -> _123512_/D : -5.739683
[setup in-reg] wbs_adr_i[5] -> _124190_/D : -5.738027
[setup reg-reg] _122918_/Q -> _122855_/D : -5.731398
[setup reg-reg] _122012_/Q -> _121681_/D : -5.730165
[setup reg-reg] _126398_/Q -> _123985_/D : -5.698272
[setup reg-reg] _122395_/Q -> _122057_/D : -5.698038
[setup reg-reg] _122395_/Q -> _122056_/D : -5.692236
[setup reg-reg] _122911_/Q -> _122576_/D : -5.669659
[setup reg-reg] _126398_/Q -> _123987_/D : -5.668955
[setup reg-reg] _122580_/Q -> _122246_/D : -5.649707
[setup in-reg] wbs_adr_i[5] -> _124193_/D : -5.647582
[setup reg-reg] _123052_/Q -> _122712_/D : -5.622123
[setup reg-reg] _123052_/Q -> _122714_/D : -5.604836
[setup reg-reg] _123471_/Q -> _123129_/D : -5.597574
[setup reg-reg] _126406_/Q -> _123939_/D : -5.589552
[setup reg-reg] _122492_/Q -> _122431_/D : -5.570204
[setup reg-reg] _122580_/Q -> _122245_/D : -5.553837
[setup reg-reg] _123624_/Q -> _123563_/D : -5.550710
[setup reg-reg] _122440_/Q -> _122103_/D : -5.543118
[setup reg-reg] _122723_/Q -> _122384_/D : -5.541519
[setup reg-reg] _122580_/Q -> _122247_/D : -5.537345
[setup reg-reg] _122262_/Q -> _122198_/D : -5.524967
[setup reg-reg] _122963_/Q -> _122624_/D : -5.515222
[setup reg-reg] _123151_/Q -> _123088_/D : -5.500678
[setup reg-reg] _122395_/Q -> _122059_/D : -5.499725
[setup reg-reg] _122012_/Q -> _121683_/D : -5.493739
[setup reg-reg] _122821_/Q -> _122755_/D : -5.480654
[setup reg-reg] _122395_/Q -> _122053_/D : -5.471090
[setup reg-reg] _122723_/Q -> _122382_/D : -5.449426
[setup reg-reg] _126429_/Q -> _123839_/D : -5.449263
[setup reg-reg] _122963_/Q -> _122621_/D : -5.440860
[setup reg-reg] _123519_/Q -> _123186_/D : -5.440796
[setup reg-reg] _122821_/Q -> _122759_/D : -5.439486
[setup reg-reg] _123764_/Q -> _123707_/D : -5.419398
[setup reg-reg] _122346_/Q -> _122009_/D : -5.383917
[setup reg-reg] _123296_/Q -> _123228_/D : -5.383207
[setup reg-reg] _123151_/Q -> _123089_/D : -5.382429
[setup reg-reg] _123345_/Q -> _123281_/D : -5.375565
[setup reg-reg] _126337_/Q -> _123001_/D : -5.369415
[setup reg-reg] _122262_/Q -> _122202_/D : -5.368193
[setup reg-reg] _122868_/Q -> _122810_/D : -5.360441
[setup reg-reg] _122821_/Q -> _122761_/D : -5.351293
[setup reg-reg] _122589_/Q -> _122528_/D : -5.348660
[setup reg-reg] _122918_/Q -> _122854_/D : -5.343690
[setup reg-reg] _123296_/Q -> _123223_/D : -5.340120
[setup reg-reg] _123804_/Q -> _123467_/D : -5.328659
[setup reg-reg] _122540_/Q -> _122473_/D : -5.306870
[setup reg-reg] _123345_/Q -> _123278_/D : -5.306134
[setup reg-reg] _122821_/Q -> _122757_/D : -5.299956
[setup reg-reg] _126429_/Q -> _123843_/D : -5.299349
[setup reg-reg] _122395_/Q -> _122058_/D : -5.297228
[setup reg-reg] _122012_/Q -> _121678_/D : -5.292343
[setup reg-reg] _122821_/Q -> _122758_/D : -5.292229
[setup reg-reg] _122821_/Q -> _122754_/D : -5.279883
[setup reg-reg] _123238_/Q -> _122903_/D : -5.278796
[setup reg-reg] _122723_/Q -> _122380_/D : -5.278324
[setup reg-reg] _122580_/Q -> _122251_/D : -5.269783
[setup reg-reg] _123151_/Q -> _123091_/D : -5.253952
[setup reg-reg] _122262_/Q -> _122197_/D : -5.244260
[setup reg-reg] _122440_/Q -> _122095_/D : -5.238938
[setup reg-reg] _123052_/Q -> _122713_/D : -5.237922
[setup reg-reg] _122723_/Q -> _122381_/D : -5.236920
[setup reg-reg] _123052_/Q -> _122711_/D : -5.234885
[setup reg-reg] _126413_/Q -> _123938_/D : -5.232135
[setup reg-reg] _126429_/Q -> _123840_/D : -5.224596
[setup reg-reg] _122918_/Q -> _122853_/D : -5.224500
[setup reg-reg] _126429_/Q -> _123836_/D : -5.217192
[setup reg-reg] _123845_/Q -> _123510_/D : -5.215522
[setup reg-reg] _122440_/Q -> _122104_/D : -5.215011
[setup reg-reg] _122492_/Q -> _122430_/D : -5.165308
[setup reg-reg] _122821_/Q -> _122760_/D : -5.148081
[setup in-reg] wbs_adr_i[5] -> _124191_/D : -5.117905
[setup reg-reg] _122963_/Q -> _122627_/D : -5.113659
[setup reg-reg] _122012_/Q -> _121680_/D : -5.113197
[setup reg-reg] _123764_/Q -> _123704_/D : -5.073385
[setup reg-reg] _126337_/Q -> _122999_/D : -5.065946
[setup reg-reg] _122963_/Q -> _122625_/D : -5.050097
[setup reg-reg] _122395_/Q -> _122052_/D : -5.040260
[setup reg-reg] _123345_/Q -> _123277_/D : -5.038150
[setup reg-reg] _122492_/Q -> _122429_/D : -5.037361
[setup reg-reg] _122395_/Q -> _122055_/D : -5.025154
[setup reg-reg] _126337_/Q -> _123003_/D : -5.018574
[setup reg-reg] _123764_/Q -> _123702_/D : -5.014318
[setup reg-reg] _123624_/Q -> _123560_/D : -5.011163
[setup reg-reg] _122963_/Q -> _122623_/D : -5.000335
[setup reg-reg] _126326_/Q -> _123379_/D : -4.995588
[setup reg-reg] _126429_/Q -> _123834_/D : -4.986206
[setup reg-reg] _122262_/Q -> _122201_/D : -4.985381
[setup reg-reg] _123624_/Q -> _123558_/D : -4.980940
[setup reg-reg] _123052_/Q -> _122703_/D : -4.978276
[setup reg-reg] _123804_/Q -> _123464_/D : -4.964605
[setup reg-reg] _122723_/Q -> _122379_/D : -4.959670
[setup reg-reg] _123804_/Q -> _123465_/D : -4.956839
[setup reg-reg] _126429_/Q -> _123842_/D : -4.951080
[setup reg-reg] _126429_/Q -> _123841_/D : -4.920782
[setup reg-reg] _123519_/Q -> _123185_/D : -4.918569
[setup reg-reg] _123804_/Q -> _123466_/D : -4.915787
[setup reg-reg] _122540_/Q -> _122470_/D : -4.915762
[setup reg-reg] _122868_/Q -> _122806_/D : -4.913456
[setup reg-reg] _122821_/Q -> _122753_/D : -4.912384
[setup reg-reg] _122012_/Q -> _121682_/D : -4.906685
[setup reg-reg] _123151_/Q -> _123087_/D : -4.901750
[setup reg-reg] _122440_/Q -> _122094_/D : -4.901732
[setup reg-reg] _122963_/Q -> _122626_/D : -4.878313
[setup reg-reg] _123624_/Q -> _123561_/D : -4.867442
[setup reg-reg] _122580_/Q -> _122244_/D : -4.848470
[setup reg-reg] _123151_/Q -> _123083_/D : -4.842388
[setup reg-reg] _122395_/Q -> _122047_/D : -4.837755
[setup reg-reg] _122012_/Q -> _121677_/D : -4.823655
[setup reg-reg] _122589_/Q -> _122523_/D : -4.822660
[setup reg-reg] _126429_/Q -> _123838_/D : -4.800466
[setup reg-reg] _123764_/Q -> _123701_/D : -4.790550
[setup reg-reg] _122540_/Q -> _122474_/D : -4.789754
[setup reg-reg] _122440_/Q -> _122093_/D : -4.787232
[setup reg-reg] _122821_/Q -> _122756_/D : -4.784049
[setup reg-reg] _122262_/Q -> _122199_/D : -4.771970
[setup reg-reg] _122723_/Q -> _122383_/D : -4.770158
[setup reg-reg] _123345_/Q -> _123279_/D : -4.766196
[setup reg-reg] _126429_/Q -> _123837_/D : -4.765816
[setup reg-reg] _122723_/Q -> _122375_/D : -4.762125
[setup reg-reg] _122440_/Q -> _122098_/D : -4.760452
[setup reg-reg] _122395_/Q -> _122049_/D : -4.759066
[setup reg-reg] _122589_/Q -> _122527_/D : -4.758327
[setup reg-reg] _123519_/Q -> _123187_/D : -4.756920
[setup reg-reg] _123719_/Q -> _123651_/D : -4.753947
[setup reg-reg] _123151_/Q -> _123090_/D : -4.750692
[setup reg-reg] _126429_/Q -> _123833_/D : -4.746959
[setup reg-reg] _122821_/Q -> _122751_/D : -4.731462
[setup reg-reg] _123052_/Q -> _122710_/D : -4.727145
[setup reg-reg] _123624_/Q -> _123555_/D : -4.709833
[setup reg-reg] _126337_/Q -> _122998_/D : -4.708621
[setup reg-reg] _123052_/Q -> _122705_/D : -4.708074
[setup reg-reg] _123804_/Q -> _123463_/D : -4.696048
[setup reg-reg] _122589_/Q -> _122522_/D : -4.694801
[setup reg-reg] _122262_/Q -> _122195_/D : -4.692218
[setup reg-reg] _124182_/Q -> _122847_/D : -4.686115
[setup reg-reg] _122395_/Q -> _122051_/D : -4.677634
[setup reg-reg] _122012_/Q -> _121679_/D : -4.668550
[setup reg-reg] _123052_/Q -> _122707_/D : -4.666930
[setup reg-reg] _122918_/Q -> _122852_/D : -4.661196
[setup reg-reg] _126413_/Q -> _123936_/D : -4.638452
[setup reg-reg] _122262_/Q -> _122200_/D : -4.614339
[setup reg-reg] _123296_/Q -> _123221_/D : -4.591073
[setup reg-reg] _123238_/Q -> _122901_/D : -4.578954
[setup reg-reg] _122540_/Q -> _122469_/D : -4.577114
[setup reg-reg] _124092_/Q -> _124032_/D : -4.572400
[setup reg-reg] _122963_/Q -> _122622_/D : -4.572361
[setup reg-reg] _126326_/Q -> _123376_/D : -4.569180
[setup reg-reg] _122492_/Q -> _122428_/D : -4.549271
[setup reg-reg] _123395_/Q -> _123330_/D : -4.548340
[setup reg-reg] _126337_/Q -> _122997_/D : -4.511833
[setup reg-reg] _123948_/Q -> _123885_/D : -4.506809
[setup reg-reg] _126337_/Q -> _122991_/D : -4.505474
[setup reg-reg] _123345_/Q -> _123275_/D : -4.478913
[setup reg-reg] _122868_/Q -> _122799_/D : -4.458283
[setup reg-reg] _122492_/Q -> _122422_/D : -4.448545
[setup reg-reg] _122868_/Q -> _122802_/D : -4.446701
[setup reg-reg] _123052_/Q -> _122709_/D : -4.433822
[setup reg-reg] _123719_/Q -> _123658_/D : -4.433687
[setup reg-reg] _123052_/Q -> _122702_/D : -4.430078
[setup reg-reg] _122868_/Q -> _122804_/D : -4.428454
[setup in-reg] wbs_adr_i[5] -> _124188_/D : -4.428351
[setup reg-reg] _122868_/Q -> _122807_/D : -4.419636
[setup reg-reg] _123804_/Q -> _123462_/D : -4.414517
[setup reg-reg] _122723_/Q -> _122377_/D : -4.408357
[setup reg-reg] _123804_/Q -> _123459_/D : -4.405180
[setup reg-reg] _123624_/Q -> _123559_/D : -4.397378
[setup reg-reg] _123948_/Q -> _123888_/D : -4.394331
[setup reg-reg] _123804_/Q -> _123460_/D : -4.375014
[setup reg-reg] _123948_/Q -> _123887_/D : -4.373899
[setup reg-reg] _122440_/Q -> _122097_/D : -4.368378
[setup reg-reg] _124092_/Q -> _124033_/D : -4.362601
[setup reg-reg] _122540_/Q -> _122471_/D : -4.360707
[setup reg-reg] _123151_/Q -> _123082_/D : -4.354501
[setup reg-reg] _124092_/Q -> _124035_/D : -4.353126
[setup reg-reg] _122589_/Q -> _122526_/D : -4.338567
[setup reg-reg] _124182_/Q -> _122846_/D : -4.334733
[setup reg-reg] _126326_/Q -> _123372_/D : -4.329337
[setup in-reg] wbs_adr_i[5] -> _124195_/D : -4.306195
[setup reg-reg] _126337_/Q -> _122995_/D : -4.304223
[setup reg-reg] _126326_/Q -> _123378_/D : -4.299171
[setup reg-reg] _123948_/Q -> _123882_/D : -4.298101
[setup reg-reg] _123624_/Q -> _123554_/D : -4.297174
[setup reg-reg] _122262_/Q -> _122196_/D : -4.296091
[setup reg-reg] _122918_/Q -> _122851_/D : -4.286360
[setup reg-reg] _123287_/Q -> _122948_/D : -4.279926
[setup reg-reg] _123948_/Q -> _123891_/D : -4.279414
[setup reg-reg] _126326_/Q -> _123377_/D : -4.272611
[setup reg-reg] _123719_/Q -> _123649_/D : -4.268365
[setup reg-reg] _123764_/Q -> _123706_/D : -4.257139
[setup reg-reg] _123804_/Q -> _123461_/D : -4.243859
[setup in-reg] wbs_adr_i[3] -> _124189_/D : -4.237905
[setup reg-reg] _122440_/Q -> _122100_/D : -4.229079
[setup reg-reg] _122395_/Q -> _122046_/D : -4.217107
[setup reg-reg] _122346_/Q -> _122008_/D : -4.216599
[setup reg-reg] _123052_/Q -> _122706_/D : -4.215092
[setup reg-reg] _123287_/Q -> _122950_/D : -4.202452
[setup reg-reg] _123052_/Q -> _122708_/D : -4.196657
[setup reg-reg] _122012_/Q -> _121675_/D : -4.183601
[setup reg-reg] _122346_/Q -> _122011_/D : -4.180258
[setup reg-reg] _122486_/Q -> _122154_/D : -4.174552
[setup reg-reg] _124092_/Q -> _124029_/D : -4.169955
[setup reg-reg] _122580_/Q -> _122239_/D : -4.156902
[setup reg-reg] _123238_/Q -> _122900_/D : -4.124786
[setup reg-reg] _122395_/Q -> _122050_/D : -4.107360
[setup reg-reg] _122911_/Q -> _122575_/D : -4.091732
[setup reg-reg] _122012_/Q -> _121671_/D : -4.088509
[setup reg-reg] _123345_/Q -> _123274_/D : -4.080924
[setup reg-reg] _122440_/Q -> _122099_/D : -4.076021
[setup reg-reg] _124092_/Q -> _124034_/D : -4.074735
[setup reg-reg] _123471_/Q -> _123128_/D : -4.066376
[setup reg-reg] _122262_/Q -> _122194_/D : -4.044044
[setup reg-reg] _122628_/Q -> _122299_/D : -4.039319
[setup reg-reg] _122589_/Q -> _122518_/D : -4.037183
[setup reg-reg] _122346_/Q -> _122007_/D : -4.035367
[setup reg-reg] _122911_/Q -> _122574_/D : -4.034888
[setup reg-reg] _123395_/Q -> _123331_/D : -4.028604
[setup reg-reg] _122583_/Q -> _122242_/D : -4.023054
[setup reg-reg] _121964_/Q -> _121635_/D : -4.019473
[setup reg-reg] _123948_/Q -> _123890_/D : -4.018446
[setup reg-reg] _126429_/Q -> _123835_/D : -4.005479
[setup reg-reg] _123151_/Q -> _123085_/D : -4.004225
[setup reg-reg] _124182_/Q -> _122845_/D : -3.998096
[setup reg-reg] _123719_/Q -> _123657_/D : -3.992813
[setup reg-reg] _122067_/Q -> _121731_/D : -3.981448
[setup reg-reg] _123296_/Q -> _123222_/D : -3.968353
[setup reg-reg] _126337_/Q -> _123000_/D : -3.964107
[setup in-reg] wbs_adr_i[5] -> _124196_/D : -3.962235
[setup reg-reg] _126326_/Q -> _123375_/D : -3.962075
[setup reg-reg] _126337_/Q -> _122994_/D : -3.958402
[setup reg-reg] _123948_/Q -> _123886_/D : -3.951410
[setup reg-reg] _122486_/Q -> _122151_/D : -3.947136
[setup reg-reg] _122540_/Q -> _122475_/D : -3.946159
[setup reg-reg] _123238_/Q -> _122902_/D : -3.930062
[setup reg-reg] _122580_/Q -> _122241_/D : -3.925518
[setup reg-reg] _123804_/Q -> _123458_/D : -3.918721
[setup reg-reg] _122821_/Q -> _122752_/D : -3.915112
[setup reg-reg] _123852_/Q -> _123801_/D : -3.899444
[setup in-reg] wbs_adr_i[5] -> _124187_/D : -3.898812
[setup reg-reg] _123471_/Q -> _123134_/D : -3.895895
[setup reg-reg] _122963_/Q -> _122620_/D : -3.894727
[setup reg-reg] _122346_/Q -> _122010_/D : -3.886829
[setup reg-reg] _122012_/Q -> _121674_/D : -3.882001
[setup reg-reg] _122963_/Q -> _122619_/D : -3.873247
[setup reg-reg] _123852_/Q -> _123797_/D : -3.866880
[setup reg-reg] _123287_/Q -> _122947_/D : -3.865555
[setup reg-reg] _122723_/Q -> _122374_/D : -3.863836
[setup reg-reg] _123004_/Q -> _122675_/D : -3.863452
[setup reg-reg] _122395_/Q -> _122045_/D : -3.858606
[setup reg-reg] _121588_/Q -> _121306_/D : -3.850477
[setup reg-reg] _122492_/Q -> _122427_/D : -3.850463
[setup reg-reg] _123668_/Q -> _123604_/D : -3.848669
[setup reg-reg] _122628_/Q -> _122297_/D : -3.847173
[setup reg-reg] _122821_/Q -> _122750_/D : -3.827136
[setup reg-reg] _122067_/Q -> _121730_/D : -3.824180
[setup reg-reg] _126326_/Q -> _123374_/D : -3.804978
[setup reg-reg] _122580_/Q -> _122243_/D : -3.797972
[setup reg-reg] _123624_/Q -> _123557_/D : -3.786283
[setup reg-reg] _126337_/Q -> _122996_/D : -3.783274
[setup reg-reg] _122115_/Q -> _121777_/D : -3.778713
[setup reg-reg] _121889_/Q -> _121827_/D : -3.770332
[setup reg-reg] _123385_/Q -> _123051_/D : -3.751740
[setup in-reg] wbs_adr_i[3] -> _124184_/D : -3.750248
[setup reg-reg] _123052_/Q -> _122701_/D : -3.747008
[setup reg-reg] _123948_/Q -> _123889_/D : -3.735817
[setup reg-reg] _122868_/Q -> _122797_/D : -3.728975
[setup reg-reg] _122821_/Q -> _122749_/D : -3.728626
[setup reg-reg] _122918_/Q -> _122850_/D : -3.723386
[setup reg-reg] _126326_/Q -> _123373_/D : -3.714380
[setup reg-reg] _124084_/Q -> _123755_/D : -3.712156
[setup reg-reg] _122540_/Q -> _122472_/D : -3.703573
[setup reg-reg] _123519_/Q -> _123174_/D : -3.700294
[setup reg-reg] _122868_/Q -> _122800_/D : -3.697085
[setup reg-reg] _123719_/Q -> _123646_/D : -3.686172
[setup in-reg] wbs_adr_i[5] -> _124213_/D : -3.675741
[setup in-reg] wbs_adr_i[5] -> _124197_/D : -3.670625
[setup reg-reg] _123668_/Q -> _123603_/D : -3.663857
[setup reg-reg] _122868_/Q -> _122798_/D : -3.663484
[setup reg-reg] _123287_/Q -> _122949_/D : -3.660656
[setup reg-reg] _121964_/Q -> _121634_/D : -3.652431
[setup reg-reg] _123471_/Q -> _123127_/D : -3.649227
[setup reg-reg] _122067_/Q -> _121725_/D : -3.645127
[setup reg-reg] _121964_/Q -> _121631_/D : -3.643006
[setup reg-reg] _123852_/Q -> _123803_/D : -3.641897
[setup reg-reg] _124092_/Q -> _124031_/D : -3.639130
[setup reg-reg] _122012_/Q -> _121672_/D : -3.638526
[setup reg-reg] _122492_/Q -> _122423_/D : -3.627520
[setup reg-reg] _123852_/Q -> _123802_/D : -3.626951
[setup reg-reg] _124229_/Q -> _124128_/D : -3.625441
[setup reg-reg] _123395_/Q -> _123322_/D : -3.622461
[setup reg-reg] _126413_/Q -> _123937_/D : -3.619683
[setup reg-reg] _122911_/Q -> _122573_/D : -3.616520
[setup reg-reg] _123345_/Q -> _123273_/D : -3.605095
[setup reg-reg] _122589_/Q -> _122524_/D : -3.604356
[setup reg-reg] _122486_/Q -> _122155_/D : -3.593037
[setup in-reg] wbs_adr_i[5] -> _124206_/D : -3.562501
[setup reg-reg] _124092_/Q -> _124030_/D : -3.562356
[setup reg-reg] _123287_/Q -> _122945_/D : -3.557297
[setup reg-reg] _122254_/Q -> _121922_/D : -3.555805
[setup reg-reg] _122262_/Q -> _122191_/D : -3.545189
[setup reg-reg] _122628_/Q -> _122298_/D : -3.538268
[setup reg-reg] _123151_/Q -> _123081_/D : -3.530598
[setup reg-reg] _123151_/Q -> _123086_/D : -3.519755
[setup reg-reg] _122440_/Q -> _122096_/D : -3.517162
[setup reg-reg] _123852_/Q -> _123796_/D : -3.507857
[setup reg-reg] _121348_/Q -> _121346_/D : -3.501466
[setup reg-reg] _122583_/Q -> _122238_/D : -3.492208
[setup reg-reg] _121889_/Q -> _121824_/D : -3.478029
[setup reg-reg] _121388_/Q -> _121387_/D : -3.475588
[setup reg-reg] _122589_/Q -> _122521_/D : -3.474710
[setup in-reg] wbs_adr_i[5] -> _124204_/D : -3.470873
[setup reg-reg] _123852_/Q -> _123800_/D : -3.459210
[setup reg-reg] _123719_/Q -> _123656_/D : -3.435844
[setup reg-reg] _126337_/Q -> _122993_/D : -3.419704
[setup reg-reg] _123764_/Q -> _123699_/D : -3.415512
[setup reg-reg] _123719_/Q -> _123659_/D : -3.414250
[setup reg-reg] _121889_/Q -> _121822_/D : -3.408239
[setup reg-reg] _123719_/Q -> _123655_/D : -3.398164
[setup reg-reg] _123804_/Q -> _123457_/D : -3.395922
[setup reg-reg] _122580_/Q -> _122237_/D : -3.394760
[setup reg-reg] _123385_/Q -> _123049_/D : -3.389055
[setup reg-reg] _123395_/Q -> _123323_/D : -3.379082
[setup reg-reg] _123948_/Q -> _123883_/D : -3.374918
[setup reg-reg] _121388_/Q -> _121383_/D : -3.322306
[setup reg-reg] _122486_/Q -> _122153_/D : -3.322200
[setup reg-reg] _123395_/Q -> _123327_/D : -3.319268
[setup reg-reg] _122492_/Q -> _122426_/D : -3.319084
[setup reg-reg] _122397_/Q -> _122339_/D : -3.318611
[setup reg-reg] _123004_/Q -> _122674_/D : -3.316817
[setup reg-reg] _122723_/Q -> _122373_/D : -3.310625
[setup reg-reg] _121964_/Q -> _121627_/D : -3.307491
[setup in-reg] wbs_adr_i[5] -> _124205_/D : -3.298492
[setup reg-reg] _123668_/Q -> _123602_/D : -3.298023
[setup reg-reg] _122492_/Q -> _122425_/D : -3.291380
[setup reg-reg] _123845_/Q -> _123509_/D : -3.280878
[setup reg-reg] _123471_/Q -> _123132_/D : -3.276501
[setup reg-reg] _121889_/Q -> _121821_/D : -3.274440
[setup reg-reg] _123519_/Q -> _123177_/D : -3.273172
[setup reg-reg] _121889_/Q -> _121819_/D : -3.271037
[setup reg-reg] _121471_/Q -> _121466_/D : -3.268998
[setup reg-reg] _122115_/Q -> _121776_/D : -3.256524
[setup reg-reg] _123852_/Q -> _123799_/D : -3.252534
[setup reg-reg] _123852_/Q -> _123791_/D : -3.239752
[setup reg-reg] _123756_/Q -> _123427_/D : -3.236625
[setup reg-reg] _124084_/Q -> _123754_/D : -3.232682
[setup reg-reg] _124092_/Q -> _124027_/D : -3.231975
[setup reg-reg] _122486_/Q -> _122148_/D : -3.225630
[setup reg-reg] _122012_/Q -> _121669_/D : -3.225008
[setup reg-reg] _122486_/Q -> _122152_/D : -3.218062
[setup reg-reg] _121388_/Q -> _121378_/D : -3.215234
[setup reg-reg] _122397_/Q -> _122335_/D : -3.208960
[setup reg-reg] _122067_/Q -> _121729_/D : -3.202622
[setup reg-reg] _121964_/Q -> _121633_/D : -3.199094
[setup reg-reg] _121889_/Q -> _121826_/D : -3.192721
[setup reg-reg] _121388_/Q -> _121386_/D : -3.184258
[setup reg-reg] _124084_/Q -> _123752_/D : -3.181377
[setup reg-reg] _123764_/Q -> _123700_/D : -3.181015
[setup reg-reg] _122067_/Q -> _121727_/D : -3.178514
[setup reg-reg] _122589_/Q -> _122520_/D : -3.178418
[setup reg-reg] _122868_/Q -> _122801_/D : -3.177952
[setup reg-reg] _122067_/Q -> _121723_/D : -3.168360
[setup reg-reg] _122723_/Q -> _122372_/D : -3.167699
[setup reg-reg] _122397_/Q -> _122331_/D : -3.153254
[setup reg-reg] _122071_/Q -> _122006_/D : -3.149427
[setup reg-reg] _121644_/Q -> _121587_/D : -3.149268
[setup reg-reg] _121644_/Q -> _121584_/D : -3.140336
[setup reg-reg] _123296_/Q -> _123220_/D : -3.140045
[setup reg-reg] _122397_/Q -> _122338_/D : -3.135384
[setup reg-reg] _122486_/Q -> _122150_/D : -3.125148
[setup reg-reg] _123852_/Q -> _123792_/D : -3.116973
[setup reg-reg] _123764_/Q -> _123698_/D : -3.109584
[setup in-reg] wb_rst_i -> _125620_/D : -3.107672
[setup reg-reg] _123296_/Q -> _123219_/D : -3.102045
[setup reg-reg] _123668_/Q -> _123601_/D : -3.091572
[setup reg-reg] _121348_/Q -> _121345_/D : -3.091330
[setup in-reg] wbs_adr_i[5] -> _124207_/D : -3.086527
[setup reg-reg] _121269_/Q -> _121258_/D : -3.085560
[setup reg-reg] _122302_/Q -> _121960_/D : -3.078199
[setup reg-reg] _122254_/Q -> _121919_/D : -3.077673
[setup reg-reg] _121388_/Q -> _121381_/D : -3.077137
[setup in-reg] wbs_adr_i[5] -> _124209_/D : -3.068735
[setup reg-reg] _123756_/Q -> _123423_/D : -3.061228
[setup in-reg] wbs_adr_i[5] -> _124200_/D : -3.052442
[setup reg-reg] _122115_/Q -> _121778_/D : -3.033300
[setup reg-reg] _126398_/Q -> _123983_/D : -3.027385
[setup reg-reg] _123852_/Q -> _123795_/D : -3.026230
[setup reg-reg] _121964_/Q -> _121626_/D : -3.022752
[setup reg-reg] _121889_/Q -> _121825_/D : -3.021633
[setup reg-reg] _122440_/Q -> _122092_/D : -3.018005
[setup reg-reg] _123238_/Q -> _122898_/D : -3.015497
[setup reg-reg] _121964_/Q -> _121629_/D : -3.011369
[setup reg-reg] _123719_/Q -> _123653_/D : -3.002072
[setup in-reg] wb_rst_i -> _125656_/D : -2.993605
[setup reg-reg] _124229_/Q -> _124129_/D : -2.991822
[setup reg-reg] _123719_/Q -> _123647_/D : -2.989733
[setup reg-reg] _122262_/Q -> _122192_/D : -2.982056
[setup reg-reg] _122395_/Q -> _122048_/D : -2.981100
[setup reg-reg] _121889_/Q -> _121818_/D : -2.978531
[setup in-reg] wbs_adr_i[5] -> _124202_/D : -2.970374
[setup reg-reg] _122115_/Q -> _121779_/D : -2.961066
[setup reg-reg] _123004_/Q -> _122673_/D : -2.960327
[setup reg-reg] _123852_/Q -> _123798_/D : -2.957030
[setup reg-reg] _122012_/Q -> _121673_/D : -2.955169
[setup in-reg] wbs_adr_i[5] -> _124214_/D : -2.954657
[setup reg-reg] _124084_/Q -> _123751_/D : -2.953094
[setup reg-reg] _123756_/Q -> _123415_/D : -2.950394
[setup reg-reg] _123395_/Q -> _123329_/D : -2.947342
[setup reg-reg] _122302_/Q -> _121963_/D : -2.945125
[setup reg-reg] _121964_/Q -> _121630_/D : -2.942997
[setup reg-reg] _121471_/Q -> _121467_/D : -2.939831
[setup reg-reg] _122067_/Q -> _121726_/D : -2.936535
[setup reg-reg] _121269_/Q -> _121267_/D : -2.936343
[setup reg-reg] _123287_/Q -> _122944_/D : -2.930165
[setup reg-reg] _121388_/Q -> _121384_/D : -2.927784
[setup reg-reg] _123852_/Q -> _123790_/D : -2.921119
[setup reg-reg] _123624_/Q -> _123553_/D : -2.921062
[setup reg-reg] _123756_/Q -> _123424_/D : -2.919478
[setup reg-reg] _121388_/Q -> _121382_/D : -2.917002
[setup reg-reg] _121644_/Q -> _121586_/D : -2.915812
[setup reg-reg] _121588_/Q -> _121307_/D : -2.914888
[setup reg-reg] _122115_/Q -> _121773_/D : -2.911733
[setup reg-reg] _123519_/Q -> _123179_/D : -2.902446
[setup reg-reg] _122067_/Q -> _121720_/D : -2.895980
[setup reg-reg] _121269_/Q -> _121257_/D : -2.895206
[setup reg-reg] _126406_/Q -> _123930_/D : -2.894996
[setup reg-reg] _122346_/Q -> _122005_/D : -2.888839
[setup reg-reg] _121964_/Q -> _121625_/D : -2.886317
[setup in-reg] wbs_adr_i[5] -> _124199_/D : -2.885734
[setup in-reg] wbs_adr_i[5] -> _124201_/D : -2.864095
[setup reg-reg] _123624_/Q -> _123556_/D : -2.859412
[setup reg-reg] _122067_/Q -> _121728_/D : -2.853572
[setup reg-reg] _122254_/Q -> _121920_/D : -2.853184
[setup reg-reg] _123943_/Q -> _123599_/D : -2.844800
[setup reg-reg] _123004_/Q -> _122671_/D : -2.836906
[setup reg-reg] _124092_/Q -> _124026_/D : -2.835222
[setup reg-reg] _123852_/Q -> _123789_/D : -2.833666
[setup reg-reg] _122723_/Q -> _122376_/D : -2.828649
[setup reg-reg] _122262_/Q -> _122189_/D : -2.820393
[setup reg-reg] _122067_/Q -> _121722_/D : -2.815000
[setup reg-reg] _121964_/Q -> _121632_/D : -2.813771
[setup reg-reg] _123852_/Q -> _123793_/D : -2.800334
[setup reg-reg] _121348_/Q -> _121344_/D : -2.798309
[setup reg-reg] _123764_/Q -> _123695_/D : -2.797549
[setup reg-reg] _121388_/Q -> _121385_/D : -2.794287
[setup reg-reg] _122254_/Q -> _121923_/D : -2.793922
[setup reg-reg] _121471_/Q -> _121465_/D : -2.787889
[setup reg-reg] _123471_/Q -> _123125_/D : -2.787836
[setup reg-reg] _122302_/Q -> _121955_/D : -2.786791
[setup reg-reg] _122963_/Q -> _122618_/D : -2.786212
[setup reg-reg] _122397_/Q -> _122337_/D : -2.781107
[setup reg-reg] _123852_/Q -> _123794_/D : -2.777561
[setup reg-reg] _123756_/Q -> _123419_/D : -2.777178
[setup in-reg] wbs_adr_i[5] -> _124210_/D : -2.774374
[setup reg-reg] _122963_/Q -> _122615_/D : -2.771344
[setup reg-reg] _121644_/Q -> _121580_/D : -2.770257
[setup reg-reg] _122254_/Q -> _121918_/D : -2.769596
[setup reg-reg] _123345_/Q -> _123276_/D : -2.768484
[setup reg-reg] _121646_/Q -> _121578_/D : -2.757041
[setup reg-reg] _122302_/Q -> _121962_/D : -2.745082
[setup reg-reg] _121471_/Q -> _121462_/D : -2.730108
[setup in-reg] wbs_adr_i[5] -> _124215_/D : -2.721048
[setup reg-reg] _126337_/Q -> _122992_/D : -2.720796
[setup reg-reg] _123756_/Q -> _123421_/D : -2.718789
[setup reg-reg] _124229_/Q -> _124131_/D : -2.717403
[setup reg-reg] _122254_/Q -> _121921_/D : -2.710692
[setup reg-reg] _121735_/Q -> _121427_/D : -2.708063
[setup reg-reg] _121348_/Q -> _121347_/D : -2.702809
[setup reg-reg] _122012_/Q -> _121668_/D : -2.693227
[setup reg-reg] _121889_/Q -> _121823_/D : -2.692392
[setup reg-reg] _123151_/Q -> _123084_/D : -2.689152
[setup reg-reg] _121646_/Q -> _121577_/D : -2.686949
[setup reg-reg] _123345_/Q -> _123269_/D : -2.679563
[setup reg-reg] _123756_/Q -> _123426_/D : -2.670458
[setup in-reg] wbs_adr_i[5] -> _124211_/D : -2.665498
[setup reg-reg] _121471_/Q -> _121464_/D : -2.663107
[setup reg-reg] _123287_/Q -> _122943_/D : -2.662485
[setup reg-reg] _124052_/Q -> _124083_/D : -2.652396
[setup reg-reg] _122262_/Q -> _122193_/D : -2.649788
[setup reg-reg] _123052_/Q -> _122704_/D : -2.639933
[setup reg-reg] _124092_/Q -> _124023_/D : -2.635726
[setup reg-reg] _121471_/Q -> _121459_/D : -2.620311
[setup reg-reg] _121889_/Q -> _121812_/D : -2.615487
[setup reg-reg] _121964_/Q -> _121623_/D : -2.612868
[setup reg-reg] _122492_/Q -> _122424_/D : -2.608111
[setup reg-reg] _121889_/Q -> _121815_/D : -2.607898
[setup reg-reg] _126429_/Q -> _123829_/D : -2.605102
[setup reg-reg] _126358_/Q -> _121859_/D : -2.596927
[setup reg-reg] _121880_/Q -> _121547_/D : -2.594689
[setup reg-reg] _121471_/Q -> _121461_/D : -2.591559
[setup reg-reg] _123756_/Q -> _123425_/D : -2.590575
[setup reg-reg] _123395_/Q -> _123321_/D : -2.590046
[setup reg-reg] _126337_/Q -> _122989_/D : -2.588923
[setup reg-reg] _121269_/Q -> _121263_/D : -2.582624
[setup reg-reg] _124084_/Q -> _123753_/D : -2.581530
[setup reg-reg] _121644_/Q -> _121583_/D : -2.581196
[setup reg-reg] _121889_/Q -> _121817_/D : -2.579856
[setup reg-reg] _122115_/Q -> _121775_/D : -2.564665
[setup reg-reg] _124084_/Q -> _123744_/D : -2.564029
[setup reg-reg] _123345_/Q -> _123271_/D : -2.558679
[setup reg-reg] _123764_/Q -> _123697_/D : -2.551048
[setup reg-reg] _122012_/Q -> _121676_/D : -2.549424
[setup reg-reg] _122397_/Q -> _122334_/D : -2.547257
[setup reg-reg] _123719_/Q -> _123652_/D : -2.543349
[setup reg-reg] _123948_/Q -> _123879_/D : -2.541871
[setup in-reg] wbs_adr_i[3] -> _124208_/D : -2.538169
[setup reg-reg] _121646_/Q -> _121575_/D : -2.537558
[setup reg-reg] _123151_/Q -> _123079_/D : -2.526960
[setup reg-reg] _124084_/Q -> _123746_/D : -2.519826
[setup reg-reg] _121735_/Q -> _121426_/D : -2.517613
[setup reg-reg] _126398_/Q -> _123982_/D : -2.517449
[setup reg-reg] _121889_/Q -> _121820_/D : -2.514859
[setup reg-reg] _124084_/Q -> _123745_/D : -2.511662
[setup reg-reg] _123238_/Q -> _122896_/D : -2.510504
[setup reg-reg] _123948_/Q -> _123884_/D : -2.505871
[setup reg-reg] _122963_/Q -> _122617_/D : -2.505345
[setup reg-reg] _121269_/Q -> _121266_/D : -2.501295
[setup reg-reg] _124182_/Q -> _121233_/D : -2.499771
[setup reg-reg] _124084_/Q -> _123748_/D : -2.485834
[setup reg-reg] _126358_/Q -> _121871_/D : -2.482228
[setup reg-reg] _123668_/Q -> _123600_/D : -2.482150
[setup reg-reg] _123519_/Q -> _123183_/D : -2.475172
[setup reg-reg] _123287_/Q -> _122946_/D : -2.474796
[setup reg-reg] _122067_/Q -> _121721_/D : -2.474764
[setup reg-reg] _121889_/Q -> _121816_/D : -2.469872
[setup reg-reg] _126429_/Q -> _123831_/D : -2.469832
[setup reg-reg] _122067_/Q -> _121724_/D : -2.468202
[setup reg-reg] _122254_/Q -> _121917_/D : -2.466415
[setup reg-reg] _121646_/Q -> _121579_/D : -2.466042
[setup reg-reg] _124229_/Q -> _124130_/D : -2.464585
[setup reg-reg] _124084_/Q -> _123750_/D : -2.463935
[setup reg-reg] _123287_/Q -> _122942_/D : -2.462308
[setup reg-reg] _121269_/Q -> _121265_/D : -2.458297
[setup reg-reg] _123756_/Q -> _123414_/D : -2.456464
[setup reg-reg] _123052_/Q -> _122699_/D : -2.456460
[setup reg-reg] _121269_/Q -> _121264_/D : -2.452062
[setup reg-reg] _121588_/Q -> _121304_/D : -2.450111
[setup reg-reg] _123385_/Q -> _123048_/D : -2.446452
[setup reg-reg] _121588_/Q -> _121299_/D : -2.435407
[setup reg-reg] _123845_/Q -> _123507_/D : -2.424582
[setup reg-reg] _123385_/Q -> _123050_/D : -2.420532
[setup reg-reg] _126326_/Q -> _123371_/D : -2.406033
[setup reg-reg] _122911_/Q -> _122572_/D : -2.401581
[setup reg-reg] _121471_/Q -> _121458_/D : -2.387576
[setup reg-reg] _126398_/Q -> _123981_/D : -2.384844
[setup reg-reg] _123238_/Q -> _122899_/D : -2.384621
[setup reg-reg] _123764_/Q -> _123694_/D : -2.384002
[setup reg-reg] _121471_/Q -> _121457_/D : -2.379622
[setup reg-reg] _124084_/Q -> _123749_/D : -2.369891
[setup reg-reg] _122346_/Q -> _122003_/D : -2.368005
[setup reg-reg] _126358_/Q -> _121875_/D : -2.351758
[setup reg-reg] _126358_/Q -> _121873_/D : -2.335739
[setup reg-reg] _121388_/Q -> _121379_/D : -2.335476
[setup reg-reg] _122071_/Q -> _122004_/D : -2.331984
[setup reg-reg] _123519_/Q -> _123184_/D : -2.314597
[setup reg-reg] _121588_/Q -> _121296_/D : -2.314348
[setup reg-reg] _123287_/Q -> _122941_/D : -2.313975
[setup reg-reg] _126358_/Q -> _121864_/D : -2.300070
[setup reg-reg] _121269_/Q -> _121262_/D : -2.297124
[setup in-reg] wbs_adr_i[5] -> _124203_/D : -2.288029
[setup reg-reg] _121964_/Q -> _121622_/D : -2.284917
[setup reg-reg] _126358_/Q -> _121870_/D : -2.275534
[setup reg-reg] _123395_/Q -> _123320_/D : -2.272710
[setup reg-reg] _126406_/Q -> _123935_/D : -2.269616
[setup reg-reg] _126358_/Q -> _121872_/D : -2.267076
[setup reg-reg] _121348_/Q -> _121343_/D : -2.261754
[setup reg-reg] _122580_/Q -> _122240_/D : -2.258648
[setup reg-reg] _121644_/Q -> _121582_/D : -2.258286
[setup reg-reg] _122012_/Q -> _121670_/D : -2.255700
[setup reg-reg] _121880_/Q -> _121545_/D : -2.253152
[setup reg-reg] _123519_/Q -> _123178_/D : -2.251298
[setup reg-reg] _122302_/Q -> _121959_/D : -2.250836
[setup reg-reg] _122918_/Q -> _122848_/D : -2.240189
[setup reg-reg] _123756_/Q -> _123412_/D : -2.238650
[setup reg-reg] _123756_/Q -> _123417_/D : -2.238519
[setup reg-reg] _122397_/Q -> _122336_/D : -2.236284
[setup reg-reg] _121269_/Q -> _121259_/D : -2.234422
[setup reg-reg] _122115_/Q -> _121774_/D : -2.227782
[setup reg-reg] _123345_/Q -> _123272_/D : -2.218112
[setup reg-reg] _122911_/Q -> _122571_/D : -2.212392
[setup reg-reg] _122963_/Q -> _122614_/D : -2.206498
[setup reg-reg] _123052_/Q -> _122700_/D : -2.206452
[setup reg-reg] _121646_/Q -> _121576_/D : -2.199290
[setup reg-reg] _123395_/Q -> _123324_/D : -2.194845
[setup reg-reg] _124182_/Q -> _121235_/D : -2.191573
[setup reg-reg] _122963_/Q -> _122616_/D : -2.191524
[setup reg-reg] _121889_/Q -> _121814_/D : -2.190969
[setup reg-reg] _123852_/Q -> _123788_/D : -2.189594
[setup reg-reg] _123756_/Q -> _123420_/D : -2.188543
[setup reg-reg] _123719_/Q -> _123650_/D : -2.185807
[setup reg-reg] _121471_/Q -> _121460_/D : -2.182187
[setup reg-reg] _123943_/Q -> _123597_/D : -2.177654
[setup reg-reg] _121964_/Q -> _121628_/D : -2.174154
[setup reg-reg] _121644_/Q -> _121585_/D : -2.170449
[setup reg-reg] _123004_/Q -> _122672_/D : -2.168516
[setup reg-reg] _124092_/Q -> _124024_/D : -2.164768
[setup reg-reg] _123943_/Q -> _123598_/D : -2.160178
[setup reg-reg] _123345_/Q -> _123270_/D : -2.156966
[setup in-reg] wbs_adr_i[5] -> _124212_/D : -2.152479
[setup reg-reg] _123395_/Q -> _123328_/D : -2.149996
[setup reg-reg] _121471_/Q -> _121463_/D : -2.130879
[setup reg-reg] _122302_/Q -> _121961_/D : -2.123613
[setup reg-reg] _126358_/Q -> _121867_/D : -2.100197
[setup reg-reg] _121880_/Q -> _121541_/D : -2.094023
[setup reg-reg] _121644_/Q -> _121581_/D : -2.087333
[setup reg-reg] _121588_/Q -> _121298_/D : -2.073392
[setup reg-reg] _121880_/Q -> _121546_/D : -2.069481
[setup reg-reg] _123948_/Q -> _123878_/D : -2.068845
[setup reg-reg] _123004_/Q -> _122669_/D : -2.065747
[setup reg-reg] _123764_/Q -> _123696_/D : -2.062794
[setup reg-reg] _122868_/Q -> _122796_/D : -2.061782
[setup reg-reg] _122911_/Q -> _122570_/D : -2.060293
[setup reg-reg] _122589_/Q -> _122519_/D : -2.060013
[setup reg-reg] _126358_/Q -> _121874_/D : -2.058155
[setup reg-reg] _122397_/Q -> _122332_/D : -2.056410
[setup reg-reg] _123471_/Q -> _123126_/D : -2.040199
[setup reg-reg] _124229_/Q -> _124122_/D : -2.032927
[setup reg-reg] _123151_/Q -> _123080_/D : -2.011760
[setup reg-reg] _123764_/Q -> _123693_/D : -1.995840
[setup reg-reg] _121646_/Q -> _121574_/D : -1.995694
[setup reg-reg] _126368_/Q -> _121507_/D : -1.993556
[setup reg-reg] _123845_/Q -> _123503_/D : -1.984105
[setup reg-reg] _126429_/Q -> _123830_/D : -1.981242
[setup reg-reg] _126429_/Q -> _123832_/D : -1.971177
[setup reg-reg] _123004_/Q -> _122668_/D : -1.968903
[setup reg-reg] _123719_/Q -> _123654_/D : -1.966448
[setup reg-reg] _124182_/Q -> _121231_/D : -1.963645
[setup reg-reg] _122628_/Q -> _122295_/D : -1.960309
[setup reg-reg] _126398_/Q -> _123980_/D : -1.957208
[setup reg-reg] _122911_/Q -> _122569_/D : -1.951435
[setup reg-reg] _123004_/Q -> _122667_/D : -1.948365
[setup reg-reg] _121889_/Q -> _121813_/D : -1.945782
[setup reg-reg] _121348_/Q -> _121334_/D : -1.940794
[setup reg-reg] _126358_/Q -> _121869_/D : -1.936176
[setup in-reg] wb_rst_i -> _124597_/D : -1.934549
[setup reg-reg] _124092_/Q -> _124028_/D : -1.921222
[setup reg-reg] _126429_/Q -> _123828_/D : -1.918050
[setup reg-reg] _124052_/Q -> _124081_/D : -1.913154
[setup reg-reg] _126358_/Q -> _121863_/D : -1.902521
[setup reg-reg] _121388_/Q -> _121376_/D : -1.897334
[setup reg-reg] _123245_/Q -> _123175_/D : -1.872202
[setup reg-reg] _121269_/Q -> _121261_/D : -1.871243
[setup reg-reg] _123385_/Q -> _123046_/D : -1.870422
[setup reg-reg] _122067_/Q -> _121719_/D : -1.852321
[setup reg-reg] _122540_/Q -> _122467_/D : -1.850577
[setup reg-reg] _126358_/Q -> _121861_/D : -1.850104
[setup reg-reg] _124092_/Q -> _124022_/D : -1.844899
[setup reg-reg] _123151_/Q -> _123078_/D : -1.828227
[setup reg-reg] _123852_/Q -> _123787_/D : -1.826241
[setup reg-reg] _126358_/Q -> _121865_/D : -1.822148
[setup reg-reg] _122723_/Q -> _122371_/D : -1.820400
[setup reg-reg] _122302_/Q -> _121958_/D : -1.816787
[setup reg-reg] _121588_/Q -> _121303_/D : -1.812222
[setup reg-reg] _121588_/Q -> _121305_/D : -1.811223
[setup reg-reg] _121880_/Q -> _121537_/D : -1.809877
[setup reg-reg] _121588_/Q -> _121295_/D : -1.806324
[setup reg-reg] _126368_/Q -> _121506_/D : -1.798618
[setup reg-reg] _121471_/Q -> _121455_/D : -1.798355
[setup reg-reg] _121646_/Q -> _121573_/D : -1.794476
[setup reg-reg] _121964_/Q -> _121621_/D : -1.790593
[setup in-reg] wb_rst_i -> _125147_/D : -1.788273
[setup reg-reg] _121471_/Q -> _121456_/D : -1.781093
[setup in-reg] wbs_adr_i[8] -> _121162_/D : -1.777803
[setup reg-reg] _124052_/Q -> _124079_/D : -1.777611
[setup reg-reg] _123756_/Q -> _123413_/D : -1.776748
[setup reg-reg] _124182_/Q -> _121234_/D : -1.775042
[setup in-reg] wbs_adr_i[8] -> _121115_/D : -1.772627
[setup reg-reg] _123845_/Q -> _123505_/D : -1.761709
[setup in-reg] wbs_adr_i[8] -> _121158_/D : -1.737767
[setup in-reg] wbs_adr_i[8] -> _121114_/D : -1.728843
[setup reg-reg] _122115_/Q -> _121771_/D : -1.727191
[setup in-reg] wbs_adr_i[8] -> _121110_/D : -1.724850
[setup reg-reg] _123519_/Q -> _123181_/D : -1.724803
[setup reg-reg] _123756_/Q -> _123416_/D : -1.711335
[setup in-reg] wbs_adr_i[8] -> _121113_/D : -1.698727
[setup reg-reg] _121880_/Q -> _121543_/D : -1.697742
[setup in-reg] wbs_adr_i[8] -> _121111_/D : -1.694843
[setup in-reg] wbs_adr_i[8] -> _121116_/D : -1.688836
[setup reg-reg] _123845_/Q -> _123502_/D : -1.688324
[setup in-reg] wbs_adr_i[8] -> _126877_/D : -1.685272
[setup reg-reg] _123238_/Q -> _122897_/D : -1.682810
[setup in-reg] wbs_adr_i[8] -> _121112_/D : -1.682025
[setup reg-reg] _126326_/Q -> _123367_/D : -1.675296
[setup reg-reg] _121348_/Q -> _121335_/D : -1.673890
[setup reg-reg] _126370_/Q -> _121503_/D : -1.666749
[setup reg-reg] _123756_/Q -> _123422_/D : -1.666503
[setup reg-reg] _124182_/Q -> _121227_/D : -1.663668
[setup reg-reg] _123004_/Q -> _122664_/D : -1.658158
[setup in-reg] wbs_adr_i[8] -> _121098_/D : -1.656513
[setup in-reg] wbs_adr_i[8] -> _126870_/D : -1.653078
[setup reg-reg] _121735_/Q -> _121419_/D : -1.649763
[setup in-reg] wbs_adr_i[8] -> _121173_/D : -1.645951
[setup reg-reg] _122628_/Q -> _122294_/D : -1.643205
[setup in-reg] wbs_adr_i[8] -> _126876_/D : -1.636568
[setup reg-reg] _122486_/Q -> _122147_/D : -1.632181
[setup in-reg] wbs_adr_i[8] -> _126874_/D : -1.631616
[setup in-reg] wbs_adr_i[8] -> _121170_/D : -1.618691
[setup in-reg] wbs_adr_i[8] -> _121168_/D : -1.614382
[setup reg-reg] _124182_/Q -> _121230_/D : -1.613056
[setup reg-reg] _126406_/Q -> _123933_/D : -1.611355
[setup reg-reg] _126337_/Q -> _122990_/D : -1.604231
[setup in-reg] wbs_adr_i[8] -> _121106_/D : -1.602398
[setup in-reg] wbs_adr_i[8] -> _121167_/D : -1.602253
[setup in-reg] wbs_adr_i[8] -> _121102_/D : -1.601659
[setup reg-reg] _122395_/Q -> _122044_/D : -1.601386
[setup in-reg] wbs_adr_i[8] -> _121163_/D : -1.600299
[setup reg-reg] _123519_/Q -> _123180_/D : -1.589740
[setup in-reg] wbs_adr_i[8] -> _121171_/D : -1.589676
[setup in-reg] wbs_adr_i[8] -> _126897_/D : -1.588536
[setup in-reg] wbs_adr_i[8] -> _124151_/D : -1.587669
[setup reg-reg] _121348_/Q -> _121341_/D : -1.586972
[setup reg-reg] _121388_/Q -> _121377_/D : -1.586631
[setup reg-reg] _123471_/Q -> _123124_/D : -1.586105
[setup in-reg] wbs_adr_i[8] -> _121172_/D : -1.585022
[setup in-reg] wbs_adr_i[8] -> _121169_/D : -1.583111
[setup in-reg] wbs_adr_i[8] -> _121166_/D : -1.582961
[setup in-reg] wbs_adr_i[8] -> _126896_/D : -1.580116
[setup reg-reg] _122918_/Q -> _122849_/D : -1.576915
[setup reg-reg] _122346_/Q -> _122002_/D : -1.576748
[setup in-reg] wbs_adr_i[8] -> _126900_/D : -1.575248
[setup reg-reg] _126406_/Q -> _123929_/D : -1.572836
[setup reg-reg] _121880_/Q -> _121539_/D : -1.570818
[setup reg-reg] _126326_/Q -> _123370_/D : -1.568417
[setup in-reg] wb_rst_i -> _122793_/D : -1.566203
[setup reg-reg] _124182_/Q -> _121232_/D : -1.566146
[setup in-reg] wbs_adr_i[8] -> _126871_/D : -1.564580
[setup reg-reg] _121269_/Q -> _121254_/D : -1.564427
[setup reg-reg] _124182_/Q -> _121226_/D : -1.562331
[setup in-reg] wbs_adr_i[8] -> _126899_/D : -1.555161
[setup in-reg] wbs_adr_i[8] -> _126894_/D : -1.555083
[setup in-reg] wbs_adr_i[8] -> _126895_/D : -1.554131
[setup in-reg] wbs_adr_i[8] -> _121160_/D : -1.549470
[setup reg-reg] _123395_/Q -> _123326_/D : -1.548926
[setup in-reg] wbs_adr_i[8] -> _126886_/D : -1.542983
[setup in-reg] wbs_adr_i[8] -> _124150_/D : -1.541935
[setup in-reg] wbs_adr_i[8] -> _124155_/D : -1.538709
[setup reg-reg] _123852_/Q -> _123784_/D : -1.535081
[setup in-reg] wbs_adr_i[8] -> _126901_/D : -1.533248
[setup in-reg] wb_rst_i -> _122791_/D : -1.532332
[setup in-reg] wbs_adr_i[8] -> _124156_/D : -1.531824
[setup in-reg] wbs_adr_i[8] -> _121161_/D : -1.524644
[setup reg-reg] _126358_/Q -> _121860_/D : -1.523894
[setup reg-reg] _123151_/Q -> _123076_/D : -1.523471
[setup reg-reg] _123943_/Q -> _123596_/D : -1.522665
[setup reg-reg] _122346_/Q -> _122001_/D : -1.522661
[setup in-reg] wb_rst_i -> _126925_/D : -1.520128
[setup reg-reg] _123395_/Q -> _123325_/D : -1.515765
[setup in-reg] wbs_adr_i[8] -> _121159_/D : -1.515119
[setup in-reg] wbs_adr_i[8] -> _126898_/D : -1.514483
[setup reg-reg] _124052_/Q -> _124082_/D : -1.514366
[setup in-reg] wbs_adr_i[8] -> _124154_/D : -1.513030
[setup reg-reg] _126326_/Q -> _123369_/D : -1.511779
[setup in-reg] wbs_adr_i[8] -> _124149_/D : -1.506148
[setup in-reg] wbs_adr_i[8] -> _121164_/D : -1.498762
[setup in-reg] wbs_adr_i[8] -> _124152_/D : -1.498186
[setup in-reg] wbs_adr_i[8] -> _124153_/D : -1.497007
[setup in-reg] wb_rst_i -> _126923_/D : -1.496300
[setup in-reg] wbs_adr_i[8] -> _126875_/D : -1.496190
[setup in-reg] wbs_adr_i[8] -> _127053_/D : -1.490889
[setup in-reg] wb_rst_i -> _122783_/D : -1.485819
[setup in-reg] wbs_adr_i[8] -> _127047_/D : -1.484189
[setup reg-reg] _126398_/Q -> _123979_/D : -1.483325
[setup in-reg] wbs_adr_i[8] -> _121117_/D : -1.483219
[setup reg-reg] _126358_/Q -> _121862_/D : -1.482899
[setup in-reg] wbs_adr_i[8] -> _127050_/D : -1.480522
[setup in-reg] wbs_adr_i[8] -> _127049_/D : -1.477350
[setup reg-reg] _123395_/Q -> _123319_/D : -1.473058
[setup reg-reg] _124182_/Q -> _122844_/D : -1.472614
[setup in-reg] wb_rst_i -> _126920_/D : -1.469356
[setup reg-reg] _124182_/Q -> _121228_/D : -1.468330
[setup reg-reg] _123238_/Q -> _122895_/D : -1.465249
[setup reg-reg] _123762_/Q -> _123408_/D : -1.458840
[setup in-reg] wb_rst_i -> _126922_/D : -1.457501
[setup reg-reg] _124092_/Q -> _124021_/D : -1.456556
[setup reg-reg] _122067_/Q -> _121718_/D : -1.455071
[setup in-reg] wbs_adr_i[8] -> _127052_/D : -1.454193
[setup reg-reg] _122628_/Q -> _122296_/D : -1.452058
[setup in-reg] wb_rst_i -> _126924_/D : -1.446175
[setup in-reg] wbs_adr_i[8] -> _127051_/D : -1.445475
[setup reg-reg] _124182_/Q -> _121229_/D : -1.443613
[setup in-reg] wbs_adr_i[8] -> _127048_/D : -1.443326
[setup in-reg] wbs_adr_i[8] -> _121108_/D : -1.443226
[setup in-reg] wbs_adr_i[8] -> _126891_/D : -1.441411
[setup in-reg] wb_rst_i -> _124233_/D : -1.439101
[setup in-reg] wbs_adr_i[8] -> _126890_/D : -1.430433
[setup reg-reg] _123719_/Q -> _123648_/D : -1.427487
[setup in-reg] wbs_adr_i[8] -> _127046_/D : -1.419981
[setup in-reg] wb_rst_i -> _126919_/D : -1.417682
[setup in-reg] wbs_adr_i[8] -> _121107_/D : -1.416225
[setup reg-reg] _126370_/Q -> _121497_/D : -1.415597
[setup in-reg] wbs_adr_i[8] -> _126888_/D : -1.411738
[setup in-reg] wb_rst_i -> _126918_/D : -1.409177
[setup in-reg] wbs_adr_i[8] -> _121094_/D : -1.399055
[setup in-reg] wbs_adr_i[8] -> _121109_/D : -1.398316
[setup reg-reg] _121588_/Q -> _121302_/D : -1.397247
[setup in-reg] wb_rst_i -> _126921_/D : -1.396913
[setup in-reg] wbs_adr_i[8] -> _121099_/D : -1.396167
[setup in-reg] wb_rst_i -> _124234_/D : -1.395616
[setup reg-reg] _121388_/Q -> _121375_/D : -1.394724
[setup in-reg] wb_rst_i -> _124235_/D : -1.394586
[setup in-reg] wbs_adr_i[8] -> _121103_/D : -1.393698
[setup in-reg] wb_rst_i -> _122407_/D : -1.393339
[setup in-reg] wbs_adr_i[8] -> _121104_/D : -1.392913
[setup in-reg] wbs_adr_i[24] -> _127284_/D : -1.392355
[setup reg-reg] _123624_/Q -> _123552_/D : -1.384123
[setup in-reg] wbs_adr_i[24] -> _127282_/D : -1.383800
[setup in-reg] wbs_adr_i[8] -> _121095_/D : -1.381984
[setup in-reg] wbs_adr_i[8] -> _121097_/D : -1.381160
[setup in-reg] wbs_adr_i[8] -> _121100_/D : -1.381128
[setup in-reg] wbs_adr_i[24] -> _127280_/D : -1.379792
[setup reg-reg] _126358_/Q -> _121868_/D : -1.379476
[setup reg-reg] _124092_/Q -> _124025_/D : -1.376222
[setup in-reg] wbs_adr_i[24] -> _127283_/D : -1.374065
[setup in-reg] wbs_adr_i[24] -> _127279_/D : -1.367997
[setup in-reg] wbs_adr_i[24] -> _127285_/D : -1.366235
[setup in-reg] wb_rst_i -> _124229_/D : -1.366175
[setup in-reg] wbs_adr_i[8] -> _121096_/D : -1.364100
[setup in-reg] wbs_adr_i[8] -> _121101_/D : -1.363858
[setup in-reg] wbs_adr_i[8] -> _121105_/D : -1.358174
[setup reg-reg] _122302_/Q -> _121954_/D : -1.358171
[setup reg-reg] _122589_/Q -> _122517_/D : -1.356739
[setup in-reg] wb_rst_i -> _124231_/D : -1.355868
[setup in-reg] wb_rst_i -> _122406_/D : -1.354923
[setup in-reg] wbs_adr_i[24] -> _127271_/D : -1.353858
[setup in-reg] wbs_adr_i[24] -> _127281_/D : -1.351069
[setup in-reg] wb_rst_i -> _122408_/D : -1.350418
[setup in-reg] wbs_adr_i[24] -> _127275_/D : -1.346969
[setup reg-reg] _123624_/Q -> _123549_/D : -1.343743
[setup reg-reg] _122397_/Q -> _122333_/D : -1.338691
[setup in-reg] wbs_adr_i[24] -> _127277_/D : -1.336801
[setup in-reg] wbs_adr_i[24] -> _127270_/D : -1.335952
[setup reg-reg] _121508_/Q -> _121220_/D : -1.334836
[setup reg-reg] _121348_/Q -> _121339_/D : -1.333206
[setup in-reg] wbs_adr_i[24] -> _127272_/D : -1.329916
[setup in-reg] wbs_adr_i[8] -> _127009_/D : -1.325631
[setup reg-reg] _122963_/Q -> _122613_/D : -1.323833
[setup in-reg] wbs_adr_i[24] -> _127274_/D : -1.320501
[setup reg-reg] _122397_/Q -> _122330_/D : -1.319634
[setup reg-reg] _123004_/Q -> _122666_/D : -1.318391
[setup reg-reg] _122540_/Q -> _122468_/D : -1.316479
[setup in-reg] wbs_adr_i[8] -> _127011_/D : -1.315897
[setup in-reg] wbs_adr_i[8] -> _127017_/D : -1.315367
[setup in-reg] wbs_adr_i[24] -> _127273_/D : -1.305601
[setup in-reg] wbs_adr_i[8] -> _127018_/D : -1.304301
[setup reg-reg] _122492_/Q -> _122421_/D : -1.283514
[setup reg-reg] _126406_/Q -> _123932_/D : -1.283205
[setup in-reg] wbs_adr_i[8] -> _127008_/D : -1.278163
[setup in-reg] wbs_adr_i[8] -> _127013_/D : -1.269477
[setup in-reg] wbs_adr_i[8] -> _127021_/D : -1.264418
[setup in-reg] wbs_adr_i[8] -> _127012_/D : -1.263576
[setup in-reg] wbs_adr_i[8] -> _127019_/D : -1.263185
[setup in-reg] wbs_adr_i[8] -> _127006_/D : -1.258599
[setup in-reg] wbs_adr_i[8] -> _127010_/D : -1.256414
[setup in-reg] wbs_adr_i[8] -> _127014_/D : -1.254474
[setup in-reg] wbs_adr_i[8] -> _127016_/D : -1.254303
[setup in-reg] wbs_adr_i[8] -> _127020_/D : -1.253888
[setup in-reg] wbs_adr_i[8] -> _127007_/D : -1.250744
[setup reg-reg] _123624_/Q -> _123547_/D : -1.242757
[setup in-reg] wbs_adr_i[8] -> _127015_/D : -1.239325
[setup reg-reg] _121471_/Q -> _121454_/D : -1.220396
[setup reg-reg] _122254_/Q -> _121916_/D : -1.208516
[setup reg-reg] _121508_/Q -> _121223_/D : -1.202988
[setup reg-reg] _123948_/Q -> _123877_/D : -1.189257
[setup reg-reg] _122115_/Q -> _121770_/D : -1.185779
[setup reg-reg] _126370_/Q -> _121499_/D : -1.181267
[setup reg-reg] _123756_/Q -> _123418_/D : -1.171319
[setup reg-reg] _121348_/Q -> _121333_/D : -1.166615
[setup reg-reg] _124229_/Q -> _124127_/D : -1.165457
[setup reg-reg] _126368_/Q -> _121502_/D : -1.165276
[setup reg-reg] _122302_/Q -> _121956_/D : -1.153786
[setup reg-reg] _124052_/Q -> _124077_/D : -1.147193
[setup reg-reg] _123004_/Q -> _122665_/D : -1.138052
[setup reg-reg] _126326_/Q -> _123365_/D : -1.131003
[setup reg-reg] _123151_/Q -> _123075_/D : -1.130790
[setup reg-reg] _126368_/Q -> _121505_/D : -1.129344
[setup reg-reg] _121388_/Q -> _121380_/D : -1.125816
[setup reg-reg] _123852_/Q -> _123786_/D : -1.122348
[setup in-reg] wb_rst_i -> _122411_/D : -1.120025
[setup reg-reg] _122486_/Q -> _122146_/D : -1.113268
[setup in-reg] wbs_adr_i[8] -> _126464_/D : -1.109751
[setup reg-reg] _123385_/Q -> _123047_/D : -1.108315
[setup reg-reg] _123948_/Q -> _123874_/D : -1.103860
[setup reg-reg] _121348_/Q -> _121338_/D : -1.094492
[setup in-reg] wbs_adr_i[8] -> _121131_/D : -1.089610
[setup in-reg] wbs_adr_i[8] -> _121133_/D : -1.080462
[setup reg-reg] _122346_/Q -> _122000_/D : -1.080270
[setup reg-reg] _123845_/Q -> _123508_/D : -1.078767
[setup reg-reg] _121889_/Q -> _121811_/D : -1.077673
[setup in-reg] wbs_adr_i[8] -> _121126_/D : -1.077588
[setup reg-reg] _122821_/Q -> _122748_/D : -1.076312
[setup reg-reg] _123395_/Q -> _123318_/D : -1.067232
[setup in-reg] wbs_adr_i[8] -> _121128_/D : -1.066887
[setup reg-reg] _123943_/Q -> _123595_/D : -1.065413
[setup in-reg] wbs_adr_i[8] -> _121154_/D : -1.062627
[setup reg-reg] _123804_/Q -> _123456_/D : -1.061455
[setup reg-reg] _123845_/Q -> _123504_/D : -1.060961
[setup reg-reg] _122868_/Q -> _122795_/D : -1.054552
[setup in-reg] wbs_adr_i[8] -> _121132_/D : -1.051664
[setup in-reg] wbs_adr_i[8] -> _121130_/D : -1.048687
[setup in-reg] wbs_adr_i[8] -> _121129_/D : -1.042583
[setup reg-reg] _123624_/Q -> _123551_/D : -1.039680
[setup reg-reg] _123804_/Q -> _123455_/D : -1.039574
[setup reg-reg] _122628_/Q -> _122293_/D : -1.038700
[setup in-reg] wbs_adr_i[8] -> _121127_/D : -1.032340
[setup reg-reg] _123004_/Q -> _122670_/D : -1.026361
[setup reg-reg] _122580_/Q -> _122236_/D : -1.020009
[setup reg-reg] _126406_/Q -> _123927_/D : -1.019465
[setup reg-reg] _124052_/Q -> _124074_/D : -1.016939
[setup in-reg] wbs_adr_i[8] -> _126477_/D : -1.014730
[setup in-reg] wbs_adr_i[8] -> _126475_/D : -1.014055
[setup reg-reg] _126406_/Q -> _123931_/D : -1.013174
[setup in-reg] wbs_adr_i[8] -> _126468_/D : -1.012872
[setup reg-reg] _121588_/Q -> _121294_/D : -1.006555
[setup reg-reg] _122254_/Q -> _121915_/D : -1.002157
[setup reg-reg] _126368_/Q -> _121504_/D : -1.000796
[setup in-reg] wbs_adr_i[8] -> _126665_/D : -0.994547
[setup in-reg] wbs_adr_i[8] -> _126465_/D : -0.993868
[setup in-reg] wbs_adr_i[8] -> _126662_/D : -0.993115
[setup in-reg] wb_rst_i -> _125653_/D : -0.992447
[setup in-reg] wbs_adr_i[8] -> _126473_/D : -0.985928
[setup in-reg] wbs_adr_i[8] -> _126476_/D : -0.982762
[setup in-reg] wbs_adr_i[8] -> _126663_/D : -0.982126
[setup reg-reg] _123852_/Q -> _123785_/D : -0.978904
[setup in-reg] wbs_adr_i[8] -> _126667_/D : -0.978531
[setup in-reg] wbs_adr_i[8] -> _126474_/D : -0.977074
[setup in-reg] wbs_adr_i[8] -> _126470_/D : -0.974509
[setup in-reg] wbs_adr_i[8] -> _126471_/D : -0.972015
[setup reg-reg] _123519_/Q -> _123182_/D : -0.971880
[setup in-reg] wbs_adr_i[8] -> _126469_/D : -0.969305
[setup in-reg] wbs_adr_i[8] -> _126668_/D : -0.969056
[setup reg-reg] _122115_/Q -> _121767_/D : -0.965127
[setup in-reg] wb_rst_i -> _124822_/D : -0.964700
[setup in-reg] wbs_adr_i[8] -> _126664_/D : -0.964178
[setup in-reg] wbs_adr_i[8] -> _126463_/D : -0.962711
[setup in-reg] wbs_adr_i[8] -> _126666_/D : -0.962398
[setup reg-reg] _123238_/Q -> _122894_/D : -0.961499
[setup in-reg] wbs_adr_i[8] -> _126467_/D : -0.955470
[setup reg-reg] _121880_/Q -> _121544_/D : -0.954799
[setup reg-reg] _123238_/Q -> _122893_/D : -0.953598
[setup reg-reg] _122589_/Q -> _122516_/D : -0.949690
[setup in-reg] wbs_adr_i[8] -> _126466_/D : -0.949125
[setup in-reg] wbs_adr_i[8] -> _126472_/D : -0.946372
[setup reg-reg] _122115_/Q -> _121772_/D : -0.943970
[setup in-reg] wbs_adr_i[8] -> _126462_/D : -0.940801
[setup reg-reg] _122963_/Q -> _122612_/D : -0.938339
[setup reg-reg] _121735_/Q -> _121425_/D : -0.930569
[setup reg-reg] _124182_/Q -> _121225_/D : -0.929067
[setup reg-reg] _122486_/Q -> _122145_/D : -0.909857
[setup reg-reg] _121588_/Q -> _121293_/D : -0.903324
[setup in-reg] wb_rst_i -> _122792_/D : -0.899895
[setup in-reg] wb_rst_i -> _126599_/D : -0.895419
[setup reg-reg] _124182_/Q -> _121222_/D : -0.894676
[setup reg-reg] _126406_/Q -> _123934_/D : -0.892694
[setup in-reg] wbs_adr_i[24] -> _121085_/D : -0.890054
[setup in-reg] wb_rst_i -> _126600_/D : -0.889379
[setup in-reg] wbs_adr_i[8] -> _126442_/D : -0.888964
[setup reg-reg] _126398_/Q -> _123977_/D : -0.888889
[setup in-reg] wbs_adr_i[24] -> _121083_/D : -0.887511
[setup in-reg] wbs_adr_i[8] -> _126440_/D : -0.883325
[setup in-reg] wbs_adr_i[24] -> _127311_/D : -0.883027
[setup reg-reg] _126398_/Q -> _123975_/D : -0.879862
[setup in-reg] wbs_adr_i[24] -> _127310_/D : -0.878092
[setup in-reg] wbs_adr_i[8] -> _126445_/D : -0.877240
[setup in-reg] wbs_adr_i[8] -> _121153_/D : -0.875676
[setup in-reg] wb_rst_i -> _126603_/D : -0.874358
[setup in-reg] wbs_adr_i[8] -> _126444_/D : -0.874277
[setup in-reg] wbs_adr_i[8] -> _121157_/D : -0.871392
[setup in-reg] wbs_adr_i[8] -> _126438_/D : -0.870237
[setup in-reg] wbs_adr_i[8] -> _126443_/D : -0.870227
[setup in-reg] wbs_adr_i[8] -> _126439_/D : -0.867775
[setup in-reg] wbs_adr_i[24] -> _121080_/D : -0.866926
[setup in-reg] wbs_adr_i[8] -> _121150_/D : -0.866034
[setup in-reg] wbs_adr_i[8] -> _126441_/D : -0.864638
[setup in-reg] wbs_adr_i[24] -> _121081_/D : -0.863871
[setup in-reg] wbs_adr_i[8] -> _121156_/D : -0.860709
[setup in-reg] wbs_adr_i[8] -> _121152_/D : -0.858879
[setup in-reg] wb_rst_i -> _122782_/D : -0.857121
[setup reg-reg] _121588_/Q -> _121301_/D : -0.853547
[setup reg-reg] _121269_/Q -> _121256_/D : -0.852534
[setup in-reg] wbs_adr_i[8] -> _121151_/D : -0.842142
[setup in-reg] wb_rst_i -> _122745_/D : -0.836970
[setup reg-reg] _123845_/Q -> _123506_/D : -0.834447
[setup in-reg] wb_rst_i -> _126602_/D : -0.824588
[setup reg-reg] _122067_/Q -> _121716_/D : -0.822311
[setup reg-reg] _123624_/Q -> _123548_/D : -0.821682
[setup reg-reg] _126326_/Q -> _123366_/D : -0.820990
[setup reg-reg] _121269_/Q -> _121255_/D : -0.818343
[setup reg-reg] _121348_/Q -> _121337_/D : -0.815255
[setup in-reg] wb_rst_i -> _122738_/D : -0.814037
[setup in-reg] wbs_adr_i[24] -> _121084_/D : -0.807052
[setup in-reg] wb_rst_i -> _126601_/D : -0.806672
[setup in-reg] wb_rst_i -> _122737_/D : -0.805475
[setup in-reg] wb_rst_i -> _126605_/D : -0.801574
[setup reg-reg] _126368_/Q -> _121501_/D : -0.799538
[setup in-reg] wb_rst_i -> _122739_/D : -0.796717
[setup in-reg] wb_rst_i -> _122736_/D : -0.783597
[setup in-reg] wb_rst_i -> _126604_/D : -0.779806
[setup reg-reg] _122115_/Q -> _121769_/D : -0.777401
[setup reg-reg] _126358_/Q -> _121866_/D : -0.774836
[setup in-reg] wb_rst_i -> _122415_/D : -0.774644
[setup in-reg] wb_rst_i -> _122734_/D : -0.774339
[setup reg-reg] _121471_/Q -> _121453_/D : -0.772548
[setup reg-reg] _124052_/Q -> _124080_/D : -0.772459
[setup in-reg] wb_rst_i -> _122735_/D : -0.770569
[setup reg-reg] _123624_/Q -> _123550_/D : -0.764739
[setup reg-reg] _121348_/Q -> _121340_/D : -0.761997
[setup in-reg] wb_rst_i -> _126598_/D : -0.760519
[setup in-reg] wbs_adr_i[8] -> _124182_/D : -0.759208
[setup reg-reg] _122963_/Q -> _122611_/D : -0.757719
[setup reg-reg] _124182_/Q -> _121224_/D : -0.753143
[setup reg-reg] _121880_/Q -> _121538_/D : -0.750088
[setup in-reg] wb_rst_i -> _122412_/D : -0.747257
[setup reg-reg] _124052_/Q -> _124075_/D : -0.733724
[setup reg-reg] _122486_/Q -> _122149_/D : -0.733120
[setup reg-reg] _126326_/Q -> _123368_/D : -0.716501
[setup reg-reg] _124084_/Q -> _123747_/D : -0.715815
[setup in-reg] wbs_adr_i[8] -> _124132_/D : -0.708337
[setup reg-reg] _123287_/Q -> _122940_/D : -0.705885
[setup reg-reg] _123764_/Q -> _123691_/D : -0.702315
[setup in-reg] wbs_adr_i[8] -> _121155_/D : -0.697760
[setup reg-reg] _122486_/Q -> _122143_/D : -0.691461
[setup reg-reg] _124052_/Q -> _124076_/D : -0.688914
[setup reg-reg] _123385_/Q -> _123045_/D : -0.687468
[setup reg-reg] _123804_/Q -> _123454_/D : -0.686935
[setup in-reg] wb_rst_i -> _124566_/D : -0.679187
[setup reg-reg] _123948_/Q -> _123880_/D : -0.674582
[setup reg-reg] _122911_/Q -> _122567_/D : -0.656286
[setup reg-reg] _121388_/Q -> _121374_/D : -0.654723
[setup reg-reg] _122254_/Q -> _121914_/D : -0.649340
[setup in-reg] wbs_adr_i[4] -> _127057_/D : -0.645084
[setup in-reg] wbs_adr_i[8] -> _126872_/D : -0.637595
[setup reg-reg] _121588_/Q -> _121297_/D : -0.632966
[setup in-reg] wbs_adr_i[4] -> _127061_/D : -0.632117
[setup in-reg] wbs_adr_i[4] -> _127059_/D : -0.631356
[setup in-reg] wbs_adr_i[8] -> _121165_/D : -0.628873
[setup in-reg] wbs_adr_i[4] -> _127054_/D : -0.628301
[setup in-reg] wbs_adr_i[4] -> _127058_/D : -0.627768
[setup in-reg] wbs_adr_i[8] -> _126873_/D : -0.626446
[setup in-reg] wbs_adr_i[4] -> _127056_/D : -0.622975
[setup reg-reg] _123004_/Q -> _122663_/D : -0.620958
[setup in-reg] wbs_adr_i[4] -> _127055_/D : -0.616407
[setup in-reg] wb_rst_i -> _122417_/D : -0.616218
[setup in-reg] wbs_adr_i[4] -> _127060_/D : -0.613355
[setup reg-reg] _122583_/Q -> _122234_/D : -0.612484
[setup in-reg] wbs_adr_i[4] -> _127041_/D : -0.609198
[setup reg-reg] _121588_/Q -> _121300_/D : -0.607947
[setup reg-reg] _123948_/Q -> _123881_/D : -0.605553
[setup in-reg] wbs_adr_i[4] -> _127044_/D : -0.601425
[setup in-reg] wbs_adr_i[8] -> _124181_/D : -0.593801
[setup reg-reg] _121348_/Q -> _121342_/D : -0.593257
[setup in-reg] wbs_adr_i[4] -> _127040_/D : -0.583622
[setup in-reg] wb_rst_i -> _124599_/D : -0.582546
[setup reg-reg] _126398_/Q -> _123976_/D : -0.579725
[setup reg-reg] _126368_/Q -> _121498_/D : -0.577831
[setup in-reg] wbs_adr_i[24] -> _126616_/D : -0.571664
[setup reg-reg] _124052_/Q -> _124071_/D : -0.569628
[setup in-reg] wb_rst_i -> _122413_/D : -0.568782
[setup reg-reg] _122302_/Q -> _121957_/D : -0.567557
[setup reg-reg] _126406_/Q -> _123925_/D : -0.566885
[setup reg-reg] _123845_/Q -> _123501_/D : -0.543412
[setup reg-reg] _121471_/Q -> _121452_/D : -0.538883
[setup in-reg] wbs_adr_i[8] -> _126889_/D : -0.533493
[setup reg-reg] _122492_/Q -> _122420_/D : -0.526825
[setup in-reg] wbs_adr_i[4] -> _127038_/D : -0.525123
[setup reg-reg] _126406_/Q -> _123926_/D : -0.524643
[setup reg-reg] _123764_/Q -> _123692_/D : -0.523681
[setup in-reg] wbs_adr_i[4] -> _127045_/D : -0.512813
[setup in-reg] wbs_adr_i[8] -> _126887_/D : -0.512646
[setup in-reg] wb_rst_i -> _122784_/D : -0.510696
[setup in-reg] wbs_adr_i[4] -> _127043_/D : -0.508777
[setup in-reg] wbs_adr_i[8] -> _126893_/D : -0.503942
[setup reg-reg] _123852_/Q -> _123783_/D : -0.497757
[setup in-reg] wbs_adr_i[8] -> _126892_/D : -0.488537
[setup in-reg] wbs_adr_i[8] -> _121197_/D : -0.483983
[setup in-reg] wbs_adr_i[6] -> _126317_/D : -0.481482
[setup in-reg] wbs_adr_i[24] -> _126839_/D : -0.479993
[setup in-reg] wbs_adr_i[8] -> _121202_/D : -0.472848
[setup in-reg] wbs_adr_i[8] -> _121203_/D : -0.471658
[setup in-reg] wbs_adr_i[8] -> _121201_/D : -0.465679
[setup reg-reg] _124182_/Q -> _121221_/D : -0.457227
[setup reg-reg] _122115_/Q -> _121766_/D : -0.455042
[setup reg-reg] _121735_/Q -> _121418_/D : -0.447308
[setup reg-reg] _121880_/Q -> _121540_/D : -0.443041
[setup in-reg] wb_rst_i -> _122781_/D : -0.442501
[setup in-reg] wbs_adr_i[24] -> _126842_/D : -0.442412
[setup reg-reg] _124084_/Q -> _123742_/D : -0.436742
[setup in-reg] wbs_adr_i[8] -> _121196_/D : -0.431129
[setup reg-reg] _121269_/Q -> _121260_/D : -0.431005
[setup reg-reg] _124229_/Q -> _124125_/D : -0.429001
[setup reg-reg] _124084_/Q -> _123743_/D : -0.426983
[setup in-reg] wbs_adr_i[8] -> _121200_/D : -0.416371
[setup reg-reg] _121588_/Q -> _121292_/D : -0.413603
[setup reg-reg] _121388_/Q -> _121373_/D : -0.411912
[setup reg-reg] _124229_/Q -> _124123_/D : -0.403912
[setup reg-reg] _122067_/Q -> _121714_/D : -0.400611
[setup in-reg] wbs_adr_i[24] -> _126840_/D : -0.397346
[setup in-reg] wbs_adr_i[8] -> _127104_/D : -0.382812
[setup reg-reg] _122115_/Q -> _121768_/D : -0.382190
[setup in-reg] wbs_adr_i[8] -> _127109_/D : -0.370996
[setup in-reg] wb_rst_i -> _122418_/D : -0.368885
[setup in-reg] wb_rst_i -> _122404_/D : -0.361734
[setup in-reg] wbs_adr_i[8] -> _127025_/D : -0.360888
[setup in-reg] wbs_adr_i[8] -> _127027_/D : -0.354177
[setup reg-reg] _122628_/Q -> _122291_/D : -0.352188
[setup in-reg] wbs_adr_i[8] -> _127102_/D : -0.348756
[setup in-reg] wbs_adr_i[8] -> _127023_/D : -0.343004
[setup in-reg] wbs_adr_i[8] -> _127103_/D : -0.342343
[setup in-reg] wb_rst_i -> _123108_/D : -0.341949
[setup reg-reg] _126429_/Q -> _123825_/D : -0.339497
[setup in-reg] wb_rst_i -> _124232_/D : -0.337518
[setup in-reg] wbs_adr_i[8] -> _127028_/D : -0.329401
[setup in-reg] wb_rst_i -> _124236_/D : -0.326935
[setup reg-reg] _126398_/Q -> _123974_/D : -0.326057
[setup in-reg] wb_rst_i -> _122743_/D : -0.320227
[setup reg-reg] _122485_/Q -> _122144_/D : -0.318050
[setup in-reg] wbs_adr_i[8] -> _127022_/D : -0.316376
[setup in-reg] wb_rst_i -> _123112_/D : -0.312799
[setup in-reg] wb_rst_i -> _122794_/D : -0.311193
[setup in-reg] wbs_adr_i[8] -> _127108_/D : -0.310394
[setup reg-reg] _121191_/Q -> _126316_/D : -0.308035
[setup in-reg] wbs_adr_i[8] -> _127024_/D : -0.305615
[setup reg-reg] _121880_/Q -> _121542_/D : -0.304368
[setup in-reg] wbs_adr_i[8] -> _127029_/D : -0.301611
[setup in-reg] wbs_adr_i[4] -> _126903_/D : -0.297550
[setup reg-reg] _122580_/Q -> _122235_/D : -0.297256
[setup in-reg] wbs_adr_i[24] -> _126770_/D : -0.294147
[setup in-reg] wbs_adr_i[4] -> _126904_/D : -0.291340
[setup in-reg] wbs_adr_i[8] -> _124183_/D : -0.289710
[setup reg-reg] _123519_/Q -> _123173_/D : -0.288001
[setup in-reg] wb_rst_i -> _121982_/D : -0.286608
[setup in-reg] wbs_adr_i[4] -> _126906_/D : -0.282022
[setup in-reg] wbs_adr_i[8] -> _127105_/D : -0.280405
[setup in-reg] wbs_adr_i[8] -> _127026_/D : -0.277868
[setup in-reg] wbs_adr_i[24] -> _127278_/D : -0.277815
[setup in-reg] wbs_adr_i[4] -> _126909_/D : -0.273484
[setup in-reg] wb_rst_i -> _125529_/D : -0.271928
[setup in-reg] wbs_adr_i[24] -> _126732_/D : -0.269701
[setup in-reg] wbs_adr_i[4] -> _126902_/D : -0.267640
[setup reg-reg] _123845_/Q -> _123500_/D : -0.264535
[setup in-reg] wbs_adr_i[4] -> _126908_/D : -0.262702
[setup reg-reg] _126406_/Q -> _123928_/D : -0.262354
[setup in-reg] wbs_adr_i[24] -> _126766_/D : -0.261242
[setup in-reg] wbs_adr_i[24] -> _126502_/D : -0.250825
[setup in-reg] wbs_adr_i[4] -> _126905_/D : -0.250200
[setup in-reg] wbs_adr_i[24] -> _126506_/D : -0.249884
[setup reg-reg] _121964_/Q -> _121624_/D : -0.248793
[setup in-reg] wbs_adr_i[4] -> _126907_/D : -0.247571
[setup in-reg] wbs_adr_i[24] -> _126727_/D : -0.245883
[setup in-reg] wb_rst_i -> _121991_/D : -0.244754
[setup in-reg] wbs_adr_i[24] -> _127245_/D : -0.244523
[setup reg-reg] _122628_/Q -> _122292_/D : -0.243858
[setup in-reg] wbs_adr_i[24] -> _127242_/D : -0.242373
[setup in-reg] wb_rst_i -> _123109_/D : -0.239876
[setup in-reg] wbs_adr_i[8] -> _127154_/D : -0.238352
[setup in-reg] wb_rst_i -> _121990_/D : -0.235378
[setup in-reg] wb_rst_i -> _122651_/D : -0.234376
[setup in-reg] wbs_adr_i[24] -> _126818_/D : -0.231463
[setup reg-reg] _126326_/Q -> _123364_/D : -0.228329
[setup in-reg] wb_rst_i -> _121653_/D : -0.226592
[setup in-reg] wbs_adr_i[24] -> _126769_/D : -0.222485
[setup in-reg] wbs_adr_i[24] -> _126718_/D : -0.222077
[setup reg-reg] _123004_/Q -> _122661_/D : -0.221778
[setup in-reg] wb_rst_i -> _121667_/D : -0.219657
[setup in-reg] wb_rst_i -> _126375_/D : -0.218144
[setup in-reg] wbs_adr_i[24] -> _126773_/D : -0.217739
[setup in-reg] wb_rst_i -> _126374_/D : -0.216435
[setup in-reg] wbs_adr_i[24] -> _126817_/D : -0.216136
[setup in-reg] wbs_adr_i[24] -> _126819_/D : -0.216076
[setup in-reg] wbs_adr_i[24] -> _126772_/D : -0.214225
[setup in-reg] wbs_adr_i[24] -> _127241_/D : -0.212804
[setup in-reg] wbs_adr_i[24] -> _126838_/D : -0.210456
[setup in-reg] wbs_adr_i[24] -> _126767_/D : -0.209411
[setup in-reg] wbs_adr_i[8] -> _127073_/D : -0.206274
[setup reg-reg] _121646_/Q -> _121571_/D : -0.205066
[setup in-reg] wbs_adr_i[8] -> _127077_/D : -0.203489
[setup in-reg] wbs_adr_i[24] -> _127244_/D : -0.202455
[setup in-reg] wbs_adr_i[24] -> _126771_/D : -0.202370
[setup in-reg] wbs_adr_i[24] -> _126820_/D : -0.201620
[setup in-reg] wbs_adr_i[8] -> _127152_/D : -0.200842
[setup in-reg] wbs_adr_i[24] -> _126768_/D : -0.199922
[setup in-reg] wbs_adr_i[8] -> _127150_/D : -0.199059
[setup in-reg] wbs_adr_i[24] -> _126841_/D : -0.198479
[setup in-reg] wbs_adr_i[8] -> _127153_/D : -0.196653
[setup reg-reg] _121191_/Q -> _126293_/D : -0.196334
[setup in-reg] wbs_adr_i[8] -> _127070_/D : -0.195975
[setup in-reg] wbs_adr_i[24] -> _127239_/D : -0.195566
[setup in-reg] wbs_adr_i[24] -> _127243_/D : -0.195115
[setup reg-reg] _123004_/Q -> _122662_/D : -0.194952
[setup reg-reg] _123151_/Q -> _123077_/D : -0.192014
[setup in-reg] wbs_adr_i[24] -> _127240_/D : -0.185320
[setup in-reg] wbs_adr_i[24] -> _126814_/D : -0.185082
[setup in-reg] wbs_adr_i[8] -> _126987_/D : -0.184084
[setup in-reg] wbs_adr_i[8] -> _127076_/D : -0.182709
[setup in-reg] wbs_adr_i[8] -> _127072_/D : -0.181835
[setup in-reg] wbs_adr_i[8] -> _127156_/D : -0.180428
[setup reg-reg] _123756_/Q -> _123411_/D : -0.180201
[setup reg-reg] _121348_/Q -> _121336_/D : -0.177149
[setup in-reg] wbs_adr_i[24] -> _126816_/D : -0.176836
[setup in-reg] wbs_adr_i[24] -> _126845_/D : -0.173696
[setup in-reg] wbs_adr_i[24] -> _126821_/D : -0.173273
[setup in-reg] wb_rst_i -> _125815_/D : -0.172733
[setup reg-reg] _123386_/Q -> _123035_/D : -0.168278
[setup reg-reg] _122067_/Q -> _121717_/D : -0.166111
[setup in-reg] wbs_adr_i[24] -> _127120_/D : -0.166086
[setup in-reg] wbs_adr_i[8] -> _127151_/D : -0.165429
[setup in-reg] wbs_adr_i[24] -> _127125_/D : -0.163222
[setup in-reg] wbs_adr_i[8] -> _127075_/D : -0.162345
[setup in-reg] wbs_adr_i[8] -> _127155_/D : -0.160810
[setup in-reg] wbs_adr_i[24] -> _126815_/D : -0.158042
[setup in-reg] wbs_adr_i[24] -> _126843_/D : -0.155381
[setup in-reg] wbs_adr_i[24] -> _126720_/D : -0.155215
[setup in-reg] wbs_adr_i[8] -> _127074_/D : -0.154774
[setup reg-reg] _121880_/Q -> _121534_/D : -0.153772
[setup in-reg] wbs_adr_i[24] -> _126801_/D : -0.148049
[setup in-reg] wb_rst_i -> _126972_/D : -0.143928
[setup in-reg] wbs_adr_i[24] -> _126835_/D : -0.141508
[setup reg-reg] _123471_/Q -> _123123_/D : -0.139242
[setup in-reg] wb_rst_i -> _125400_/D : -0.137149
[setup in-reg] wbs_adr_i[24] -> _126844_/D : -0.132204
[setup in-reg] wbs_adr_i[8] -> _126984_/D : -0.130395
[setup in-reg] wbs_adr_i[24] -> _126800_/D : -0.128775
[setup reg-reg] _123287_/Q -> _122939_/D : -0.125990
[setup in-reg] wbs_adr_i[24] -> _126804_/D : -0.123926
[setup in-reg] wbs_adr_i[8] -> _127071_/D : -0.122284
[setup in-reg] wb_rst_i -> _122416_/D : -0.118671
[setup in-reg] wbs_adr_i[24] -> _126805_/D : -0.115900
[setup reg-reg] _123385_/Q -> _123043_/D : -0.114099
[setup in-reg] wbs_adr_i[24] -> _126803_/D : -0.112475
[setup reg-reg] _122492_/Q -> _122419_/D : -0.100947
[setup in-reg] wbs_adr_i[24] -> _127163_/D : -0.099963
[setup in-reg] wbs_adr_i[24] -> _126798_/D : -0.098492
[setup in-reg] wbs_adr_i[24] -> _126749_/D : -0.097945
[setup in-reg] wbs_adr_i[24] -> _126799_/D : -0.097472
[setup reg-reg] _123395_/Q -> _123316_/D : -0.092914
[setup in-reg] wbs_adr_i[8] -> _126986_/D : -0.091799
[setup reg-reg] _123385_/Q -> _123044_/D : -0.090811
[setup in-reg] wbs_adr_i[24] -> _126491_/D : -0.090729
[setup in-reg] wbs_adr_i[24] -> _126755_/D : -0.089024
[setup in-reg] wbs_adr_i[24] -> _127159_/D : -0.086953
[setup in-reg] wbs_adr_i[24] -> _126878_/D : -0.083300
[setup reg-reg] _122583_/Q -> _122233_/D : -0.081979
[setup in-reg] wbs_adr_i[24] -> _127161_/D : -0.080775
[setup in-reg] wbs_adr_i[8] -> _126989_/D : -0.080288
[setup in-reg] wbs_adr_i[24] -> _126833_/D : -0.078316
[setup in-reg] wbs_adr_i[8] -> _126988_/D : -0.077215
[setup reg-reg] _124052_/Q -> _124078_/D : -0.075758
[setup reg-reg] _122628_/Q -> _122290_/D : -0.073793
[setup in-reg] wbs_adr_i[8] -> _126983_/D : -0.073531
[setup in-reg] wbs_adr_i[24] -> _126802_/D : -0.072326
[setup in-reg] wbs_adr_i[24] -> _126725_/D : -0.070077
[setup in-reg] wbs_adr_i[24] -> _126723_/D : -0.069097
[setup reg-reg] _122346_/Q -> _121998_/D : -0.067473
[setup reg-reg] _122253_/Q -> _121911_/D : -0.067178
[setup in-reg] wbs_adr_i[24] -> _127214_/D : -0.066326
[setup in-reg] wbs_adr_i[24] -> _126516_/D : -0.064770
[setup in-reg] wbs_adr_i[24] -> _127219_/D : -0.064627
[setup in-reg] wb_rst_i -> _122409_/D : -0.064482
[setup in-reg] wbs_adr_i[24] -> _126731_/D : -0.064322
[setup in-reg] wbs_adr_i[24] -> _127162_/D : -0.062133
[setup in-reg] wbs_adr_i[24] -> _127158_/D : -0.060467
[setup in-reg] wbs_adr_i[24] -> _126511_/D : -0.057526
[setup reg-reg] _121269_/Q -> _121253_/D : -0.056883
[setup reg-reg] _122254_/Q -> _121913_/D : -0.056534
[setup in-reg] wbs_adr_i[24] -> _126724_/D : -0.056509
[setup reg-reg] _121471_/Q -> _121451_/D : -0.056428
[setup in-reg] wbs_adr_i[24] -> _126753_/D : -0.054925
[setup in-reg] wbs_adr_i[24] -> _126726_/D : -0.053298
[setup in-reg] wbs_adr_i[24] -> _126733_/D : -0.051916
[setup reg-reg] _126429_/Q -> _123827_/D : -0.050800
[setup in-reg] wbs_adr_i[24] -> _127217_/D : -0.050669
[setup in-reg] wb_rst_i -> _126973_/D : -0.050541
[setup in-reg] wbs_adr_i[24] -> _126752_/D : -0.048505
[setup in-reg] wbs_adr_i[24] -> _126751_/D : -0.047688
[setup in-reg] wbs_adr_i[24] -> _126756_/D : -0.047550
[setup reg-reg] _123345_/Q -> _123268_/D : -0.043570
[setup reg-reg] _124229_/Q -> _124126_/D : -0.039044
[setup in-reg] wbs_adr_i[24] -> _126485_/D : -0.037062
[setup in-reg] wbs_adr_i[24] -> _126797_/D : -0.037026
[setup in-reg] wbs_adr_i[24] -> _127160_/D : -0.036302
[setup in-reg] wbs_adr_i[24] -> _127118_/D : -0.035701
[setup in-reg] wbs_adr_i[8] -> _126985_/D : -0.034643
[setup in-reg] wbs_adr_i[24] -> _127216_/D : -0.032969
[setup in-reg] wbs_adr_i[24] -> _126728_/D : -0.032923
[setup in-reg] wbs_adr_i[24] -> _126832_/D : -0.030454
[setup in-reg] wbs_adr_i[24] -> _127215_/D : -0.030408
[setup in-reg] wbs_adr_i[24] -> _126834_/D : -0.030010
[setup reg-reg] _122397_/Q -> _122327_/D : -0.029086
[setup in-reg] wbs_adr_i[24] -> _126729_/D : -0.026773
[setup in-reg] wbs_adr_i[24] -> _126619_/D : -0.026095
[setup in-reg] wbs_adr_i[24] -> _127122_/D : -0.025977
[setup in-reg] wbs_adr_i[24] -> _126750_/D : -0.025590
[setup in-reg] wbs_adr_i[24] -> _127220_/D : -0.025132
[setup reg-reg] _121191_/Q -> _126294_/D : -0.023697
[setup in-reg] wbs_adr_i[24] -> _126618_/D : -0.023611
[setup in-reg] wbs_adr_i[24] -> _126885_/D : -0.023043
[setup in-reg] wbs_adr_i[24] -> _126730_/D : -0.022986
[setup in-reg] wbs_adr_i[24] -> _126486_/D : -0.022297
[setup in-reg] wbs_adr_i[24] -> _127218_/D : -0.021799
[setup in-reg] wbs_adr_i[24] -> _126757_/D : -0.020759
[setup in-reg] wbs_adr_i[24] -> _127068_/D : -0.019881
[setup in-reg] wbs_adr_i[24] -> _126754_/D : -0.018826
[setup in-reg] wbs_adr_i[24] -> _126504_/D : -0.015891
[setup in-reg] wbs_adr_i[24] -> _126489_/D : -0.015522
[setup in-reg] wbs_adr_i[24] -> _126620_/D : -0.015518
[setup in-reg] wbs_adr_i[24] -> _127064_/D : -0.015092
[setup in-reg] wbs_adr_i[24] -> _127221_/D : -0.013944
[setup in-reg] wbs_adr_i[24] -> _126483_/D : -0.012172
[setup in-reg] wbs_adr_i[24] -> _126492_/D : -0.010182
[setup in-reg] wbs_adr_i[24] -> _126505_/D : -0.009511
[setup in-reg] wbs_adr_i[24] -> _126836_/D : -0.009432
[setup reg-reg] _123395_/Q -> _123315_/D : -0.006604
[setup in-reg] wbs_adr_i[24] -> _126487_/D : -0.006310
[setup in-reg] wbs_adr_i[24] -> _127121_/D : -0.005290
[setup in-reg] wbs_adr_i[24] -> _126831_/D : -0.004796
[setup in-reg] wbs_adr_i[24] -> _126830_/D : -0.002505
[setup in-reg] wbs_adr_i[24] -> _126794_/D : -0.002078
[setup in-reg] wbs_adr_i[24] -> _126880_/D : -0.000721
[setup in-reg] wbs_adr_i[24] -> _126837_/D : -0.000409
[setup reg-reg] _121735_/Q -> _121423_/D : -0.000366
[setup in-reg] wbs_adr_i[24] -> _126882_/D : -0.000160
