Clock: clk
Sources: wb_clk_i 
Generated: no
Virtual: yes
Propagated: no
Period: 25.000000

===========================================================================
report_clock_properties
============================================================================
Clock                   Period          Waveform
----------------------------------------------------
clk                  25.000000    0.000000 12.500000

===========================================================================
report_clock_latency
============================================================================
Clock clk
rise -> rise
    min     max
4.650000 5.570000 source latency
6.631331         network latency _123931_/CLK
        8.018559 network latency _123242_/CLK
---------------
11.281332 13.588558 latency
        2.307226 skew

fall -> fall
    min     max
4.650000 5.570000 source latency
6.613609         network latency _123931_/CLK
        7.922760 network latency _123242_/CLK
---------------
11.263609 13.492760 latency
        2.229150 skew



===========================================================================
report_clock_min_period
============================================================================
clk period_min = 15.26 fmax = 65.54
