┏━━━━━━━━━━━━━━━━━━━━━━┳━━━━━━━━━━┳━━━━━━━━━━┳━━━━━━━━━━┳━━━━━━━━━━┳━━━━━━━━━━┳━━━━━━━━━━━┳━━━━━━━━━━┳━━━━━━━━━━━┳━━━━━━━━━━┳━━━━━━━━━━━┳━━━━━━━━━━┳━━━━━━━━━━━┓
┃                      ┃ Hold     ┃ Reg to   ┃          ┃          ┃ of which ┃ Setup     ┃ Reg to   ┃           ┃ Setup    ┃ of which  ┃          ┃           ┃
┃                      ┃ Worst    ┃ Reg      ┃          ┃ Hold Vio ┃ reg to   ┃ Worst     ┃ Reg      ┃           ┃ Vio      ┃ reg to    ┃ Max Cap  ┃ Max Slew  ┃
┃ Corner/Group         ┃ Slack    ┃ Paths    ┃ Hold TNS ┃ Count    ┃ reg      ┃ Slack     ┃ Paths    ┃ Setup TNS ┃ Count    ┃ reg       ┃ Violati… ┃ Violatio… ┃
┡━━━━━━━━━━━━━━━━━━━━━━╇━━━━━━━━━━╇━━━━━━━━━━╇━━━━━━━━━━╇━━━━━━━━━━╇━━━━━━━━━━╇━━━━━━━━━━━╇━━━━━━━━━━╇━━━━━━━━━━━╇━━━━━━━━━━╇━━━━━━━━━━━╇━━━━━━━━━━╇━━━━━━━━━━━┩
│ Overall              │ 2.0152   │ 2.0305   │ 0.0000   │ 0        │ 0        │ -6.0651   │ -4.2525  │ -2393.95… │ 4174     │ 2259      │ 54       │ 768       │
│ nom_tt_025C_1v80     │ 3.0977   │ 3.1141   │ 0.0000   │ 0        │ 0        │ 4.6540    │ N/A      │ 0.0000    │ 0        │ 0         │ 0        │ 2         │
│ nom_ss_100C_1v60     │ 5.6749   │ 6.3382   │ 0.0000   │ 0        │ 0        │ -5.2571   │ -3.5373  │ -1827.58… │ 1395     │ 752       │ 35       │ 499       │
│ nom_ff_n40C_1v95     │ 2.0390   │ 2.0390   │ 0.0000   │ 0        │ 0        │ 6.9188    │ N/A      │ 0.0000    │ 0        │ 0         │ 0        │ 0         │
│ min_tt_025C_1v80     │ 3.0998   │ 3.0998   │ 0.0000   │ 0        │ 0        │ 4.8328    │ N/A      │ 0.0000    │ 0        │ 0         │ 0        │ 0         │
│ min_ss_100C_1v60     │ 5.6583   │ 6.3140   │ 0.0000   │ 0        │ 0        │ -4.3709   │ -2.9149  │ -1264.77… │ 1272     │ 671       │ 18       │ 256       │
│ min_ff_n40C_1v95     │ 2.0305   │ 2.0305   │ 0.0000   │ 0        │ 0        │ 7.0314    │ N/A      │ 0.0000    │ 0        │ 0         │ 0        │ 0         │
│ max_tt_025C_1v80     │ 3.0773   │ 3.1282   │ 0.0000   │ 0        │ 0        │ 4.4760    │ N/A      │ 0.0000    │ 0        │ 0         │ 0        │ 2         │
│ max_ss_100C_1v60     │ 5.6596   │ 6.3614   │ 0.0000   │ 0        │ 0        │ -6.0651   │ -4.2525  │ -2393.95… │ 1507     │ 836       │ 54       │ 768       │
│ max_ff_n40C_1v95     │ 2.0152   │ 2.0436   │ 0.0000   │ 0        │ 0        │ 6.8084    │ N/A      │ 0.0000    │ 0        │ 0         │ 0        │ 0         │
└──────────────────────┴──────────┴──────────┴──────────┴──────────┴──────────┴───────────┴──────────┴───────────┴──────────┴───────────┴──────────┴───────────┘
