Clock: clk
Sources: wb_clk_i 
Generated: no
Virtual: yes
Propagated: no
Period: 25.000000

===========================================================================
report_clock_properties
============================================================================
Clock                   Period          Waveform
----------------------------------------------------
clk                  25.000000    0.000000 12.500000

===========================================================================
report_clock_latency
============================================================================
Clock clk
rise -> rise
    min     max
4.650000 5.570000 source latency
6.439328         network latency _123931_/CLK
        7.757302 network latency _122449_/CLK
---------------
11.089328 13.327302 latency
        2.237974 skew

fall -> fall
    min     max
4.650000 5.570000 source latency
6.447372         network latency _123931_/CLK
        7.694542 network latency _123242_/CLK
---------------
11.097372 13.264542 latency
        2.167170 skew



===========================================================================
report_clock_min_period
============================================================================
clk period_min = 14.49 fmax = 69.02
