
===========================================================================
 report_power
============================================================================
======================= min_tt_025C_1v80 Corner ===================================

Group                    Internal    Switching      Leakage        Total
                            Power        Power        Power        Power (Watts)
------------------------------------------------------------------------
Sequential           9.919280e-03 1.929954e-09 5.144570e-08 9.919333e-03  36.6%
Combinational        2.802215e-04 9.156200e-04 5.180415e-07 1.196360e-03   4.4%
Clock                8.961969e-03 6.681526e-03 2.892168e-08 1.564353e-02  57.8%
Macro                3.141761e-04 1.951964e-06 2.302500e-09 3.161303e-04   1.2%
Pad                  0.000000e+00 0.000000e+00 0.000000e+00 0.000000e+00   0.0%
------------------------------------------------------------------------
Total                1.947531e-02 7.599091e-03 6.006737e-07 2.707500e-02 100.0%
                            71.9%        28.1%         0.0%

