┏━━━━━━━┳━━━━━━━━━┳━━━━━━━━━━┳━━━━━━━━━━━━━━━━━━━━━━━━━━━━━━━━━━━━━━━━━━━━━━━━━━━━━━━┳━━━━━━━━━━━━━━━━━━━━━━━━━┳━━━━━━━┓
┃ P / R ┃ Partial ┃ Required ┃ Net                                                   ┃ Pin                     ┃ Layer ┃
┡━━━━━━━╇━━━━━━━━━╇━━━━━━━━━━╇━━━━━━━━━━━━━━━━━━━━━━━━━━━━━━━━━━━━━━━━━━━━━━━━━━━━━━━╇━━━━━━━━━━━━━━━━━━━━━━━━━╇━━━━━━━┩
│ 5.19  │ 2074.67 │ 400.00   │ net3475                                               │ _121890_/D              │ met1  │
│ 3.85  │ 1538.81 │ 400.00   │ net1205                                               │ _114028_/A              │ met1  │
│ 3.16  │ 1264.50 │ 400.00   │ net23237                                              │ hold35881/A             │ met1  │
│ 2.74  │ 1094.94 │ 400.00   │ net5183                                               │ hold18728/A             │ met1  │
│ 2.51  │ 1005.58 │ 400.00   │ _000395_                                              │ hold15667/A             │ met1  │
│ 2.17  │ 868.89  │ 400.00   │ net4742                                               │ wire4741/A              │ met1  │
│ 2.10  │ 8031.48 │ 3817.16  │ wbs_dat_o_neuro[3\]                                   │ _061039_/A1             │ met4  │
│ 2.06  │ 822.96  │ 400.00   │ net49137                                              │ wire6431/A              │ met1  │
│ 2.04  │ 814.33  │ 400.00   │ net2203                                               │ _113994_/B1             │ met1  │
│ 2.03  │ 813.33  │ 400.00   │ net8504                                               │ _101283_/A              │ met1  │
│ 1.96  │ 7140.04 │ 3643.28  │ wbs_dat_o_neuro[3\]                                   │ _061039_/A1             │ met3  │
│ 1.88  │ 751.25  │ 400.00   │ net40744                                              │ _118633_/A1             │ met1  │
│ 1.78  │ 712.17  │ 400.00   │ net3885                                               │ _122486_/D              │ met1  │
│ 1.74  │ 696.66  │ 400.00   │ net219                                                │ _105418_/B2             │ met1  │
│ 1.68  │ 672.73  │ 400.00   │ net4924                                               │ fanout4922/A            │ met1  │
│ 1.67  │ 669.36  │ 400.00   │ net11270                                              │ hold69/A                │ met1  │
│ 1.66  │ 665.08  │ 400.00   │ net13558                                              │ _061077_/A              │ met1  │
│ 1.63  │ 7925.98 │ 4860.44  │ wbs_dat_o_neuro[0\]                                   │ _061036_/A1             │ met4  │
│ 1.63  │ 650.93  │ 400.00   │ net3205                                               │ max_length3204/A        │ met1  │
│ 1.59  │ 634.03  │ 400.00   │ net23827                                              │ wire6191/A              │ met1  │
│ 1.58  │ 633.94  │ 400.00   │ net3831                                               │ hold16584/A             │ met1  │
│ 1.58  │ 632.19  │ 400.00   │ net9489                                               │ hold18007/A             │ met1  │
│ 1.57  │ 627.32  │ 400.00   │ clknet_3_1_0_wb_clk_i                                 │ clkbuf_4_3_0_wb_clk_i/A │ met1  │
│ 1.56  │ 5426.23 │ 3482.36  │ net3708                                               │ wire3707/A              │ met5  │
│ 1.55  │ 619.03  │ 400.00   │ net37799                                              │ _118645_/A1             │ met1  │
│ 1.54  │ 4273.33 │ 2773.88  │ net9204                                               │ _117411_/A1             │ met4  │
│ 1.53  │ 613.50  │ 400.00   │ _056607_                                              │ hold39400/A             │ met1  │
│ 1.50  │ 601.53  │ 400.00   │ _000811_                                              │ hold17533/A             │ met1  │
│ 1.48  │ 4109.27 │ 2773.88  │ net3758                                               │ hold17651/A             │ met4  │
│ 1.47  │ 587.03  │ 400.00   │ net37022                                              │ _118213_/A1             │ met1  │
│ 1.46  │ 5087.22 │ 3482.36  │ net3713                                               │ wire3712/A              │ met5  │
│ 1.44  │ 576.43  │ 400.00   │ net7860                                               │ wire7859/A              │ met1  │
│ 1.40  │ 4884.17 │ 3482.36  │ net1347                                               │ wire1346/A              │ met5  │
│ 1.39  │ 4576.63 │ 3304.16  │ _056681_                                              │ _114154_/B              │ met4  │
│ 1.38  │ 4809.78 │ 3482.36  │ net3309                                               │ _123893_/D              │ met4  │
│ 1.38  │ 552.00  │ 400.00   │ net51932                                              │ _113228_/C              │ met1  │
│ 1.37  │ 549.32  │ 400.00   │ net1022                                               │ _113842_/C              │ met1  │
│ 1.36  │ 4749.33 │ 3482.36  │ net9433                                               │ _117093_/A1             │ met4  │
│ 1.36  │ 4499.05 │ 3304.16  │ net1188                                               │ _114400_/A              │ met4  │
│ 1.33  │ 4635.05 │ 3482.36  │ net3790                                               │ _123141_/D              │ met3  │
│ 1.30  │ 3611.52 │ 2773.88  │ net3709                                               │ wire3708/A              │ met3  │
│ 1.30  │ 518.10  │ 400.00   │ net5338                                               │ fanout5336/A            │ met1  │
│ 1.28  │ 4004.19 │ 3125.96  │ _002450_                                              │ hold18122/A             │ met3  │
│ 1.28  │ 3540.00 │ 2773.88  │ net9436                                               │ _117089_/A1             │ met3  │
│ 1.28  │ 4213.97 │ 3304.16  │ net8161                                               │ _118743_/A1             │ met4  │
│ 1.27  │ 4202.79 │ 3304.16  │ net8989                                               │ _117643_/A1             │ met3  │
│ 1.27  │ 4422.59 │ 3482.36  │ net6568                                               │ wire6567/A              │ met5  │
│ 1.27  │ 3520.68 │ 2773.88  │ net6758                                               │ _113766_/A1             │ met4  │
│ 1.26  │ 4179.56 │ 3304.16  │ net10468                                              │ _115463_/A1             │ met4  │
│ 1.25  │ 501.64  │ 400.00   │ net7819                                               │ wire7818/A              │ met1  │
│ 1.25  │ 4138.29 │ 3304.16  │ net8370                                               │ _118495_/A1             │ met3  │
│ 1.25  │ 499.82  │ 400.00   │ net10694                                              │ _116567_/S              │ met1  │
│ 1.23  │ 491.64  │ 400.00   │ net41842                                              │ _115313_/A1             │ met1  │
│ 1.23  │ 3406.46 │ 2773.88  │ net3341                                               │ wire3340/A              │ met3  │
│ 1.22  │ 489.16  │ 400.00   │ net10440                                              │ fanout10439/A           │ met1  │
│ 1.22  │ 488.03  │ 400.00   │ net36989                                              │ _118961_/A1             │ met1  │
│ 1.21  │ 6958.87 │ 5729.84  │ wbs_dat_o_neuro[31\]                                  │ _061067_/A1             │ met4  │
│ 1.21  │ 3781.14 │ 3121.64  │ net8729                                               │ _118031_/A1             │ met4  │
│ 1.20  │ 479.22  │ 400.00   │ net5535                                               │ _117324_/A              │ met1  │
│ 1.20  │ 4163.88 │ 3482.36  │ net6739                                               │ wire6738/A              │ met5  │
│ 1.19  │ 4362.28 │ 3656.24  │ net3694                                               │ wire3693/A              │ met5  │
│ 1.19  │ 3934.10 │ 3304.16  │ net8318                                               │ _118543_/A1             │ met3  │
│ 1.19  │ 3928.25 │ 3304.16  │ net3855                                               │ _122499_/D              │ met3  │
│ 1.18  │ 3885.84 │ 3304.16  │ net8152                                               │ _118761_/A1             │ met4  │
│ 1.17  │ 469.49  │ 400.00   │ net6239                                               │ wire6238/A              │ met1  │
│ 1.16  │ 463.14  │ 400.00   │ net30329                                              │ _102990_/B              │ met1  │
│ 1.15  │ 4020.49 │ 3482.36  │ net12177                                              │ wire12176/A             │ met3  │
│ 1.15  │ 3186.41 │ 2773.88  │ net3726                                               │ wire3725/A              │ met3  │
│ 1.14  │ 454.72  │ 400.00   │ net28497                                              │ _062172_/B              │ met1  │
│ 1.13  │ 7082.02 │ 6251.48  │ wbs_dat_o_neuro[23\]                                  │ _061059_/A1             │ met4  │
│ 1.13  │ 4136.25 │ 3651.92  │ net3587                                               │ _123945_/D              │ met4  │
│ 1.13  │ 3125.28 │ 2773.88  │ net3708                                               │ wire3707/A              │ met4  │
│ 1.12  │ 446.19  │ 400.00   │ net4949                                               │ fanout4947/A            │ met1  │
│ 1.11  │ 442.53  │ 400.00   │ matmul_inst.gen_row[7\].gen_col[4\].pe_inst.a_out[4\] │ hold16539/A             │ met1  │
│ 1.11  │ 3067.46 │ 2773.88  │ net6402                                               │ wire6401/A              │ met3  │
│ 1.10  │ 3842.72 │ 3482.36  │ net6746                                               │ wire6745/A              │ met5  │
│ 1.10  │ 438.98  │ 400.00   │ net8745                                               │ _095678_/A              │ met1  │
│ 1.09  │ 4757.33 │ 4351.76  │ net9964                                               │ _116385_/A1             │ met5  │
│ 1.09  │ 435.32  │ 400.00   │ clknet_8_221__leaf_wb_clk_i                           │ _122069_/CLK            │ met1  │
│ 1.08  │ 4678.99 │ 4343.12  │ _056027_                                              │ wire1309/A              │ met4  │
│ 1.08  │ 430.55  │ 400.00   │ net4051                                               │ fanout4050/A            │ met1  │
│ 1.07  │ 3315.94 │ 3101.12  │ net3812                                               │ _122731_/D              │ met4  │
│ 1.06  │ 2952.89 │ 2773.88  │ net6499                                               │ wire6498/A              │ met3  │
│ 1.06  │ 422.75  │ 400.00   │ _056865_                                              │ _114341_/B              │ met1  │
│ 1.06  │ 3488.63 │ 3304.16  │ _056574_                                              │ _114023_/B              │ met4  │
│ 1.05  │ 420.41  │ 400.00   │ net4098                                               │ fanout4089/A            │ met1  │
│ 1.05  │ 420.41  │ 400.00   │ net4098                                               │ max_length4099/A        │ met1  │
│ 1.05  │ 4024.00 │ 3830.12  │ net8875                                               │ _117845_/A1             │ met4  │
│ 1.05  │ 3649.52 │ 3482.36  │ net3725                                               │ wire3724/A              │ met3  │
│ 1.04  │ 417.28  │ 400.00   │ net2327                                               │ _114012_/A2             │ met1  │
│ 1.04  │ 416.56  │ 400.00   │ net11160                                              │ hold39713/A             │ met1  │
│ 1.04  │ 3436.83 │ 3304.16  │ net3655                                               │ hold17087/A             │ met4  │
│ 1.03  │ 412.94  │ 400.00   │ net5182                                               │ fanout5177/A            │ met1  │
│ 1.03  │ 412.78  │ 400.00   │ net19257                                              │ hold33485/A             │ met1  │
│ 1.03  │ 412.02  │ 400.00   │ net10890                                              │ fanout10887/A           │ met1  │
│ 1.03  │ 411.12  │ 400.00   │ net4355                                               │ _082655_/C1             │ met1  │
│ 1.03  │ 3181.58 │ 3101.12  │ net3664                                               │ wire3663/A              │ met3  │
│ 1.02  │ 3566.10 │ 3482.36  │ net3755                                               │ _123292_/D              │ met3  │
│ 1.02  │ 2839.94 │ 2773.88  │ net8316                                               │ _118545_/A1             │ met4  │
│ 1.02  │ 408.89  │ 400.00   │ net13697                                              │ hold23330/A             │ met1  │
│ 1.02  │ 3557.71 │ 3482.36  │ net681                                                │ _095296_/B              │ met4  │
│ 1.02  │ 407.67  │ 400.00   │ net21331                                              │ hold34014/A             │ met1  │
│ 1.02  │ 3717.82 │ 3656.24  │ net6400                                               │ wire6399/A              │ met5  │
│ 1.02  │ 3359.11 │ 3304.16  │ net9436                                               │ _117089_/A1             │ met4  │
│ 1.01  │ 3695.87 │ 3651.92  │ net1193                                               │ _114280_/C              │ met4  │
│ 1.01  │ 3341.84 │ 3304.16  │ net10156                                              │ _116069_/A1             │ met4  │
│ 1.01  │ 3516.44 │ 3482.36  │ net6605                                               │ wire6604/A              │ met3  │
│ 1.01  │ 5446.98 │ 5395.04  │ net3832                                               │ _122538_/D              │ met3  │
│ 1.01  │ 3143.52 │ 3121.64  │ net1695                                               │ wire1694/A              │ met3  │
│ 1.01  │ 7345.71 │ 7294.76  │ wbs_dat_o_neuro[30\]                                  │ _061066_/A1             │ met4  │
│ 1.00  │ 4351.05 │ 4338.80  │ net9524                                               │ _117009_/A1             │ met4  │
│ 1.00  │ 5580.70 │ 5568.92  │ net6643                                               │ wire6642/A              │ met4  │
│ 1.00  │ 3485.87 │ 3482.36  │ net2887                                               │ wire2886/A              │ met5  │
│ 1.00  │ 4181.72 │ 4177.88  │ net6581                                               │ wire6580/A              │ met5  │
│ 1.00  │ 2950.03 │ 2947.76  │ net9634                                               │ _116899_/A1             │ met3  │
│ 1.00  │ 2949.20 │ 2947.76  │ net7176                                               │ _113761_/B2             │ met4  │
│ 1.00  │ 3125.97 │ 3125.96  │ _057336_                                              │ _114798_/B              │ met4  │
└───────┴─────────┴──────────┴───────────────────────────────────────────────────────┴─────────────────────────┴───────┘
