Clock: clk
Sources: wb_clk_i 
Generated: no
Virtual: yes
Propagated: no
Period: 25.000000

===========================================================================
report_clock_properties
============================================================================
Clock                   Period          Waveform
----------------------------------------------------
clk                  25.000000    0.000000 12.500000

===========================================================================
report_clock_latency
============================================================================
Clock clk
rise -> rise
    min     max
4.650000 5.570000 source latency
5.917352         network latency _123931_/CLK
        7.133479 network latency _123242_/CLK
---------------
10.567351 12.703479 latency
        2.136127 skew

fall -> fall
    min     max
4.650000 5.570000 source latency
6.012060         network latency _123931_/CLK
        7.185710 network latency _123242_/CLK
---------------
10.662060 12.755710 latency
        2.093650 skew



===========================================================================
report_clock_min_period
============================================================================
clk period_min = 9.94 fmax = 100.63
