
===========================================================================
 report_power
============================================================================
======================= nom_ff_n40C_1v95 Corner ===================================

Group                    Internal    Switching      Leakage        Total
                            Power        Power        Power        Power (Watts)
------------------------------------------------------------------------
Sequential           1.153474e-02 2.475116e-09 1.060409e-07 1.153485e-02  36.2%
Combinational        3.217929e-04 1.161061e-03 1.576381e-06 1.484430e-03   4.7%
Clock                1.022721e-02 8.300928e-03 9.568250e-08 1.852823e-02  58.1%
Macro                3.141761e-04 2.089294e-06 2.302500e-09 3.162677e-04   1.0%
Pad                  0.000000e+00 0.000000e+00 0.000000e+00 0.000000e+00   0.0%
------------------------------------------------------------------------
Total                2.239811e-02 9.464028e-03 1.780435e-06 3.186392e-02 100.0%
                            70.3%        29.7%         0.0%

