Clock: clk
Sources: wb_clk_i 
Generated: no
Virtual: yes
Propagated: no
Period: 25.000000

===========================================================================
report_clock_properties
============================================================================
Clock                   Period          Waveform
----------------------------------------------------
clk                  25.000000    0.000000 12.500000

===========================================================================
report_clock_latency
============================================================================
Clock clk
rise -> rise
    min     max
4.650000 5.570000 source latency
7.890242         network latency _123931_/CLK
        9.543885 network latency _122449_/CLK
---------------
12.540241 15.113886 latency
        2.573644 skew

fall -> fall
    min     max
4.650000 5.570000 source latency
7.723211         network latency _123931_/CLK
        9.252306 network latency _122449_/CLK
---------------
12.373210 14.822306 latency
        2.449095 skew



===========================================================================
report_clock_min_period
============================================================================
clk period_min = 28.54 fmax = 35.04
