
===========================================================================
 report_power
============================================================================
======================= nom_ss_100C_1v60 Corner ===================================

Group                    Internal    Switching      Leakage        Total
                            Power        Power        Power        Power (Watts)
------------------------------------------------------------------------
Sequential           7.711869e-03 1.170710e-06 8.834856e-05 7.801388e-03  27.8%
Combinational        3.361278e-04 9.651047e-04 5.932589e-04 1.894491e-03   6.8%
Clock                1.059716e-02 7.373133e-03 4.098552e-05 1.801128e-02  64.3%
Macro                3.141761e-04 7.203406e-07 2.302500e-09 3.148987e-04   1.1%
Pad                  0.000000e+00 0.000000e+00 0.000000e+00 0.000000e+00   0.0%
------------------------------------------------------------------------
Total                1.896375e-02 8.340658e-03 7.225735e-04 2.802698e-02 100.0%
                            67.7%        29.8%         2.6%

