
===========================================================================
Violator List
============================================================================
[setup in-reg] wbs_adr_i[3] -> _124307_/D : -5.257135
[setup in-reg] wbs_adr_i[3] -> _124305_/D : -4.781505
[setup in-reg] wbs_adr_i[3] -> _124300_/D : -4.647028
[setup in-reg] wbs_adr_i[3] -> _124299_/D : -4.408044
[setup in-reg] wbs_adr_i[3] -> _124298_/D : -4.243937
[setup in-reg] wbs_adr_i[3] -> _124304_/D : -4.242306
[setup in-reg] wbs_adr_i[3] -> _124313_/D : -4.180837
[setup in-reg] wbs_adr_i[3] -> _124297_/D : -4.150362
[setup in-reg] wbs_adr_i[3] -> _124309_/D : -4.093512
[setup in-reg] wbs_adr_i[3] -> _124314_/D : -4.085489
[setup in-reg] wbs_adr_i[3] -> _124296_/D : -4.045553
[setup in-reg] wbs_adr_i[3] -> _124308_/D : -4.007664
[setup in-reg] wbs_adr_i[3] -> _124306_/D : -3.881180
[setup in-reg] wbs_adr_i[3] -> _124301_/D : -3.830724
[setup in-reg] wbs_adr_i[3] -> _124303_/D : -3.806271
[setup in-reg] wbs_adr_i[3] -> _124319_/D : -3.758736
[setup in-reg] wbs_adr_i[3] -> _124310_/D : -3.679254
[setup reg-reg] _123260_/Q -> _123201_/D : -3.537256
[setup reg-reg] _122644_/Q -> _122315_/D : -3.522111
[setup in-reg] wbs_adr_i[3] -> _124321_/D : -3.497149
[setup in-reg] wbs_adr_i[3] -> _124325_/D : -3.468788
[setup in-reg] wbs_adr_i[3] -> _124323_/D : -3.468472
[setup in-reg] wbs_adr_i[3] -> _124312_/D : -3.467900
[setup in-reg] wbs_adr_i[3] -> _124318_/D : -3.467491
[setup reg-reg] _122644_/Q -> _122314_/D : -3.460329
[setup in-reg] wbs_adr_i[3] -> _124322_/D : -3.380070
[setup reg-reg] _124294_/Q -> _124051_/D : -3.378585
[setup reg-reg] _124294_/Q -> _123771_/D : -3.361443
[setup in-reg] wbs_adr_i[3] -> _124302_/D : -3.335281
[setup reg-reg] _124294_/Q -> _123758_/D : -3.321055
[setup reg-reg] _122644_/Q -> _122312_/D : -3.300226
[setup reg-reg] _123260_/Q -> _123203_/D : -3.297579
[setup reg-reg] _124294_/Q -> _124185_/D : -3.280196
[setup reg-reg] _123260_/Q -> _123200_/D : -3.261253
[setup reg-reg] _122555_/Q -> _122219_/D : -3.252936
[setup reg-reg] _124294_/Q -> _124186_/D : -3.246669
[setup reg-reg] _124294_/Q -> _121698_/D : -3.236718
[setup reg-reg] _124294_/Q -> _123817_/D : -3.228731
[setup reg-reg] _124294_/Q -> _123818_/D : -3.210520
[setup reg-reg] _122644_/Q -> _122313_/D : -3.209571
[setup in-reg] wbs_adr_i[3] -> _124311_/D : -3.208729
[setup reg-reg] _124294_/Q -> _123768_/D : -3.202917
[setup reg-reg] _124294_/Q -> _123767_/D : -3.196629
[setup reg-reg] _124294_/Q -> _124050_/D : -3.183992
[setup reg-reg] _124294_/Q -> _123946_/D : -3.175263
[setup in-reg] wbs_adr_i[3] -> _124315_/D : -3.163361
[setup reg-reg] _122828_/Q -> _122498_/D : -3.156213
[setup reg-reg] _124294_/Q -> _124046_/D : -3.138734
[setup reg-reg] _124294_/Q -> _123947_/D : -3.087997
[setup reg-reg] _124294_/Q -> _123770_/D : -3.063029
[setup reg-reg] _124294_/Q -> _123065_/D : -3.060190
[setup in-reg] wbs_adr_i[3] -> _124317_/D : -3.057824
[setup reg-reg] _124294_/Q -> _124195_/D : -3.038157
[setup in-reg] wbs_adr_i[3] -> _124320_/D : -3.034270
[setup reg-reg] _122555_/Q -> _122213_/D : -3.029243
[setup reg-reg] _124294_/Q -> _123064_/D : -3.017522
[setup reg-reg] _124294_/Q -> _123769_/D : -3.015995
[setup reg-reg] _122828_/Q -> _122496_/D : -3.005418
[setup reg-reg] _123629_/Q -> _123295_/D : -2.991762
[setup reg-reg] _123260_/Q -> _123199_/D : -2.989008
[setup reg-reg] _124294_/Q -> _124193_/D : -2.966747
[setup reg-reg] _123959_/Q -> _123627_/D : -2.965820
[setup reg-reg] _124294_/Q -> _124041_/D : -2.949566
[setup reg-reg] _123629_/Q -> _123296_/D : -2.944944
[setup reg-reg] _124294_/Q -> _124047_/D : -2.925880
[setup reg-reg] _123499_/Q -> _123163_/D : -2.906063
[setup reg-reg] _123307_/Q -> _122971_/D : -2.905917
[setup in-reg] wbs_adr_i[3] -> _124327_/D : -2.900379
[setup reg-reg] _124294_/Q -> _123865_/D : -2.898194
[setup reg-reg] _126470_/Q -> _121976_/D : -2.897426
[setup reg-reg] _124294_/Q -> _121697_/D : -2.892058
[setup reg-reg] _124294_/Q -> _124191_/D : -2.884835
[setup reg-reg] _122555_/Q -> _122218_/D : -2.877542
[setup reg-reg] _124294_/Q -> _124042_/D : -2.877428
[setup reg-reg] _124294_/Q -> _123766_/D : -2.874383
[setup reg-reg] _123683_/Q -> _123341_/D : -2.867445
[setup reg-reg] _123307_/Q -> _122970_/D : -2.862681
[setup reg-reg] _123260_/Q -> _123202_/D : -2.849195
[setup reg-reg] _123307_/Q -> _122963_/D : -2.846303
[setup reg-reg] _124294_/Q -> _123816_/D : -2.818879
[setup reg-reg] _122828_/Q -> _122494_/D : -2.813664
[setup reg-reg] _124294_/Q -> _123819_/D : -2.800608
[setup reg-reg] _122828_/Q -> _122491_/D : -2.794693
[setup reg-reg] _126470_/Q -> _121984_/D : -2.791392
[setup reg-reg] _123584_/Q -> _123250_/D : -2.780787
[setup reg-reg] _121460_/Q -> _121457_/D : -2.777075
[setup reg-reg] _124294_/Q -> _123067_/D : -2.776499
[setup reg-reg] _122644_/Q -> _122311_/D : -2.753300
[setup reg-reg] _126470_/Q -> _121982_/D : -2.749122
[setup reg-reg] _124294_/Q -> _123945_/D : -2.746308
[setup reg-reg] _121460_/Q -> _121456_/D : -2.745384
[setup reg-reg] _126470_/Q -> _121987_/D : -2.733380
[setup reg-reg] _123629_/Q -> _123297_/D : -2.725269
[setup reg-reg] _126470_/Q -> _121974_/D : -2.721741
[setup reg-reg] _123868_/Q -> _123539_/D : -2.687656
[setup in-reg] wbs_adr_i[3] -> _124316_/D : -2.683454
[setup reg-reg] _126470_/Q -> _121981_/D : -2.677961
[setup reg-reg] _123959_/Q -> _123625_/D : -2.663207
[setup in-reg] wbs_adr_i[3] -> _124326_/D : -2.661853
[setup reg-reg] _124052_/Q -> _123723_/D : -2.660521
[setup reg-reg] _123116_/Q -> _122787_/D : -2.654126
[setup reg-reg] _122828_/Q -> _122487_/D : -2.646289
[setup reg-reg] _122124_/Q -> _121795_/D : -2.639539
[setup reg-reg] _123868_/Q -> _123538_/D : -2.637922
[setup reg-reg] _124294_/Q -> _123815_/D : -2.635588
[setup reg-reg] _124294_/Q -> _123759_/D : -2.632561
[setup reg-reg] _124294_/Q -> _123955_/D : -2.626905
[setup reg-reg] _126470_/Q -> _121973_/D : -2.617394
[setup reg-reg] _122828_/Q -> _122499_/D : -2.616620
[setup reg-reg] _122828_/Q -> _122493_/D : -2.607454
[setup reg-reg] _123683_/Q -> _123345_/D : -2.598391
[setup reg-reg] _122596_/Q -> _122266_/D : -2.594533
[setup reg-reg] _124294_/Q -> _124049_/D : -2.583068
[setup reg-reg] _123629_/Q -> _123294_/D : -2.567845
[setup reg-reg] _122555_/Q -> _122215_/D : -2.565408
[setup reg-reg] _124294_/Q -> _123756_/D : -2.564725
[setup reg-reg] _123959_/Q -> _123626_/D : -2.559801
[setup reg-reg] _123779_/Q -> _123438_/D : -2.557055
[setup reg-reg] _124294_/Q -> _124043_/D : -2.556440
[setup reg-reg] _122124_/Q -> _121793_/D : -2.556380
[setup reg-reg] _124294_/Q -> _123763_/D : -2.541619
[setup reg-reg] _122172_/Q -> _121843_/D : -2.540617
[setup in-reg] wbs_adr_i[3] -> _124324_/D : -2.537988
[setup reg-reg] _123779_/Q -> _123437_/D : -2.535181
[setup reg-reg] _123307_/Q -> _122967_/D : -2.528516
[setup reg-reg] _123307_/Q -> _122969_/D : -2.520444
[setup reg-reg] _123683_/Q -> _123344_/D : -2.517655
[setup reg-reg] _124294_/Q -> _122871_/D : -2.516558
[setup reg-reg] _123116_/Q -> _122784_/D : -2.515456
[setup reg-reg] _123683_/Q -> _123347_/D : -2.515375
[setup reg-reg] _122596_/Q -> _122267_/D : -2.514742
[setup reg-reg] _124294_/Q -> _121695_/D : -2.498801
[setup reg-reg] _124294_/Q -> _123814_/D : -2.488719
[setup reg-reg] _122172_/Q -> _121841_/D : -2.486349
[setup reg-reg] _124294_/Q -> _124048_/D : -2.482601
[setup reg-reg] _123171_/Q -> _122826_/D : -2.480807
[setup reg-reg] _126470_/Q -> _121986_/D : -2.480093
[setup reg-reg] _124294_/Q -> _123765_/D : -2.468809
[setup reg-reg] _126470_/Q -> _121979_/D : -2.464795
[setup reg-reg] _124294_/Q -> _121696_/D : -2.450026
[setup reg-reg] _122124_/Q -> _121792_/D : -2.447933
[setup reg-reg] _122793_/Q -> _122451_/D : -2.445706
[setup reg-reg] _124294_/Q -> _124187_/D : -2.438103
[setup reg-reg] _122644_/Q -> _122310_/D : -2.437339
[setup reg-reg] _123629_/Q -> _123299_/D : -2.437119
[setup reg-reg] _123499_/Q -> _123161_/D : -2.435982
[setup reg-reg] _124052_/Q -> _123720_/D : -2.434444
[setup reg-reg] _124294_/Q -> _122875_/D : -2.433417
[setup reg-reg] _124294_/Q -> _122873_/D : -2.429534
[setup reg-reg] _121991_/Q -> _121659_/D : -2.418904
[setup reg-reg] _123171_/Q -> _122825_/D : -2.417668
[setup reg-reg] _123629_/Q -> _123298_/D : -2.416808
[setup reg-reg] _123868_/Q -> _123530_/D : -2.415515
[setup reg-reg] _122082_/Q -> _121747_/D : -2.415121
[setup reg-reg] _124294_/Q -> _122363_/D : -2.413991
[setup reg-reg] _124294_/Q -> _121699_/D : -2.407749
[setup reg-reg] _123076_/Q -> _123013_/D : -2.391335
[setup reg-reg] _123076_/Q -> _123011_/D : -2.391119
[setup reg-reg] _122828_/Q -> _122497_/D : -2.387360
[setup reg-reg] _124294_/Q -> _122867_/D : -2.385832
[setup reg-reg] _123779_/Q -> _123442_/D : -2.376947
[setup reg-reg] _126470_/Q -> _121975_/D : -2.375209
[setup reg-reg] _126492_/Q -> _124241_/D : -2.374840
[setup reg-reg] _121420_/Q -> _121416_/D : -2.371621
[setup reg-reg] _126492_/Q -> _124243_/D : -2.368186
[setup reg-reg] _123499_/Q -> _123160_/D : -2.364789
[setup reg-reg] _121844_/Q -> _121539_/D : -2.364601
[setup reg-reg] _122828_/Q -> _122490_/D : -2.364381
[setup reg-reg] _126478_/Q -> _121617_/D : -2.363180
[setup reg-reg] _124052_/Q -> _123721_/D : -2.358821
[setup reg-reg] _124294_/Q -> _124194_/D : -2.356970
[setup reg-reg] _124294_/Q -> _123066_/D : -2.352365
[setup reg-reg] _124294_/Q -> _122361_/D : -2.347829
[setup reg-reg] _122232_/Q -> _122169_/D : -2.346816
[setup reg-reg] _126470_/Q -> _121983_/D : -2.338716
[setup reg-reg] _122232_/Q -> _122171_/D : -2.328442
[setup reg-reg] _122134_/Q -> _122073_/D : -2.321027
[setup reg-reg] _124294_/Q -> _121694_/D : -2.313076
[setup reg-reg] _122124_/Q -> _121790_/D : -2.312302
[setup reg-reg] _124294_/Q -> _123057_/D : -2.308490
[setup reg-reg] _122452_/Q -> _122123_/D : -2.307946
[setup reg-reg] _123307_/Q -> _122966_/D : -2.300698
[setup reg-reg] _124294_/Q -> _123063_/D : -2.299345
[setup reg-reg] _123253_/Q -> _122923_/D : -2.289216
[setup reg-reg] _124294_/Q -> _123950_/D : -2.281816
[setup reg-reg] _123116_/Q -> _122786_/D : -2.273389
[setup reg-reg] _122644_/Q -> _122307_/D : -2.270103
[setup reg-reg] _123643_/Q -> _123574_/D : -2.268994
[setup reg-reg] _124294_/Q -> _122872_/D : -2.267818
[setup reg-reg] _121420_/Q -> _121419_/D : -2.267257
[setup reg-reg] _122828_/Q -> _122489_/D : -2.263569
[setup reg-reg] _122134_/Q -> _122075_/D : -2.262926
[setup reg-reg] _124294_/Q -> _123954_/D : -2.260585
[setup reg-reg] _126478_/Q -> _121619_/D : -2.258570
[setup reg-reg] _126470_/Q -> _121978_/D : -2.255394
[setup reg-reg] _123307_/Q -> _122962_/D : -2.254431
[setup reg-reg] _126543_/Q -> _123914_/D : -2.251273
[setup reg-reg] _122082_/Q -> _121744_/D : -2.245592
[setup reg-reg] _123959_/Q -> _123623_/D : -2.245432
[setup reg-reg] _122172_/Q -> _121840_/D : -2.242441
[setup reg-reg] _122747_/Q -> _122411_/D : -2.239464
[setup reg-reg] _121620_/Q -> _121347_/D : -2.236142
[setup reg-reg] _124294_/Q -> _122863_/D : -2.235734
[setup reg-reg] _122703_/Q -> _122642_/D : -2.235442
[setup reg-reg] _124294_/Q -> _122870_/D : -2.233925
[setup reg-reg] _122275_/Q -> _121938_/D : -2.231037
[setup reg-reg] _122555_/Q -> _122211_/D : -2.230067
[setup reg-reg] _124294_/Q -> _123953_/D : -2.227150
[setup reg-reg] _124052_/Q -> _123722_/D : -2.227011
[setup reg-reg] _122082_/Q -> _121742_/D : -2.224471
[setup reg-reg] _122555_/Q -> _122214_/D : -2.224081
[setup reg-reg] _124294_/Q -> _123757_/D : -2.223739
[setup reg-reg] _122555_/Q -> _122217_/D : -2.220286
[setup reg-reg] _122596_/Q -> _122261_/D : -2.204057
[setup reg-reg] _126478_/Q -> _121611_/D : -2.201087
[setup reg-reg] _122124_/Q -> _121794_/D : -2.199418
[setup reg-reg] _123023_/Q -> _122691_/D : -2.199275
[setup reg-reg] _124294_/Q -> _124189_/D : -2.197471
[setup reg-reg] _123076_/Q -> _123018_/D : -2.197371
[setup reg-reg] _121844_/Q -> _121538_/D : -2.194881
[setup reg-reg] _123452_/Q -> _123393_/D : -2.194554
[setup reg-reg] _124294_/Q -> _123866_/D : -2.191467
[setup reg-reg] _123584_/Q -> _123249_/D : -2.191392
[setup reg-reg] _122275_/Q -> _121939_/D : -2.187818
[setup reg-reg] _122172_/Q -> _121838_/D : -2.181505
[setup reg-reg] _122452_/Q -> _122121_/D : -2.173337
[setup reg-reg] _122876_/Q -> _122546_/D : -2.172197
[setup reg-reg] _124294_/Q -> _123761_/D : -2.170605
[setup reg-reg] _122596_/Q -> _122259_/D : -2.169888
[setup reg-reg] _122275_/Q -> _121937_/D : -2.166818
[setup reg-reg] _122134_/Q -> _122072_/D : -2.165542
[setup reg-reg] _122555_/Q -> _122216_/D : -2.164892
[setup reg-reg] _126492_/Q -> _124237_/D : -2.153176
[setup reg-reg] _124294_/Q -> _121499_/D : -2.149069
[setup reg-reg] _122703_/Q -> _122640_/D : -2.146365
[setup reg-reg] _126470_/Q -> _121985_/D : -2.146177
[setup reg-reg] _121460_/Q -> _121450_/D : -2.141981
[setup reg-reg] _121661_/Q -> _121379_/D : -2.139760
[setup reg-reg] _124294_/Q -> _124045_/D : -2.138712
[setup reg-reg] _123629_/Q -> _123292_/D : -2.135973
[setup reg-reg] _123629_/Q -> _123293_/D : -2.133760
[setup reg-reg] _123444_/Q -> _123113_/D : -2.132172
[setup reg-reg] _122555_/Q -> _122212_/D : -2.126583
[setup reg-reg] _123683_/Q -> _123343_/D : -2.125582
[setup reg-reg] _126470_/Q -> _121977_/D : -2.125102
[setup reg-reg] _123779_/Q -> _123436_/D : -2.118753
[setup reg-reg] _126492_/Q -> _124239_/D : -2.116789
[setup reg-reg] _121420_/Q -> _121413_/D : -2.104677
[setup reg-reg] _122232_/Q -> _122170_/D : -2.098283
[setup reg-reg] _122232_/Q -> _122166_/D : -2.092197
[setup in-reg] wbs_adr_i[11] -> _121193_/D : -2.090200
[setup reg-reg] _126502_/Q -> _124143_/D : -2.085596
[setup reg-reg] _123253_/Q -> _122915_/D : -2.082583
[setup reg-reg] _122124_/Q -> _121789_/D : -2.078647
[setup reg-reg] _123452_/Q -> _123389_/D : -2.078409
[setup reg-reg] _124294_/Q -> _122874_/D : -2.074476
[setup reg-reg] _126470_/Q -> _121980_/D : -2.068589
[setup reg-reg] _123452_/Q -> _123386_/D : -2.065608
[setup reg-reg] _123253_/Q -> _122921_/D : -2.064624
[setup reg-reg] _121460_/Q -> _121458_/D : -2.060364
[setup reg-reg] _126438_/Q -> _123483_/D : -2.059324
[setup in-reg] wbs_adr_i[11] -> _121192_/D : -2.057551
[setup reg-reg] _124294_/Q -> _122362_/D : -2.053561
[setup reg-reg] _123076_/Q -> _123019_/D : -2.050196
[setup reg-reg] _126478_/Q -> _121616_/D : -2.048473
[setup reg-reg] _123076_/Q -> _123016_/D : -2.047813
[setup in-reg] wbs_adr_i[11] -> _121197_/D : -2.042064
[setup reg-reg] _122828_/Q -> _122495_/D : -2.038909
[setup reg-reg] _123253_/Q -> _122916_/D : -2.036764
[setup reg-reg] _122082_/Q -> _121741_/D : -2.033840
[setup reg-reg] _122644_/Q -> _122309_/D : -2.033183
[setup reg-reg] _123683_/Q -> _123346_/D : -2.028504
[setup reg-reg] _121420_/Q -> _121418_/D : -2.026312
[setup reg-reg] _126492_/Q -> _124242_/D : -2.019792
[setup reg-reg] _123584_/Q -> _123251_/D : -2.019181
[setup in-reg] wbs_adr_i[11] -> _121196_/D : -2.015860
[setup reg-reg] _122828_/Q -> _122492_/D : -2.015103
[setup reg-reg] _126543_/Q -> _123913_/D : -2.014808
[setup reg-reg] _126502_/Q -> _124141_/D : -2.010314
[setup reg-reg] _123452_/Q -> _123395_/D : -2.010097
[setup reg-reg] _123676_/Q -> _123334_/D : -2.003283
[setup reg-reg] _123959_/Q -> _123622_/D : -2.003276
[setup reg-reg] _123253_/Q -> _122918_/D : -1.996302
[setup reg-reg] _124294_/Q -> _124192_/D : -1.991101
[setup reg-reg] _123260_/Q -> _123197_/D : -1.989040
[setup reg-reg] _122172_/Q -> _121842_/D : -1.985381
[setup reg-reg] _126492_/Q -> _124234_/D : -1.979867
[setup reg-reg] _126438_/Q -> _123491_/D : -1.974033
[setup reg-reg] _123959_/Q -> _123624_/D : -1.972939
[setup reg-reg] _123444_/Q -> _123114_/D : -1.972563
[setup reg-reg] _123171_/Q -> _122824_/D : -1.971046
[setup reg-reg] _124294_/Q -> _121693_/D : -1.967472
[setup reg-reg] _123779_/Q -> _123441_/D : -1.967134
[setup reg-reg] _122172_/Q -> _121837_/D : -1.967106
[setup reg-reg] _121620_/Q -> _121344_/D : -1.966043
[setup reg-reg] _122134_/Q -> _122074_/D : -1.954824
[setup reg-reg] _122082_/Q -> _121746_/D : -1.952092
[setup in-reg] wbs_adr_i[7] -> _124295_/D : -1.950998
[setup reg-reg] _124294_/Q -> _121496_/D : -1.944400
[setup reg-reg] _122275_/Q -> _121935_/D : -1.932417
[setup reg-reg] _123779_/Q -> _123435_/D : -1.932062
[setup reg-reg] _121844_/Q -> _121529_/D : -1.931610
[setup reg-reg] _123307_/Q -> _122965_/D : -1.929674
[setup reg-reg] _121383_/Q -> _121369_/D : -1.927820
[setup reg-reg] _122890_/Q -> _122827_/D : -1.927624
[setup reg-reg] _123076_/Q -> _123010_/D : -1.923901
[setup reg-reg] _123023_/Q -> _122690_/D : -1.922828
[setup reg-reg] _123171_/Q -> _122819_/D : -1.919460
[setup reg-reg] _122124_/Q -> _121791_/D : -1.911236
[setup reg-reg] _121661_/Q -> _121378_/D : -1.904997
[setup reg-reg] _122134_/Q -> _122070_/D : -1.902546
[setup reg-reg] _121620_/Q -> _121346_/D : -1.898531
[setup reg-reg] _122172_/Q -> _121831_/D : -1.890847
[setup reg-reg] _123253_/Q -> _122910_/D : -1.888711
[setup reg-reg] _126543_/Q -> _123909_/D : -1.888438
[setup reg-reg] _126438_/Q -> _123485_/D : -1.882832
[setup reg-reg] _121460_/Q -> _121455_/D : -1.881972
[setup reg-reg] _122172_/Q -> _121835_/D : -1.881166
[setup reg-reg] _123116_/Q -> _122785_/D : -1.878288
[setup reg-reg] _123069_/Q -> _122739_/D : -1.876778
[setup reg-reg] _121991_/Q -> _121658_/D : -1.872202
[setup reg-reg] _122596_/Q -> _122265_/D : -1.870713
[setup reg-reg] _124294_/Q -> _121492_/D : -1.868472
[setup reg-reg] _122134_/Q -> _122067_/D : -1.866219
[setup reg-reg] _122082_/Q -> _121743_/D : -1.864514
[setup reg-reg] _123779_/Q -> _123439_/D : -1.862095
[setup reg-reg] _122452_/Q -> _122109_/D : -1.860759
[setup reg-reg] _124161_/Q -> _124099_/D : -1.859057
[setup reg-reg] _124294_/Q -> _123942_/D : -1.857220
[setup reg-reg] _123452_/Q -> _123388_/D : -1.855366
[setup reg-reg] _124294_/Q -> _122869_/D : -1.852225
[setup reg-reg] _123076_/Q -> _123009_/D : -1.847262
[setup reg-reg] _123499_/Q -> _123159_/D : -1.846612
[setup reg-reg] _122452_/Q -> _122122_/D : -1.843446
[setup reg-reg] _123452_/Q -> _123391_/D : -1.842132
[setup reg-reg] _122793_/Q -> _122450_/D : -1.841112
[setup reg-reg] _123253_/Q -> _122922_/D : -1.840380
[setup reg-reg] _122747_/Q -> _122405_/D : -1.838966
[setup reg-reg] _122172_/Q -> _121834_/D : -1.837464
[setup reg-reg] _122172_/Q -> _121830_/D : -1.837201
[setup reg-reg] _122232_/Q -> _122165_/D : -1.835808
[setup reg-reg] _122082_/Q -> _121738_/D : -1.832689
[setup reg-reg] _122082_/Q -> _121733_/D : -1.832671
[setup reg-reg] _121464_/Q -> _121451_/D : -1.828543
[setup reg-reg] _122232_/Q -> _122159_/D : -1.827317
[setup reg-reg] _124294_/Q -> _121687_/D : -1.820673
[setup reg-reg] _123260_/Q -> _123195_/D : -1.811355
[setup reg-reg] _122876_/Q -> _122544_/D : -1.806296
[setup reg-reg] _122747_/Q -> _122410_/D : -1.785121
[setup reg-reg] _122082_/Q -> _121736_/D : -1.784166
[setup reg-reg] _122172_/Q -> _121839_/D : -1.783523
[setup reg-reg] _122452_/Q -> _122119_/D : -1.781302
[setup reg-reg] _122644_/Q -> _122308_/D : -1.780581
[setup reg-reg] _123629_/Q -> _123291_/D : -1.777995
[setup reg-reg] _122596_/Q -> _122258_/D : -1.773980
[setup reg-reg] _126533_/Q -> _124003_/D : -1.769198
[setup reg-reg] _123683_/Q -> _123342_/D : -1.761311
[setup reg-reg] _122365_/Q -> _122034_/D : -1.758572
[setup reg-reg] _123307_/Q -> _122968_/D : -1.755279
[setup reg-reg] _122876_/Q -> _122547_/D : -1.755126
[setup reg-reg] _126492_/Q -> _124238_/D : -1.754493
[setup reg-reg] _123076_/Q -> _123017_/D : -1.753413
[setup reg-reg] _121948_/Q -> _121890_/D : -1.749729
[setup reg-reg] _126533_/Q -> _124000_/D : -1.748493
[setup reg-reg] _123629_/Q -> _123290_/D : -1.747829
[setup reg-reg] _123069_/Q -> _122738_/D : -1.742269
[setup reg-reg] _122172_/Q -> _121833_/D : -1.736492
[setup reg-reg] _123116_/Q -> _122777_/D : -1.733785
[setup reg-reg] _122596_/Q -> _122263_/D : -1.732936
[setup reg-reg] _123253_/Q -> _122917_/D : -1.731326
[setup reg-reg] _121991_/Q -> _121650_/D : -1.730314
[setup reg-reg] _123732_/Q -> _123673_/D : -1.727774
[setup reg-reg] _123069_/Q -> _122737_/D : -1.727535
[setup reg-reg] _123959_/Q -> _123620_/D : -1.726885
[setup reg-reg] _123779_/Q -> _123443_/D : -1.723681
[setup reg-reg] _121460_/Q -> _121459_/D : -1.722512
[setup reg-reg] _123260_/Q -> _123191_/D : -1.721386
[setup in-reg] wbs_adr_i[8] -> _124286_/D : -1.704937
[setup reg-reg] _122703_/Q -> _122641_/D : -1.703054
[setup reg-reg] _126478_/Q -> _121618_/D : -1.694694
[setup reg-reg] _123779_/Q -> _123434_/D : -1.693273
[setup reg-reg] _123959_/Q -> _123621_/D : -1.690687
[setup reg-reg] _126492_/Q -> _124235_/D : -1.689603
[setup reg-reg] _123119_/Q -> _122781_/D : -1.686466
[setup reg-reg] _121383_/Q -> _121370_/D : -1.682597
[setup reg-reg] _121460_/Q -> _121449_/D : -1.681094
[setup in-reg] wbs_adr_i[8] -> _124288_/D : -1.680096
[setup reg-reg] _121420_/Q -> _121415_/D : -1.675591
[setup reg-reg] _126478_/Q -> _121612_/D : -1.673623
[setup reg-reg] _123779_/Q -> _123440_/D : -1.673527
[setup reg-reg] _123779_/Q -> _123433_/D : -1.670767
[setup reg-reg] _126543_/Q -> _123912_/D : -1.670291
[setup reg-reg] _122134_/Q -> _122064_/D : -1.669548
[setup reg-reg] _124294_/Q -> _123944_/D : -1.655831
[setup reg-reg] _124294_/Q -> _122859_/D : -1.655742
[setup reg-reg] _122644_/Q -> _122306_/D : -1.653447
[setup in-reg] wbs_adr_i[8] -> _124285_/D : -1.652044
[setup reg-reg] _122082_/Q -> _121737_/D : -1.649010
[setup reg-reg] _123959_/Q -> _123619_/D : -1.647404
[setup reg-reg] _126478_/Q -> _121615_/D : -1.646473
[setup reg-reg] _122232_/Q -> _122162_/D : -1.645457
[setup reg-reg] _124294_/Q -> _123760_/D : -1.640206
[setup reg-reg] _124294_/Q -> _123855_/D : -1.634493
[setup in-reg] wbs_adr_i[8] -> _124292_/D : -1.633364
[setup reg-reg] _123253_/Q -> _122914_/D : -1.633154
[setup reg-reg] _122703_/Q -> _122638_/D : -1.629609
[setup in-reg] wbs_adr_i[8] -> _124287_/D : -1.628500
[setup reg-reg] _122745_/Q -> _122398_/D : -1.627278
[setup reg-reg] _122232_/Q -> _122161_/D : -1.625175
[setup reg-reg] _124294_/Q -> _124184_/D : -1.622709
[setup reg-reg] _126492_/Q -> _124240_/D : -1.622411
[setup reg-reg] _122124_/Q -> _121787_/D : -1.621746
[setup in-reg] wbs_adr_i[8] -> _124289_/D : -1.621682
[setup reg-reg] _123307_/Q -> _122961_/D : -1.618158
[setup reg-reg] _122596_/Q -> _122264_/D : -1.617586
[setup reg-reg] _122082_/Q -> _121745_/D : -1.616744
[setup reg-reg] _121948_/Q -> _121887_/D : -1.615994
[setup reg-reg] _124294_/Q -> _122862_/D : -1.612957
[setup reg-reg] _126438_/Q -> _123482_/D : -1.612399
[setup reg-reg] _122275_/Q -> _121934_/D : -1.607997
[setup in-reg] wbs_adr_i[8] -> _124290_/D : -1.606651
[setup reg-reg] _121500_/Q -> _121490_/D : -1.595495
[setup reg-reg] _121583_/Q -> _121579_/D : -1.594369
[setup reg-reg] _122876_/Q -> _122540_/D : -1.592451
[setup reg-reg] _122703_/Q -> _122643_/D : -1.590156
[setup reg-reg] _122555_/Q -> _122209_/D : -1.588102
[setup reg-reg] _123171_/Q -> _122817_/D : -1.586095
[setup reg-reg] _124161_/Q -> _124096_/D : -1.583569
[setup reg-reg] _123076_/Q -> _123015_/D : -1.580435
[setup reg-reg] _126438_/Q -> _123489_/D : -1.569987
[setup in-reg] wbs_adr_i[8] -> _124291_/D : -1.569333
[setup reg-reg] _123116_/Q -> _122783_/D : -1.569315
[setup reg-reg] _122828_/Q -> _122488_/D : -1.554611
[setup reg-reg] _122082_/Q -> _121740_/D : -1.553932
[setup reg-reg] _124294_/Q -> _122868_/D : -1.548699
[setup reg-reg] _123779_/Q -> _123432_/D : -1.547011
[setup reg-reg] _121948_/Q -> _121884_/D : -1.543768
[setup reg-reg] _126438_/Q -> _123490_/D : -1.541441
[setup reg-reg] _121948_/Q -> _121883_/D : -1.538844
[setup reg-reg] _124294_/Q -> _124038_/D : -1.533937
[setup reg-reg] _121500_/Q -> _121487_/D : -1.532623
[setup reg-reg] _126502_/Q -> _124147_/D : -1.525947
[setup reg-reg] _122926_/Q -> _122595_/D : -1.525081
[setup reg-reg] _124294_/Q -> _121498_/D : -1.523461
[setup reg-reg] _124294_/Q -> _123857_/D : -1.515499
[setup reg-reg] _126438_/Q -> _123488_/D : -1.512980
[setup reg-reg] _121620_/Q -> _121345_/D : -1.511353
[setup reg-reg] _121991_/Q -> _121655_/D : -1.508965
[setup reg-reg] _121948_/Q -> _121877_/D : -1.506240
[setup in-reg] wb_rst_i -> _125704_/D : -1.505775
[setup reg-reg] _126543_/Q -> _123915_/D : -1.501775
[setup reg-reg] _124294_/Q -> _122861_/D : -1.497757
[setup reg-reg] _126533_/Q -> _123998_/D : -1.492612
[setup reg-reg] _122555_/Q -> _122208_/D : -1.492236
[setup reg-reg] _124294_/Q -> _124183_/D : -1.490268
[setup reg-reg] _124294_/Q -> _121495_/D : -1.486434
[setup reg-reg] _122082_/Q -> _121739_/D : -1.485216
[setup reg-reg] _124161_/Q -> _124095_/D : -1.474831
[setup reg-reg] _122596_/Q -> _122262_/D : -1.474326
[setup in-reg] wbs_adr_i[7] -> _124244_/D : -1.473783
[setup reg-reg] _121661_/Q -> _121377_/D : -1.472415
[setup reg-reg] _123452_/Q -> _123394_/D : -1.462279
[setup reg-reg] _123452_/Q -> _123384_/D : -1.459952
[setup reg-reg] _121583_/Q -> _121570_/D : -1.455842
[setup reg-reg] _123307_/Q -> _122960_/D : -1.453117
[setup reg-reg] _123171_/Q -> _122818_/D : -1.451035
[setup reg-reg] _123116_/Q -> _122773_/D : -1.450218
[setup reg-reg] _121844_/Q -> _121534_/D : -1.444022
[setup reg-reg] _122172_/Q -> _121836_/D : -1.441471
[setup reg-reg] _121948_/Q -> _121880_/D : -1.440263
[setup reg-reg] _121500_/Q -> _121491_/D : -1.433833
[setup reg-reg] _124294_/Q -> _122860_/D : -1.432625
[setup reg-reg] _121844_/Q -> _121536_/D : -1.429111
[setup reg-reg] _123076_/Q -> _123012_/D : -1.427633
[setup reg-reg] _126478_/Q -> _121609_/D : -1.424692
[setup reg-reg] _122555_/Q -> _122210_/D : -1.420076
[setup reg-reg] _126438_/Q -> _123479_/D : -1.413014
[setup reg-reg] _121500_/Q -> _121489_/D : -1.412200
[setup reg-reg] _124294_/Q -> _122864_/D : -1.408921
[setup reg-reg] _124294_/Q -> _123951_/D : -1.403574
[setup reg-reg] _123076_/Q -> _123008_/D : -1.403276
[setup reg-reg] _124294_/Q -> _123867_/D : -1.401155
[setup reg-reg] _123076_/Q -> _123014_/D : -1.396025
[setup reg-reg] _123023_/Q -> _122689_/D : -1.395414
[setup in-reg] wbs_adr_i[8] -> _126575_/D : -1.394525
[setup reg-reg] _121420_/Q -> _121414_/D : -1.391342
[setup reg-reg] _124161_/Q -> _124098_/D : -1.391196
[setup in-reg] wb_rst_i -> _125452_/D : -1.386198
[setup reg-reg] _123260_/Q -> _123190_/D : -1.382940
[setup reg-reg] _124294_/Q -> _124190_/D : -1.381547
[setup reg-reg] _122134_/Q -> _122066_/D : -1.376165
[setup reg-reg] _123260_/Q -> _123194_/D : -1.373817
[setup reg-reg] _124052_/Q -> _123719_/D : -1.367649
[setup reg-reg] _121844_/Q -> _121537_/D : -1.364271
[setup reg-reg] _123959_/Q -> _123618_/D : -1.363770
[setup reg-reg] _123253_/Q -> _122912_/D : -1.363418
[setup reg-reg] _126446_/Q -> _123111_/D : -1.361418
[setup reg-reg] _123499_/Q -> _123162_/D : -1.354760
[setup reg-reg] _121420_/Q -> _121417_/D : -1.353513
[setup reg-reg] _121422_/Q -> _121412_/D : -1.352934
[setup reg-reg] _123260_/Q -> _123198_/D : -1.352145
[setup reg-reg] _123643_/Q -> _123578_/D : -1.349957
[setup reg-reg] _126438_/Q -> _123487_/D : -1.348344
[setup reg-reg] _124294_/Q -> _123060_/D : -1.347356
[setup reg-reg] _126533_/Q -> _124002_/D : -1.345633
[setup reg-reg] _124294_/Q -> _123952_/D : -1.344311
[setup reg-reg] _122134_/Q -> _122063_/D : -1.341132
[setup reg-reg] _123171_/Q -> _122823_/D : -1.339270
[setup reg-reg] _123253_/Q -> _122920_/D : -1.336112
[setup reg-reg] _121661_/Q -> _121371_/D : -1.334893
[setup reg-reg] _122452_/Q -> _122115_/D : -1.323709
[setup reg-reg] _122232_/Q -> _122163_/D : -1.321613
[setup reg-reg] _123253_/Q -> _122911_/D : -1.318849
[setup reg-reg] _122275_/Q -> _121933_/D : -1.315979
[setup reg-reg] _126533_/Q -> _124001_/D : -1.312625
[setup reg-reg] _122555_/Q -> _122207_/D : -1.310237
[setup reg-reg] _122644_/Q -> _122304_/D : -1.310131
[setup reg-reg] _126543_/Q -> _123911_/D : -1.304336
[setup reg-reg] _123253_/Q -> _122913_/D : -1.304215
[setup reg-reg] _124294_/Q -> _121494_/D : -1.302830
[setup reg-reg] _126446_/Q -> _123099_/D : -1.302606
[setup reg-reg] _123779_/Q -> _123431_/D : -1.301288
[setup reg-reg] _121991_/Q -> _121657_/D : -1.300364
[setup reg-reg] _122365_/Q -> _122031_/D : -1.292602
[setup reg-reg] _123069_/Q -> _122735_/D : -1.291664
[setup reg-reg] _122172_/Q -> _121828_/D : -1.288978
[setup reg-reg] _122747_/Q -> _122409_/D : -1.278906
[setup in-reg] wbs_adr_i[8] -> _126580_/D : -1.278824
[setup in-reg] wbs_adr_i[8] -> _126578_/D : -1.275748
[setup reg-reg] _122365_/Q -> _122033_/D : -1.273509
[setup reg-reg] _123069_/Q -> _122732_/D : -1.271086
[setup reg-reg] _123452_/Q -> _123390_/D : -1.269562
[setup in-reg] wbs_adr_i[7] -> _124294_/D : -1.269012
[setup in-reg] wbs_adr_i[8] -> _126581_/D : -1.266173
[setup reg-reg] _124294_/Q -> _122866_/D : -1.265132
[setup reg-reg] _121460_/Q -> _121453_/D : -1.264773
[setup reg-reg] _123452_/Q -> _123387_/D : -1.263636
[setup reg-reg] _126543_/Q -> _123904_/D : -1.261842
[setup reg-reg] _123260_/Q -> _123193_/D : -1.252950
[setup reg-reg] _122232_/Q -> _122167_/D : -1.239627
[setup in-reg] wbs_adr_i[8] -> _126642_/D : -1.237449
[setup in-reg] wbs_adr_i[8] -> _126574_/D : -1.235403
[setup in-reg] wbs_adr_i[8] -> _126576_/D : -1.232447
[setup reg-reg] _122876_/Q -> _122542_/D : -1.231779
[setup reg-reg] _124294_/Q -> _123813_/D : -1.230678
[setup in-reg] wbs_adr_i[8] -> _126579_/D : -1.230085
[setup reg-reg] _124294_/Q -> _122357_/D : -1.229679
[setup reg-reg] _123452_/Q -> _123383_/D : -1.225519
[setup reg-reg] _123499_/Q -> _123158_/D : -1.222777
[setup reg-reg] _122124_/Q -> _121788_/D : -1.218030
[setup reg-reg] _124294_/Q -> _122865_/D : -1.217785
[setup reg-reg] _123732_/Q -> _123675_/D : -1.215934
[setup reg-reg] _122232_/Q -> _122160_/D : -1.215728
[setup in-reg] wbs_adr_i[8] -> _126639_/D : -1.206537
[setup reg-reg] _124294_/Q -> _121493_/D : -1.201762
[setup reg-reg] _122124_/Q -> _121783_/D : -1.199823
[setup reg-reg] _124294_/Q -> _123755_/D : -1.198274
[setup reg-reg] _121991_/Q -> _121654_/D : -1.193261
[setup in-reg] wbs_adr_i[11] -> _126952_/D : -1.192788
[setup reg-reg] _123253_/Q -> _122919_/D : -1.192554
[setup reg-reg] _123116_/Q -> _122780_/D : -1.188823
[setup reg-reg] _122134_/Q -> _122071_/D : -1.185875
[setup reg-reg] _126543_/Q -> _123907_/D : -1.185029
[setup reg-reg] _121500_/Q -> _121488_/D : -1.183206
[setup reg-reg] _121948_/Q -> _121879_/D : -1.177877
[setup reg-reg] _126446_/Q -> _123100_/D : -1.177377
[setup in-reg] wb_rst_i -> _124341_/D : -1.176634
[setup reg-reg] _121948_/Q -> _121889_/D : -1.176147
[setup in-reg] wbs_adr_i[11] -> _126955_/D : -1.174854
[setup in-reg] wbs_adr_i[11] -> _126829_/D : -1.174193
[setup reg-reg] _121948_/Q -> _121882_/D : -1.172712
[setup in-reg] wb_rst_i -> _124342_/D : -1.170907
[setup reg-reg] _121948_/Q -> _121875_/D : -1.170236
[setup in-reg] wbs_adr_i[11] -> _124279_/D : -1.167585
[setup in-reg] wbs_adr_i[11] -> _126954_/D : -1.166463
[setup in-reg] wbs_adr_i[11] -> _126804_/D : -1.165212
[setup in-reg] wbs_adr_i[11] -> _126940_/D : -1.164860
[setup in-reg] wbs_adr_i[11] -> _126823_/D : -1.163464
[setup reg-reg] _122134_/Q -> _122065_/D : -1.163308
[setup reg-reg] _121991_/Q -> _121648_/D : -1.162469
[setup reg-reg] _122644_/Q -> _122303_/D : -1.161386
[setup in-reg] wbs_adr_i[11] -> _126803_/D : -1.155840
[setup in-reg] wbs_adr_i[11] -> _124284_/D : -1.155080
[setup in-reg] wbs_adr_i[11] -> _126950_/D : -1.153982
[setup reg-reg] _122082_/Q -> _121732_/D : -1.152532
[setup in-reg] wbs_adr_i[11] -> _126931_/D : -1.152319
[setup in-reg] wbs_adr_i[11] -> _127352_/D : -1.151569
[setup in-reg] wbs_adr_i[11] -> _126798_/D : -1.151069
[setup in-reg] wbs_adr_i[11] -> _126929_/D : -1.150433
[setup in-reg] wbs_adr_i[11] -> _127351_/D : -1.150021
[setup in-reg] wbs_adr_i[11] -> _126784_/D : -1.149431
[setup in-reg] wbs_adr_i[11] -> _126786_/D : -1.148802
[setup reg-reg] _126438_/Q -> _123481_/D : -1.148624
[setup reg-reg] _123452_/Q -> _123392_/D : -1.147001
[setup reg-reg] _122596_/Q -> _122256_/D : -1.146752
[setup in-reg] wbs_adr_i[11] -> _126824_/D : -1.146574
[setup in-reg] wbs_adr_i[11] -> _126825_/D : -1.146500
[setup reg-reg] _122828_/Q -> _122485_/D : -1.146365
[setup in-reg] wbs_adr_i[11] -> _126827_/D : -1.145306
[setup reg-reg] _123959_/Q -> _123617_/D : -1.142190
[setup reg-reg] _126502_/Q -> _124144_/D : -1.140297
[setup in-reg] wbs_adr_i[11] -> _126828_/D : -1.138556
[setup in-reg] wbs_adr_i[11] -> _126927_/D : -1.138201
[setup in-reg] wbs_adr_i[11] -> _126782_/D : -1.138105
[setup in-reg] wbs_adr_i[11] -> _126799_/D : -1.138044
[setup reg-reg] _124294_/Q -> _123863_/D : -1.133639
[setup reg-reg] _123868_/Q -> _123529_/D : -1.131543
[setup in-reg] wbs_adr_i[11] -> _126651_/D : -1.130992
[setup in-reg] wbs_adr_i[11] -> _126930_/D : -1.127368
[setup in-reg] wbs_adr_i[11] -> _126653_/D : -1.126491
[setup in-reg] wbs_adr_i[11] -> _126926_/D : -1.126487
[setup in-reg] wbs_adr_i[11] -> _126647_/D : -1.125027
[setup in-reg] wbs_adr_i[11] -> _126646_/D : -1.124611
[setup in-reg] wbs_adr_i[11] -> _126800_/D : -1.122828
[setup reg-reg] _122232_/Q -> _122168_/D : -1.122228
[setup in-reg] wbs_adr_i[11] -> _126801_/D : -1.121968
[setup in-reg] wbs_adr_i[11] -> _126787_/D : -1.121197
[setup in-reg] wbs_adr_i[11] -> _126938_/D : -1.118092
[setup in-reg] wbs_adr_i[11] -> _126783_/D : -1.116035
[setup in-reg] wbs_adr_i[11] -> _126762_/D : -1.115982
[setup in-reg] wb_rst_i -> _126489_/D : -1.115914
[setup in-reg] wbs_adr_i[11] -> _124281_/D : -1.114657
[setup in-reg] wbs_adr_i[11] -> _126802_/D : -1.112206
[setup in-reg] wbs_adr_i[11] -> _126648_/D : -1.108774
[setup in-reg] wbs_adr_i[11] -> _127355_/D : -1.108710
[setup in-reg] wb_rst_i -> _126492_/D : -1.107214
[setup in-reg] wbs_adr_i[11] -> _124283_/D : -1.106752
[setup in-reg] wbs_adr_i[11] -> _126805_/D : -1.105612
[setup reg-reg] _124294_/Q -> _121497_/D : -1.105075
[setup in-reg] wb_rst_i -> _126493_/D : -1.104567
[setup in-reg] wbs_adr_i[8] -> _126640_/D : -1.101618
[setup in-reg] wb_rst_i -> _126491_/D : -1.100883
[setup in-reg] wbs_adr_i[11] -> _126832_/D : -1.100379
[setup in-reg] wbs_adr_i[11] -> _126932_/D : -1.100137
[setup in-reg] wbs_adr_i[11] -> _126935_/D : -1.099853
[setup reg-reg] _123584_/Q -> _123248_/D : -1.098350
[setup in-reg] wb_rst_i -> _126490_/D : -1.098165
[setup in-reg] wbs_adr_i[11] -> _127176_/D : -1.097906
[setup in-reg] wbs_adr_i[11] -> _127350_/D : -1.097217
[setup in-reg] wbs_adr_i[11] -> _126838_/D : -1.096264
[setup in-reg] wbs_adr_i[8] -> _127322_/D : -1.095643
[setup in-reg] wbs_adr_i[8] -> _126644_/D : -1.095504
[setup in-reg] wbs_adr_i[11] -> _126928_/D : -1.095504
[setup reg-reg] _121991_/Q -> _121656_/D : -1.094886
[setup reg-reg] _121948_/Q -> _121886_/D : -1.094794
[setup in-reg] wbs_adr_i[11] -> _124277_/D : -1.094680
[setup reg-reg] _126478_/Q -> _121614_/D : -1.093788
[setup in-reg] wbs_adr_i[11] -> _127233_/D : -1.092999
[setup in-reg] wbs_adr_i[11] -> _126933_/D : -1.089511
[setup in-reg] wbs_adr_i[11] -> _127356_/D : -1.088416
[setup in-reg] wbs_adr_i[11] -> _126936_/D : -1.087933
[setup in-reg] wbs_adr_i[11] -> _124278_/D : -1.087535
[setup in-reg] wbs_adr_i[11] -> _127354_/D : -1.087500
[setup in-reg] wbs_adr_i[11] -> _126914_/D : -1.087230
[setup in-reg] wbs_adr_i[11] -> _127389_/D : -1.083471
[setup in-reg] wbs_adr_i[11] -> _124280_/D : -1.083158
[setup in-reg] wbs_adr_i[8] -> _127320_/D : -1.083116
[setup in-reg] wbs_adr_i[8] -> _126643_/D : -1.082153
[setup in-reg] wbs_adr_i[8] -> _127318_/D : -1.081926
[setup reg-reg] _124294_/Q -> _121692_/D : -1.081759
[setup reg-reg] _123444_/Q -> _123109_/D : -1.081080
[setup reg-reg] _122365_/Q -> _122035_/D : -1.079744
[setup in-reg] wb_rst_i -> _126488_/D : -1.079609
[setup in-reg] wbs_adr_i[8] -> _126645_/D : -1.079549
[setup in-reg] wbs_adr_i[11] -> _126901_/D : -1.078899
[setup reg-reg] _124294_/Q -> _122858_/D : -1.077442
[setup in-reg] wbs_adr_i[11] -> _126934_/D : -1.076998
[setup in-reg] wb_rst_i -> _126486_/D : -1.076838
[setup in-reg] wbs_adr_i[11] -> _126894_/D : -1.076522
[setup in-reg] wbs_adr_i[11] -> _126831_/D : -1.075474
[setup in-reg] wbs_adr_i[11] -> _126939_/D : -1.075140
[setup in-reg] wbs_adr_i[11] -> _126956_/D : -1.075012
[setup in-reg] wbs_adr_i[11] -> _127357_/D : -1.073836
[setup in-reg] wbs_adr_i[8] -> _126638_/D : -1.073584
[setup in-reg] wbs_adr_i[11] -> _126652_/D : -1.072721
[setup reg-reg] _121620_/Q -> _121343_/D : -1.072401
[setup in-reg] wbs_adr_i[11] -> _127353_/D : -1.071093
[setup in-reg] wbs_adr_i[11] -> _126788_/D : -1.069413
[setup in-reg] wbs_adr_i[11] -> _126841_/D : -1.067928
[setup in-reg] wbs_adr_i[8] -> _127319_/D : -1.066894
[setup in-reg] wbs_adr_i[11] -> _126649_/D : -1.065264
[setup in-reg] wbs_adr_i[11] -> _126609_/D : -1.064848
[setup in-reg] wbs_adr_i[11] -> _126650_/D : -1.063771
[setup in-reg] wbs_adr_i[11] -> _126896_/D : -1.063018
[setup reg-reg] _124294_/Q -> _123764_/D : -1.062013
[setup in-reg] wbs_adr_i[11] -> _126721_/D : -1.061995
[setup in-reg] wbs_adr_i[11] -> _127327_/D : -1.061096
[setup in-reg] wbs_adr_i[11] -> _127328_/D : -1.060421
[setup in-reg] wbs_adr_i[11] -> _126617_/D : -1.059679
[setup reg-reg] _122172_/Q -> _121832_/D : -1.059380
[setup reg-reg] _126438_/Q -> _123486_/D : -1.058858
[setup reg-reg] _123629_/Q -> _123289_/D : -1.058698
[setup reg-reg] _123116_/Q -> _122782_/D : -1.056961
[setup in-reg] wbs_adr_i[11] -> _127330_/D : -1.056861
[setup in-reg] wbs_adr_i[11] -> _127235_/D : -1.055938
[setup in-reg] wbs_adr_i[11] -> _126839_/D : -1.055302
[setup reg-reg] _123171_/Q -> _122822_/D : -1.053241
[setup reg-reg] _126478_/Q -> _121613_/D : -1.050914
[setup in-reg] wbs_adr_i[11] -> _126897_/D : -1.050665
[setup in-reg] wbs_adr_i[8] -> _127324_/D : -1.049610
[setup in-reg] wbs_adr_i[11] -> _124256_/D : -1.049166
[setup in-reg] wbs_adr_i[11] -> _126953_/D : -1.048029
[setup reg-reg] _126543_/Q -> _123898_/D : -1.047720
[setup in-reg] wb_rst_i -> _126487_/D : -1.047020
[setup in-reg] wbs_adr_i[8] -> _127323_/D : -1.045880
[setup in-reg] wbs_adr_i[11] -> _127333_/D : -1.044963
[setup in-reg] wbs_adr_i[11] -> _126941_/D : -1.043897
[setup in-reg] wbs_adr_i[11] -> _126895_/D : -1.042928
[setup in-reg] wbs_adr_i[11] -> _127174_/D : -1.042874
[setup in-reg] wbs_adr_i[8] -> _127321_/D : -1.041847
[setup in-reg] wbs_adr_i[8] -> _127325_/D : -1.040256
[setup in-reg] wbs_adr_i[11] -> _127331_/D : -1.038760
[setup in-reg] wbs_adr_i[11] -> _126789_/D : -1.037304
[setup in-reg] wbs_adr_i[11] -> _126785_/D : -1.036895
[setup in-reg] wbs_adr_i[11] -> _126610_/D : -1.034422
[setup reg-reg] _123452_/Q -> _123382_/D : -1.032760
[setup in-reg] wbs_adr_i[11] -> _127231_/D : -1.032365
[setup reg-reg] _126438_/Q -> _123478_/D : -1.028702
[setup in-reg] wbs_adr_i[11] -> _127234_/D : -1.028607
[setup in-reg] wbs_adr_i[11] -> _126845_/D : -1.027711
[setup reg-reg] _122275_/Q -> _121932_/D : -1.027381
[setup in-reg] wbs_adr_i[11] -> _127332_/D : -1.027093
[setup in-reg] wbs_adr_i[11] -> _126937_/D : -1.026596
[setup in-reg] wbs_adr_i[11] -> _126842_/D : -1.026102
[setup in-reg] wbs_adr_i[11] -> _126763_/D : -1.026038
[setup in-reg] wbs_adr_i[11] -> _126951_/D : -1.025139
[setup in-reg] wbs_adr_i[11] -> _126764_/D : -1.023633
[setup reg-reg] _126446_/Q -> _123103_/D : -1.023022
[setup in-reg] wbs_adr_i[11] -> _126812_/D : -1.022137
[setup in-reg] wbs_adr_i[11] -> _127230_/D : -1.018176
[setup in-reg] wbs_adr_i[11] -> _127329_/D : -1.017948
[setup in-reg] wbs_adr_i[11] -> _126806_/D : -1.015703
[setup in-reg] wbs_adr_i[11] -> _127232_/D : -1.015501
[setup reg-reg] _121948_/Q -> _121888_/D : -1.015355
[setup in-reg] wbs_adr_i[11] -> _126912_/D : -1.014477
[setup reg-reg] _122275_/Q -> _121931_/D : -1.013618
[setup in-reg] wbs_adr_i[11] -> _127382_/D : -1.012616
[setup in-reg] wbs_adr_i[8] -> _126695_/D : -1.012548
[setup reg-reg] _124294_/Q -> _121486_/D : -1.012410
[setup in-reg] wbs_adr_i[11] -> _126887_/D : -1.012015
[setup in-reg] wbs_adr_i[11] -> _124259_/D : -1.011610
[setup in-reg] wbs_adr_i[11] -> _126722_/D : -1.010552
[setup in-reg] wbs_adr_i[11] -> _126615_/D : -1.010271
[setup in-reg] wbs_adr_i[8] -> _126757_/D : -1.009187
[setup reg-reg] _123069_/Q -> _122734_/D : -1.007582
[setup in-reg] wbs_adr_i[11] -> _126606_/D : -1.007379
[setup reg-reg] _123069_/Q -> _122733_/D : -1.005922
[setup reg-reg] _122452_/Q -> _122118_/D : -1.005720
[setup reg-reg] _121460_/Q -> _121452_/D : -1.004747
[setup in-reg] wbs_adr_i[11] -> _126840_/D : -1.004661
[setup in-reg] wbs_adr_i[11] -> _126843_/D : -1.004164
[setup in-reg] wbs_adr_i[11] -> _126760_/D : -1.003116
[setup in-reg] wbs_adr_i[11] -> _127326_/D : -1.002530
[setup reg-reg] _123959_/Q -> _123615_/D : -1.001489
[setup in-reg] wbs_adr_i[11] -> _126621_/D : -1.000515
[setup in-reg] wbs_adr_i[11] -> _126844_/D : -1.000359
[setup in-reg] wbs_adr_i[11] -> _126693_/D : -1.000352
[setup in-reg] wbs_adr_i[11] -> _126861_/D : -1.000352
[setup in-reg] wbs_adr_i[11] -> _126707_/D : -0.999989
[setup in-reg] wbs_adr_i[11] -> _126602_/D : -0.999947
[setup in-reg] wbs_adr_i[11] -> _126744_/D : -0.999464
[setup reg-reg] _126446_/Q -> _123115_/D : -0.999201
[setup in-reg] wbs_adr_i[11] -> _126705_/D : -0.996245
[setup in-reg] wbs_adr_i[11] -> _126612_/D : -0.995062
[setup in-reg] wbs_adr_i[11] -> _126867_/D : -0.994543
[setup in-reg] wbs_adr_i[11] -> _124257_/D : -0.994415
[setup reg-reg] _123023_/Q -> _122688_/D : -0.994096
[setup in-reg] wbs_adr_i[11] -> _127178_/D : -0.993129
[setup in-reg] wbs_adr_i[11] -> _126943_/D : -0.993119
[setup in-reg] wbs_adr_i[11] -> _126942_/D : -0.993015
[setup reg-reg] _121500_/Q -> _121485_/D : -0.992980
[setup in-reg] wbs_adr_i[11] -> _126869_/D : -0.992522
[setup in-reg] wbs_adr_i[11] -> _126746_/D : -0.992362
[setup in-reg] wbs_adr_i[11] -> _126808_/D : -0.992188
[setup in-reg] wbs_adr_i[8] -> _126750_/D : -0.991538
[setup in-reg] wbs_adr_i[11] -> _126690_/D : -0.991346
[setup reg-reg] _124294_/Q -> _123762_/D : -0.990998
[setup in-reg] wbs_adr_i[11] -> _126917_/D : -0.990610
[setup in-reg] wbs_adr_i[11] -> _127270_/D : -0.990205
[setup in-reg] wbs_adr_i[11] -> _126607_/D : -0.990195
[setup in-reg] wbs_adr_i[11] -> _127236_/D : -0.989729
[setup in-reg] wbs_adr_i[11] -> _126608_/D : -0.989346
[setup in-reg] wbs_adr_i[8] -> _126755_/D : -0.987971
[setup reg-reg] _121948_/Q -> _121891_/D : -0.986884
[setup in-reg] wbs_adr_i[11] -> _126863_/D : -0.986876
[setup in-reg] wbs_adr_i[11] -> _126725_/D : -0.986656
[setup in-reg] wbs_adr_i[11] -> _126749_/D : -0.986599
[setup in-reg] wbs_adr_i[11] -> _126837_/D : -0.986471
[setup in-reg] wbs_adr_i[11] -> _127237_/D : -0.986201
[setup in-reg] wbs_adr_i[11] -> _126835_/D : -0.985938
[setup in-reg] wbs_adr_i[8] -> _126700_/D : -0.985864
[setup in-reg] wbs_adr_i[11] -> _124255_/D : -0.985786
[setup in-reg] wbs_adr_i[11] -> _126864_/D : -0.983441
[setup in-reg] wbs_adr_i[11] -> _126830_/D : -0.983420
[setup reg-reg] _124294_/Q -> _124039_/D : -0.981625
[setup in-reg] wbs_adr_i[11] -> _124258_/D : -0.981480
[setup in-reg] wbs_adr_i[11] -> _126703_/D : -0.980297
[setup reg-reg] _122876_/Q -> _122545_/D : -0.980233
[setup in-reg] wbs_adr_i[11] -> _126807_/D : -0.979814
[setup in-reg] wbs_adr_i[11] -> _126613_/D : -0.979728
[setup in-reg] wbs_adr_i[11] -> _126915_/D : -0.979512
[setup in-reg] wbs_adr_i[11] -> _127179_/D : -0.978776
[setup in-reg] wbs_adr_i[11] -> _126759_/D : -0.978748
[setup in-reg] wbs_adr_i[11] -> _127180_/D : -0.978645
[setup in-reg] wbs_adr_i[11] -> _126600_/D : -0.977813
[setup in-reg] wbs_adr_i[11] -> _126611_/D : -0.977280
[setup in-reg] wbs_adr_i[8] -> _126751_/D : -0.976169
[setup in-reg] wbs_adr_i[11] -> _126916_/D : -0.975462
[setup reg-reg] _121661_/Q -> _121376_/D : -0.974630
[setup in-reg] wbs_adr_i[11] -> _126811_/D : -0.974360
[setup in-reg] wbs_adr_i[11] -> _126758_/D : -0.974261
[setup in-reg] wbs_adr_i[11] -> _126599_/D : -0.973756
[setup reg-reg] _122082_/Q -> _121735_/D : -0.973611
[setup in-reg] wbs_adr_i[11] -> _126809_/D : -0.973000
[setup in-reg] wbs_adr_i[8] -> _126696_/D : -0.972896
[setup in-reg] wbs_adr_i[11] -> _126692_/D : -0.972740
[setup in-reg] wbs_adr_i[8] -> _126694_/D : -0.972644
[setup in-reg] wbs_adr_i[11] -> _126862_/D : -0.971948
[setup in-reg] wbs_adr_i[11] -> _126601_/D : -0.971788
[setup in-reg] wbs_adr_i[11] -> _126865_/D : -0.971248
[setup in-reg] wbs_adr_i[11] -> _126731_/D : -0.971127
[setup in-reg] wbs_adr_i[11] -> _126709_/D : -0.970346
[setup in-reg] wbs_adr_i[11] -> _127177_/D : -0.968992
[setup in-reg] wbs_adr_i[11] -> _127273_/D : -0.968235
[setup in-reg] wbs_adr_i[11] -> _126866_/D : -0.967830
[setup in-reg] wbs_adr_i[11] -> _126949_/D : -0.967809
[setup in-reg] wbs_adr_i[11] -> _127391_/D : -0.967685
[setup in-reg] wbs_adr_i[11] -> _127181_/D : -0.966548
[setup in-reg] wbs_adr_i[11] -> _126702_/D : -0.966509
[setup in-reg] wbs_adr_i[11] -> _127392_/D : -0.966356
[setup in-reg] wbs_adr_i[11] -> _127381_/D : -0.966107
[setup reg-reg] _124161_/Q -> _124094_/D : -0.965596
[setup in-reg] wbs_adr_i[11] -> _127272_/D : -0.965486
[setup in-reg] wbs_adr_i[11] -> _126836_/D : -0.965290
[setup in-reg] wbs_adr_i[11] -> _127274_/D : -0.965084
[setup in-reg] wbs_adr_i[11] -> _126603_/D : -0.964832
[setup in-reg] wbs_adr_i[8] -> _126756_/D : -0.964310
[setup in-reg] wbs_adr_i[11] -> _126708_/D : -0.963695
[setup in-reg] wbs_adr_i[11] -> _127275_/D : -0.961421
[setup in-reg] wbs_adr_i[8] -> _126754_/D : -0.961027
[setup in-reg] wbs_adr_i[11] -> _126688_/D : -0.960735
[setup in-reg] wbs_adr_i[11] -> _126604_/D : -0.960565
[setup in-reg] wbs_adr_i[11] -> _126747_/D : -0.960465
[setup in-reg] wbs_adr_i[11] -> _126946_/D : -0.960075
[setup in-reg] wbs_adr_i[11] -> _127271_/D : -0.959581
[setup in-reg] wbs_adr_i[11] -> _126889_/D : -0.959364
[setup in-reg] wbs_adr_i[11] -> _126745_/D : -0.957744
[setup in-reg] wbs_adr_i[11] -> _126689_/D : -0.957542
[setup in-reg] wbs_adr_i[8] -> _126701_/D : -0.956725
[setup in-reg] wbs_adr_i[11] -> _126816_/D : -0.956725
[setup in-reg] wbs_adr_i[11] -> _126810_/D : -0.956547
[setup in-reg] wbs_adr_i[11] -> _126704_/D : -0.953932
[setup in-reg] wbs_adr_i[11] -> _126813_/D : -0.953566
[setup in-reg] wbs_adr_i[11] -> _126742_/D : -0.953438
[setup reg-reg] _121991_/Q -> _121651_/D : -0.952632
[setup in-reg] wbs_adr_i[11] -> _126886_/D : -0.952518
[setup in-reg] wbs_adr_i[11] -> _127395_/D : -0.951559
[setup in-reg] wbs_adr_i[11] -> _126706_/D : -0.950951
[setup in-reg] wbs_adr_i[11] -> _126855_/D : -0.950809
[setup in-reg] wbs_adr_i[11] -> _127387_/D : -0.950688
[setup in-reg] wbs_adr_i[11] -> _127242_/D : -0.950681
[setup in-reg] wbs_adr_i[8] -> _126753_/D : -0.949004
[setup in-reg] wbs_adr_i[11] -> _126598_/D : -0.948592
[setup in-reg] wbs_adr_i[11] -> _127277_/D : -0.948187
[setup reg-reg] _122124_/Q -> _121786_/D : -0.947612
[setup in-reg] wbs_adr_i[11] -> _126868_/D : -0.947114
[setup in-reg] wbs_adr_i[11] -> _127238_/D : -0.946589
[setup in-reg] wbs_adr_i[11] -> _126691_/D : -0.946265
[setup in-reg] wbs_adr_i[11] -> _127393_/D : -0.946159
[setup in-reg] wbs_adr_i[11] -> _126748_/D : -0.945928
[setup in-reg] wbs_adr_i[11] -> _126761_/D : -0.944677
[setup reg-reg] _126470_/Q -> _121972_/D : -0.944258
[setup reg-reg] _122452_/Q -> _122120_/D : -0.943636
[setup in-reg] wbs_adr_i[11] -> _126597_/D : -0.942094
[setup in-reg] wbs_adr_i[11] -> _126910_/D : -0.942055
[setup in-reg] wbs_adr_i[11] -> _126945_/D : -0.941739
[setup in-reg] wbs_adr_i[11] -> _126913_/D : -0.941707
[setup in-reg] wbs_adr_i[8] -> _126698_/D : -0.941167
[setup reg-reg] _126478_/Q -> _121608_/D : -0.940808
[setup in-reg] wbs_adr_i[11] -> _127276_/D : -0.939949
[setup in-reg] wbs_adr_i[11] -> _126592_/D : -0.939426
[setup in-reg] wbs_adr_i[11] -> _126687_/D : -0.939359
[setup in-reg] wbs_adr_i[11] -> _127397_/D : -0.938687
[setup in-reg] wbs_adr_i[11] -> _126888_/D : -0.938169
[setup in-reg] wbs_adr_i[11] -> _126605_/D : -0.938130
[setup in-reg] wbs_adr_i[11] -> _126944_/D : -0.937376
[setup in-reg] wbs_adr_i[11] -> _126743_/D : -0.937337
[setup reg-reg] _123452_/Q -> _123381_/D : -0.937128
[setup in-reg] wbs_adr_i[11] -> _127384_/D : -0.936726
[setup in-reg] wbs_adr_i[11] -> _127390_/D : -0.935344
[setup in-reg] wbs_adr_i[11] -> _126893_/D : -0.934879
[setup in-reg] wbs_adr_i[11] -> _126590_/D : -0.934101
[setup reg-reg] _122232_/Q -> _122158_/D : -0.932495
[setup in-reg] wbs_adr_i[11] -> _127378_/D : -0.932399
[setup in-reg] wbs_adr_i[11] -> _126890_/D : -0.932310
[setup in-reg] wbs_adr_i[11] -> _127383_/D : -0.931575
[setup in-reg] wbs_adr_i[11] -> _127386_/D : -0.931319
[setup in-reg] wbs_adr_i[11] -> _127396_/D : -0.930054
[setup in-reg] wbs_adr_i[11] -> _127394_/D : -0.929450
[setup reg-reg] _126502_/Q -> _124146_/D : -0.928058
[setup in-reg] wbs_adr_i[11] -> _126686_/D : -0.927205
[setup in-reg] wbs_adr_i[11] -> _126860_/D : -0.924821
[setup in-reg] wbs_adr_i[11] -> _127239_/D : -0.924704
[setup in-reg] wbs_adr_i[11] -> _126947_/D : -0.923993
[setup in-reg] wbs_adr_i[11] -> _127385_/D : -0.922803
[setup in-reg] wbs_adr_i[11] -> _127388_/D : -0.920224
[setup in-reg] wbs_adr_i[11] -> _126891_/D : -0.920100
[setup in-reg] wbs_adr_i[11] -> _126718_/D : -0.919570
[setup reg-reg] _126543_/Q -> _123910_/D : -0.918856
[setup reg-reg] _123868_/Q -> _123537_/D : -0.918753
[setup in-reg] wbs_adr_i[11] -> _127374_/D : -0.916188
[setup in-reg] wbs_adr_i[11] -> _126852_/D : -0.914852
[setup in-reg] wbs_adr_i[11] -> _126814_/D : -0.914632
[setup in-reg] wbs_adr_i[11] -> _126820_/D : -0.912877
[setup in-reg] wbs_adr_i[11] -> _126732_/D : -0.911601
[setup in-reg] wbs_adr_i[11] -> _127243_/D : -0.911125
[setup reg-reg] _123779_/Q -> _123430_/D : -0.909758
[setup in-reg] wbs_adr_i[11] -> _126817_/D : -0.907622
[setup in-reg] wbs_adr_i[11] -> _127288_/D : -0.906425
[setup in-reg] wbs_adr_i[11] -> _126857_/D : -0.905985
[setup reg-reg] _122365_/Q -> _122032_/D : -0.905938
[setup reg-reg] _123732_/Q -> _123674_/D : -0.905825
[setup reg-reg] _122232_/Q -> _122164_/D : -0.905779
[setup reg-reg] _121582_/Q -> _121571_/D : -0.905636
[setup reg-reg] _123253_/Q -> _122909_/D : -0.905384
[setup in-reg] wb_rst_i -> _124906_/D : -0.905132
[setup in-reg] wbs_adr_i[11] -> _127376_/D : -0.905068
[setup in-reg] wbs_adr_i[11] -> _127190_/D : -0.902858
[setup in-reg] wbs_adr_i[11] -> _127191_/D : -0.901238
[setup in-reg] wbs_adr_i[11] -> _126892_/D : -0.900826
[setup in-reg] wbs_adr_i[11] -> _126859_/D : -0.896613
[setup in-reg] wbs_adr_i[11] -> _127377_/D : -0.895753
[setup in-reg] wbs_adr_i[11] -> _127401_/D : -0.894847
[setup in-reg] wbs_adr_i[11] -> _126729_/D : -0.894392
[setup in-reg] wbs_adr_i[11] -> _126858_/D : -0.893841
[setup in-reg] wbs_adr_i[11] -> _127194_/D : -0.892204
[setup in-reg] wbs_adr_i[11] -> _127291_/D : -0.889521
[setup in-reg] wbs_adr_i[11] -> _126719_/D : -0.889369
[setup in-reg] wbs_adr_i[11] -> _127197_/D : -0.889006
[setup in-reg] wbs_adr_i[11] -> _126849_/D : -0.886512
[setup in-reg] wbs_adr_i[11] -> _127192_/D : -0.885681
[setup in-reg] wbs_adr_i[11] -> _126818_/D : -0.884732
[setup in-reg] wbs_adr_i[11] -> _126815_/D : -0.883876
[setup reg-reg] _123444_/Q -> _123107_/D : -0.883436
[setup reg-reg] _126438_/Q -> _123480_/D : -0.883382
[setup in-reg] wbs_adr_i[11] -> _127379_/D : -0.882622
[setup in-reg] wbs_adr_i[11] -> _126854_/D : -0.882263
[setup reg-reg] _123260_/Q -> _123189_/D : -0.881684
[setup in-reg] wbs_adr_i[11] -> _127241_/D : -0.880288
[setup reg-reg] _122365_/Q -> _122030_/D : -0.879201
[setup in-reg] wbs_adr_i[11] -> _127375_/D : -0.879069
[setup in-reg] wbs_adr_i[11] -> _127380_/D : -0.878781
[setup in-reg] wbs_adr_i[11] -> _126591_/D : -0.876920
[setup in-reg] wbs_adr_i[11] -> _126594_/D : -0.876291
[setup in-reg] wbs_adr_i[11] -> _127195_/D : -0.876032
[setup in-reg] wbs_adr_i[11] -> _127292_/D : -0.875769
[setup in-reg] wbs_adr_i[11] -> _126596_/D : -0.875549
[setup in-reg] wbs_adr_i[11] -> _126834_/D : -0.873268
[setup in-reg] wbs_adr_i[11] -> _127193_/D : -0.872976
[setup in-reg] wbs_adr_i[11] -> _126899_/D : -0.872664
[setup in-reg] wbs_adr_i[11] -> _126672_/D : -0.872078
[setup in-reg] wbs_adr_i[11] -> _126884_/D : -0.870699
[setup in-reg] wbs_adr_i[11] -> _126723_/D : -0.868997
[setup in-reg] wbs_adr_i[11] -> _126733_/D : -0.867843
[setup in-reg] wbs_adr_i[11] -> _126851_/D : -0.865157
[setup in-reg] wbs_adr_i[11] -> _126595_/D : -0.865057
[setup in-reg] wbs_adr_i[11] -> _126900_/D : -0.864297
[setup in-reg] wbs_adr_i[7] -> _124293_/D : -0.864134
[setup in-reg] wbs_adr_i[11] -> _126671_/D : -0.863530
[setup in-reg] wbs_adr_i[11] -> _126677_/D : -0.863132
[setup in-reg] wbs_adr_i[11] -> _126898_/D : -0.861018
[setup reg-reg] _123732_/Q -> _123670_/D : -0.860144
[setup in-reg] wbs_adr_i[11] -> _126847_/D : -0.859316
[setup in-reg] wbs_adr_i[11] -> _126874_/D : -0.859089
[setup in-reg] wbs_adr_i[11] -> _127399_/D : -0.858854
[setup in-reg] wbs_adr_i[11] -> _127422_/D : -0.857799
[setup in-reg] wbs_adr_i[8] -> _124270_/D : -0.857785
[setup in-reg] wbs_adr_i[11] -> _126726_/D : -0.857071
[setup in-reg] wbs_adr_i[11] -> _126730_/D : -0.856470
[setup reg-reg] _124294_/Q -> _123062_/D : -0.855291
[setup reg-reg] _122876_/Q -> _122536_/D : -0.855238
[setup in-reg] wbs_adr_i[11] -> _127240_/D : -0.854740
[setup reg-reg] _123779_/Q -> _123429_/D : -0.853699
[setup in-reg] wbs_adr_i[11] -> _127196_/D : -0.853600
[setup in-reg] wbs_adr_i[11] -> _127245_/D : -0.853571
[setup in-reg] wbs_adr_i[11] -> _127310_/D : -0.852598
[setup in-reg] wbs_adr_i[11] -> _126881_/D : -0.851919
[setup in-reg] wbs_adr_i[11] -> _126727_/D : -0.850584
[setup in-reg] wbs_adr_i[11] -> _127312_/D : -0.848996
[setup in-reg] wbs_adr_i[11] -> _126728_/D : -0.846821
[setup in-reg] wbs_adr_i[11] -> _126870_/D : -0.846541
[setup in-reg] wbs_adr_i[11] -> _127314_/D : -0.846267
[setup in-reg] wbs_adr_i[11] -> _126846_/D : -0.846065
[setup in-reg] wbs_adr_i[11] -> _127244_/D : -0.845656
[setup in-reg] wbs_adr_i[11] -> _127358_/D : -0.844047
[setup in-reg] wbs_adr_i[11] -> _127364_/D : -0.843130
[setup reg-reg] _122705_/Q -> _122639_/D : -0.843087
[setup reg-reg] _124294_/Q -> _124188_/D : -0.842828
[setup in-reg] wbs_adr_i[11] -> _127398_/D : -0.842785
[setup in-reg] wbs_adr_i[11] -> _126637_/D : -0.842448
[setup in-reg] wbs_adr_i[11] -> _126885_/D : -0.841464
[setup in-reg] wbs_adr_i[11] -> _126875_/D : -0.840359
[setup in-reg] wbs_adr_i[11] -> _127286_/D : -0.838959
[setup in-reg] wbs_adr_i[11] -> _126882_/D : -0.836536
[setup in-reg] wbs_adr_i[7] -> _126429_/D : -0.836103
[setup in-reg] wbs_adr_i[11] -> _126995_/D : -0.835708
[setup in-reg] wbs_adr_i[11] -> _127363_/D : -0.834799
[setup in-reg] wbs_adr_i[11] -> _127404_/D : -0.834330
[setup in-reg] wbs_adr_i[11] -> _127317_/D : -0.834238
[setup in-reg] wbs_adr_i[11] -> _121253_/D : -0.833790
[setup in-reg] wbs_adr_i[11] -> _126966_/D : -0.833182
[setup in-reg] wbs_adr_i[11] -> _126673_/D : -0.832983
[setup in-reg] wbs_adr_i[8] -> _124273_/D : -0.832575
[setup reg-reg] _126543_/Q -> _123906_/D : -0.832177
[setup in-reg] wbs_adr_i[11] -> _127287_/D : -0.831481
[setup in-reg] wbs_adr_i[11] -> _121248_/D : -0.830532
[setup reg-reg] _124294_/Q -> _123949_/D : -0.830266
[setup in-reg] wbs_adr_i[11] -> _126850_/D : -0.830241
[setup in-reg] wbs_adr_i[11] -> _127289_/D : -0.829637
[setup in-reg] wb_rst_i -> _126460_/D : -0.829115
[setup in-reg] wbs_adr_i[11] -> _126853_/D : -0.828557
[setup in-reg] wbs_adr_i[11] -> _126871_/D : -0.827541
[setup reg-reg] _124345_/Q -> _124230_/D : -0.827146
[setup in-reg] wbs_adr_i[11] -> _126879_/D : -0.825196
[setup in-reg] wbs_adr_i[11] -> _121258_/D : -0.825001
[setup in-reg] wbs_adr_i[11] -> _126880_/D : -0.824773
[setup in-reg] wbs_adr_i[11] -> _126948_/D : -0.824723
[setup in-reg] wbs_adr_i[11] -> _126872_/D : -0.824379
[setup in-reg] wbs_adr_i[11] -> _126675_/D : -0.823587
[setup in-reg] wbs_adr_i[8] -> _124269_/D : -0.822272
[setup in-reg] wbs_adr_i[11] -> _126848_/D : -0.821050
[setup reg-reg] _121948_/Q -> _121881_/D : -0.819583
[setup reg-reg] _124294_/Q -> _123861_/D : -0.818822
[setup in-reg] wbs_adr_i[11] -> _126878_/D : -0.816844
[setup in-reg] wbs_adr_i[11] -> _121252_/D : -0.816456
[setup in-reg] wbs_adr_i[11] -> _127290_/D : -0.816062
[setup reg-reg] _122596_/Q -> _122255_/D : -0.814403
[setup in-reg] wbs_adr_i[11] -> _126674_/D : -0.814122
[setup in-reg] wbs_adr_i[11] -> _126992_/D : -0.814115
[setup in-reg] wbs_adr_i[11] -> _126873_/D : -0.814101
[setup in-reg] wbs_adr_i[11] -> _126967_/D : -0.813639
[setup in-reg] wbs_adr_i[11] -> _127405_/D : -0.812630
[setup in-reg] wbs_adr_i[11] -> _127313_/D : -0.812207
[setup reg-reg] _123643_/Q -> _123575_/D : -0.812033
[setup in-reg] wbs_adr_i[11] -> _127293_/D : -0.811482
[setup reg-reg] _122232_/Q -> _122156_/D : -0.808768
[setup reg-reg] _121991_/Q -> _121653_/D : -0.808512
[setup in-reg] wbs_adr_i[11] -> _126876_/D : -0.808470
[setup in-reg] wbs_adr_i[11] -> _127400_/D : -0.808360
[setup in-reg] wbs_adr_i[11] -> _127359_/D : -0.807948
[setup in-reg] wbs_adr_i[11] -> _126969_/D : -0.807667
[setup reg-reg] _123499_/Q -> _123157_/D : -0.807571
[setup in-reg] wbs_adr_i[8] -> _124272_/D : -0.807095
[setup in-reg] wbs_adr_i[11] -> _127402_/D : -0.805407
[setup in-reg] wbs_adr_i[11] -> _126883_/D : -0.805112
[setup in-reg] wbs_adr_i[11] -> _126972_/D : -0.804238
[setup in-reg] wbs_adr_i[11] -> _127362_/D : -0.803603
[setup in-reg] wbs_adr_i[11] -> _124253_/D : -0.802732
[setup in-reg] wbs_adr_i[11] -> _126877_/D : -0.802313
[setup reg-reg] _121500_/Q -> _121484_/D : -0.801514
[setup in-reg] wbs_adr_i[11] -> _127403_/D : -0.798412
[setup in-reg] wbs_adr_i[11] -> _126993_/D : -0.798313
[setup in-reg] wbs_adr_i[8] -> _124274_/D : -0.797716
[setup in-reg] wbs_adr_i[11] -> _126970_/D : -0.796291
[setup reg-reg] _123868_/Q -> _123534_/D : -0.795559
[setup reg-reg] _121583_/Q -> _121578_/D : -0.794628
[setup reg-reg] _123584_/Q -> _123247_/D : -0.793758
[setup in-reg] wbs_adr_i[11] -> _124260_/D : -0.792220
[setup reg-reg] _123452_/Q -> _123385_/D : -0.792067
[setup in-reg] wbs_adr_i[11] -> _127360_/D : -0.791481
[setup in-reg] wbs_adr_i[11] -> _127365_/D : -0.791122
[setup reg-reg] _122452_/Q -> _122117_/D : -0.791076
[setup in-reg] wbs_adr_i[11] -> _127361_/D : -0.790450
[setup in-reg] wbs_adr_i[11] -> _121256_/D : -0.789996
[setup in-reg] wbs_adr_i[11] -> _127343_/D : -0.787356
[setup in-reg] wbs_adr_i[11] -> _121257_/D : -0.785548
[setup reg-reg] _121544_/Q -> _121524_/D : -0.785054
[setup in-reg] wbs_adr_i[11] -> _126630_/D : -0.783722
[setup in-reg] wbs_adr_i[11] -> _121261_/D : -0.782418
[setup in-reg] wbs_adr_i[8] -> _124276_/D : -0.781434
[setup in-reg] wbs_adr_i[11] -> _126990_/D : -0.781036
[setup in-reg] wbs_adr_i[11] -> _121255_/D : -0.780727
[setup in-reg] wbs_adr_i[11] -> _127344_/D : -0.780098
[setup in-reg] wbs_adr_i[11] -> _126633_/D : -0.779441
[setup in-reg] wbs_adr_i[11] -> _126994_/D : -0.778027
[setup in-reg] wbs_adr_i[11] -> _126635_/D : -0.776634
[setup in-reg] wbs_adr_i[11] -> _126971_/D : -0.775941
[setup in-reg] wbs_adr_i[11] -> _124254_/D : -0.774584
[setup in-reg] wbs_adr_i[11] -> _121259_/D : -0.774492
[setup in-reg] wbs_adr_i[8] -> _124271_/D : -0.772548
[setup in-reg] wbs_adr_i[11] -> _126991_/D : -0.772165
[setup in-reg] wbs_adr_i[11] -> _127348_/D : -0.771223
[setup reg-reg] _126438_/Q -> _123477_/D : -0.770893
[setup in-reg] wbs_adr_i[11] -> _126968_/D : -0.770740
[setup in-reg] wbs_adr_i[11] -> _126973_/D : -0.770282
[setup reg-reg] _124294_/Q -> _123059_/D : -0.770271
[setup reg-reg] _121948_/Q -> _121885_/D : -0.769838
[setup in-reg] wbs_adr_i[11] -> _126996_/D : -0.769088
[setup in-reg] wbs_adr_i[8] -> _124275_/D : -0.766203
[setup reg-reg] _122365_/Q -> _122027_/D : -0.763695
[setup reg-reg] _124294_/Q -> _123751_/D : -0.763549
[setup in-reg] wbs_adr_i[11] -> _126904_/D : -0.762974
[setup reg-reg] _123584_/Q -> _123244_/D : -0.762402
[setup in-reg] wbs_adr_i[11] -> _121251_/D : -0.761720
[setup reg-reg] _123779_/Q -> _123426_/D : -0.761542
[setup in-reg] wbs_adr_i[11] -> _126634_/D : -0.761080
[setup reg-reg] _122828_/Q -> _122486_/D : -0.760849
[setup in-reg] wbs_adr_i[11] -> _121260_/D : -0.759879
[setup reg-reg] _122124_/Q -> _121785_/D : -0.758060
[setup in-reg] wbs_adr_i[11] -> _126559_/D : -0.756486
[setup in-reg] wbs_adr_i[11] -> _121254_/D : -0.753857
[setup in-reg] wbs_adr_i[11] -> _126909_/D : -0.751651
[setup in-reg] wbs_adr_i[11] -> _127347_/D : -0.750621
[setup in-reg] wbs_adr_i[11] -> _126636_/D : -0.748994
[setup reg-reg] _122365_/Q -> _122029_/D : -0.747345
[setup in-reg] wbs_adr_i[11] -> _126978_/D : -0.746013
[setup in-reg] wbs_adr_i[11] -> _126631_/D : -0.740787
[setup in-reg] wbs_adr_i[11] -> _126558_/D : -0.737668
[setup in-reg] wbs_adr_i[11] -> _126980_/D : -0.737337
[setup in-reg] wbs_adr_i[11] -> _126975_/D : -0.733284
[setup in-reg] wbs_adr_i[11] -> _121287_/D : -0.731948
[setup in-reg] wbs_adr_i[11] -> _126905_/D : -0.728164
[setup reg-reg] _123023_/Q -> _122687_/D : -0.723826
[setup reg-reg] _122705_/Q -> _122635_/D : -0.723510
[setup in-reg] wbs_adr_i[11] -> _126902_/D : -0.719844
[setup reg-reg] _126533_/Q -> _123999_/D : -0.719655
[setup in-reg] wbs_adr_i[11] -> _121246_/D : -0.719300
[setup in-reg] wbs_adr_i[11] -> _126974_/D : -0.719197
[setup in-reg] wbs_adr_i[11] -> _126907_/D : -0.717982
[setup in-reg] wbs_adr_i[11] -> _127207_/D : -0.715669
[setup in-reg] wbs_adr_i[11] -> _126560_/D : -0.708919
[setup in-reg] wbs_adr_i[11] -> _126565_/D : -0.708326
[setup in-reg] wbs_adr_i[11] -> _126979_/D : -0.706848
[setup in-reg] wbs_adr_i[11] -> _126906_/D : -0.704947
[setup reg-reg] _122644_/Q -> _122302_/D : -0.704727
[setup in-reg] wbs_adr_i[11] -> _126632_/D : -0.703587
[setup in-reg] wbs_adr_i[11] -> _126564_/D : -0.702332
[setup in-reg] wbs_adr_i[11] -> _126903_/D : -0.702070
[setup in-reg] wbs_adr_i[11] -> _126563_/D : -0.700783
[setup in-reg] wbs_adr_i[11] -> _126908_/D : -0.699693
[setup reg-reg] _124161_/Q -> _124097_/D : -0.699401
[setup reg-reg] _124294_/Q -> _122353_/D : -0.696119
[setup reg-reg] _123959_/Q -> _123614_/D : -0.695334
[setup in-reg] wbs_adr_i[11] -> _126561_/D : -0.691571
[setup in-reg] wbs_adr_i[8] -> _121271_/D : -0.691095
[setup in-reg] wbs_adr_i[11] -> _127206_/D : -0.688239
[setup in-reg] wbs_adr_i[8] -> _121274_/D : -0.682608
[setup reg-reg] _124345_/Q -> _124229_/D : -0.682089
[setup in-reg] wbs_adr_i[11] -> _126562_/D : -0.681123
[setup reg-reg] _121948_/Q -> _121878_/D : -0.680565
[setup reg-reg] _121620_/Q -> _121342_/D : -0.669079
[setup in-reg] wbs_adr_i[7] -> _124338_/D : -0.668706
[setup reg-reg] _124052_/Q -> _123717_/D : -0.664997
[setup reg-reg] _121582_/Q -> _121576_/D : -0.664549
[setup in-reg] wbs_adr_i[11] -> _127208_/D : -0.663341
[setup in-reg] wbs_adr_i[11] -> _127212_/D : -0.662926
[setup in-reg] wbs_adr_i[11] -> _127213_/D : -0.662432
[setup in-reg] wbs_adr_i[11] -> _127252_/D : -0.660886
[setup in-reg] wbs_adr_i[11] -> _126924_/D : -0.657540
[setup in-reg] wbs_adr_i[11] -> _126922_/D : -0.651600
[setup in-reg] wbs_adr_i[11] -> _127249_/D : -0.650182
[setup in-reg] wbs_adr_i[8] -> _121270_/D : -0.649894
[setup in-reg] wbs_adr_i[11] -> _127211_/D : -0.649180
[setup in-reg] wbs_adr_i[11] -> _127247_/D : -0.642935
[setup reg-reg] _123444_/Q -> _123108_/D : -0.642899
[setup reg-reg] _124294_/Q -> _123864_/D : -0.642064
[setup reg-reg] _124294_/Q -> _123061_/D : -0.641339
[setup in-reg] wbs_adr_i[11] -> _127210_/D : -0.638774
[setup reg-reg] _121844_/Q -> _121535_/D : -0.636209
[setup in-reg] wbs_adr_i[11] -> _126920_/D : -0.634486
[setup reg-reg] _126478_/Q -> _121610_/D : -0.633964
[setup reg-reg] _122082_/Q -> _121734_/D : -0.633566
[setup reg-reg] _124294_/Q -> _123058_/D : -0.630582
[setup in-reg] wbs_adr_i[8] -> _127125_/D : -0.629921
[setup in-reg] wbs_adr_i[8] -> _121275_/D : -0.629164
[setup reg-reg] _123307_/Q -> _122964_/D : -0.627562
[setup reg-reg] _123444_/Q -> _123106_/D : -0.626663
[setup in-reg] wbs_adr_i[11] -> _127248_/D : -0.625970
[setup in-reg] wbs_adr_i[11] -> _126925_/D : -0.625381
[setup in-reg] wbs_adr_i[8] -> _121272_/D : -0.622517
[setup reg-reg] _124294_/Q -> _123812_/D : -0.620844
[setup in-reg] wbs_adr_i[11] -> _126919_/D : -0.619494
[setup in-reg] wbs_adr_i[8] -> _121273_/D : -0.609486
[setup reg-reg] _123452_/Q -> _123376_/D : -0.608697
[setup in-reg] wbs_adr_i[11] -> _127253_/D : -0.601574
[setup reg-reg] _122275_/Q -> _121930_/D : -0.601339
[setup reg-reg] _121948_/Q -> _121876_/D : -0.601108
[setup in-reg] wbs_adr_i[11] -> _127246_/D : -0.586024
[setup in-reg] wbs_adr_i[8] -> _121277_/D : -0.583370
[setup in-reg] wbs_adr_i[8] -> _121276_/D : -0.583000
[setup in-reg] wbs_adr_i[11] -> _127209_/D : -0.577217
[setup in-reg] wbs_adr_i[11] -> _121293_/D : -0.576115
[setup in-reg] wbs_adr_i[11] -> _127412_/D : -0.574982
[setup in-reg] wbs_adr_i[8] -> _127119_/D : -0.571937
[setup in-reg] wbs_adr_i[11] -> _127250_/D : -0.568388
[setup in-reg] wbs_adr_i[11] -> _121292_/D : -0.566562
[setup in-reg] wbs_adr_i[11] -> _127251_/D : -0.566160
[setup in-reg] wbs_adr_i[11] -> _127349_/D : -0.565876
[setup in-reg] wbs_adr_i[11] -> _121288_/D : -0.562466
[setup in-reg] wbs_adr_i[11] -> _127409_/D : -0.559659
[setup reg-reg] _123959_/Q -> _123616_/D : -0.558497
[setup reg-reg] _126543_/Q -> _123908_/D : -0.555755
[setup in-reg] wbs_adr_i[11] -> _126921_/D : -0.552774
[setup reg-reg] _126438_/Q -> _123484_/D : -0.552724
[setup in-reg] wbs_adr_i[11] -> _126918_/D : -0.552234
[setup reg-reg] _126446_/Q -> _123102_/D : -0.550987
[setup reg-reg] _122172_/Q -> _121829_/D : -0.550379
[setup in-reg] wbs_adr_i[11] -> _127413_/D : -0.550376
[setup reg-reg] _123629_/Q -> _123286_/D : -0.546883
[setup in-reg] wbs_adr_i[11] -> _121286_/D : -0.546670
[setup in-reg] wbs_adr_i[11] -> _127411_/D : -0.545615
[setup reg-reg] _123253_/Q -> _122908_/D : -0.536716
[setup reg-reg] _126478_/Q -> _121607_/D : -0.535522
[setup in-reg] wbs_adr_i[11] -> _126981_/D : -0.532768
[setup in-reg] wbs_adr_i[11] -> _121291_/D : -0.529983
[setup in-reg] wbs_adr_i[11] -> _126923_/D : -0.528097
[setup in-reg] wbs_adr_i[11] -> _121290_/D : -0.527322
[setup in-reg] wbs_adr_i[8] -> _121282_/D : -0.524445
[setup reg-reg] _123171_/Q -> _122821_/D : -0.521315
[setup in-reg] wbs_adr_i[11] -> _127410_/D : -0.518828
[setup reg-reg] _123260_/Q -> _123196_/D : -0.516671
[setup reg-reg] _123629_/Q -> _123287_/D : -0.513435
[setup in-reg] wbs_adr_i[11] -> _121289_/D : -0.513186
[setup in-reg] wbs_adr_i[11] -> _127406_/D : -0.512987
[setup in-reg] wbs_adr_i[8] -> _127161_/D : -0.506251
[setup in-reg] wbs_adr_i[8] -> _127118_/D : -0.503675
[setup in-reg] wbs_adr_i[8] -> _121278_/D : -0.502340
[setup in-reg] wbs_adr_i[8] -> _127121_/D : -0.501871
[setup reg-reg] _122365_/Q -> _122026_/D : -0.501561
[setup reg-reg] _121661_/Q -> _121375_/D : -0.497042
[setup reg-reg] _122705_/Q -> _122637_/D : -0.494943
[setup reg-reg] _122876_/Q -> _122543_/D : -0.492495
[setup reg-reg] _123732_/Q -> _123671_/D : -0.492118
[setup in-reg] wbs_adr_i[11] -> _127408_/D : -0.488019
[setup reg-reg] _123868_/Q -> _123531_/D : -0.486363
[setup in-reg] wbs_adr_i[8] -> _127124_/D : -0.483748
[setup in-reg] wbs_adr_i[8] -> _121285_/D : -0.482562
[setup reg-reg] _126543_/Q -> _123905_/D : -0.482498
[setup reg-reg] _122747_/Q -> _122407_/D : -0.481382
[setup in-reg] wbs_adr_i[8] -> _121283_/D : -0.476984
[setup in-reg] wbs_adr_i[11] -> _127407_/D : -0.474330
[setup in-reg] wbs_adr_i[8] -> _121280_/D : -0.473388
[setup in-reg] wbs_adr_i[8] -> _127123_/D : -0.471534
[setup in-reg] wbs_adr_i[8] -> _121279_/D : -0.470372
[setup in-reg] wbs_adr_i[8] -> _121281_/D : -0.469402
[setup reg-reg] _124161_/Q -> _124091_/D : -0.468322
[setup in-reg] wbs_adr_i[8] -> _127122_/D : -0.464180
[setup in-reg] wbs_adr_i[8] -> _127120_/D : -0.460577
[setup reg-reg] _126446_/Q -> _123105_/D : -0.454111
[setup reg-reg] _122452_/Q -> _122114_/D : -0.451021
[setup reg-reg] _124294_/Q -> _124040_/D : -0.447148
[setup reg-reg] _122596_/Q -> _122260_/D : -0.445521
[setup in-reg] wbs_adr_i[8] -> _121284_/D : -0.440924
[setup reg-reg] _122644_/Q -> _122297_/D : -0.439460
[setup reg-reg] _121544_/Q -> _121531_/D : -0.436497
[setup reg-reg] _122926_/Q -> _122591_/D : -0.433850
[setup reg-reg] _124294_/Q -> _122360_/D : -0.432081
[setup reg-reg] _121460_/Q -> _121454_/D : -0.429825
[setup reg-reg] _121582_/Q -> _121577_/D : -0.423078
[setup in-reg] wbs_adr_i[8] -> _127162_/D : -0.422933
[setup reg-reg] _122275_/Q -> _121936_/D : -0.421363
[setup in-reg] wbs_adr_i[8] -> _127165_/D : -0.416922
[setup in-reg] wb_rst_i -> _125321_/D : -0.416875
[setup reg-reg] _123643_/Q -> _123579_/D : -0.416776
[setup reg-reg] _126502_/Q -> _124145_/D : -0.416630
[setup in-reg] wbs_adr_i[8] -> _127164_/D : -0.416517
[setup reg-reg] _123171_/Q -> _122820_/D : -0.413621
[setup in-reg] wbs_adr_i[8] -> _127163_/D : -0.412022
[setup in-reg] wbs_adr_i[8] -> _127159_/D : -0.407418
[setup reg-reg] _123023_/Q -> _122686_/D : -0.406938
[setup reg-reg] _122452_/Q -> _122111_/D : -0.405457
[setup in-reg] wbs_adr_i[8] -> _127160_/D : -0.405450
[setup reg-reg] _121582_/Q -> _121569_/D : -0.402618
[setup in-reg] wbs_adr_i[8] -> _127158_/D : -0.397719
[setup reg-reg] _121420_/Q -> _121411_/D : -0.394714
[setup reg-reg] _123444_/Q -> _123112_/D : -0.392664
[setup reg-reg] _122644_/Q -> _122301_/D : -0.391903
[setup reg-reg] _122452_/Q -> _122113_/D : -0.388869
[setup reg-reg] _122793_/Q -> _122448_/D : -0.381000
[setup reg-reg] _123452_/Q -> _123380_/D : -0.377078
[setup in-reg] wbs_adr_i[8] -> _121209_/D : -0.375593
[setup in-reg] wbs_adr_i[8] -> _121222_/D : -0.373895
[setup reg-reg] _123499_/Q -> _123156_/D : -0.373188
[setup reg-reg] _123959_/Q -> _123613_/D : -0.372570
[setup in-reg] wbs_adr_i[8] -> _121227_/D : -0.367034
[setup reg-reg] _121544_/Q -> _121527_/D : -0.364981
[setup in-reg] wb_rst_i -> _121468_/D : -0.360199
[setup in-reg] wb_rst_i -> _125450_/D : -0.348972
[setup in-reg] wbs_adr_i[8] -> _121223_/D : -0.346304
[setup reg-reg] _122596_/Q -> _122257_/D : -0.344240
[setup reg-reg] _123868_/Q -> _123536_/D : -0.344098
[setup reg-reg] _126438_/Q -> _123476_/D : -0.342997
[setup in-reg] wbs_adr_i[8] -> _121208_/D : -0.341345
[setup in-reg] wbs_adr_i[8] -> _121229_/D : -0.337742
[setup in-reg] wbs_adr_i[8] -> _121224_/D : -0.335330
[setup reg-reg] _121661_/Q -> _121374_/D : -0.334392
[setup in-reg] wbs_adr_i[8] -> _121228_/D : -0.333689
[setup in-reg] wbs_adr_i[8] -> _121226_/D : -0.330804
[setup reg-reg] _122365_/Q -> _122025_/D : -0.330424
[setup reg-reg] _122644_/Q -> _122305_/D : -0.326761
[setup in-reg] wbs_adr_i[8] -> _121213_/D : -0.324142
[setup reg-reg] _123116_/Q -> _122779_/D : -0.323436
[setup reg-reg] _121582_/Q -> _121568_/D : -0.321158
[setup in-reg] wbs_adr_i[8] -> _121210_/D : -0.312522
[setup reg-reg] _124294_/Q -> _124180_/D : -0.311363
[setup in-reg] wbs_adr_i[8] -> _121212_/D : -0.307679
[setup reg-reg] _122596_/Q -> _122254_/D : -0.307416
[setup in-reg] wbs_adr_i[8] -> _121225_/D : -0.297845
[setup reg-reg] _123584_/Q -> _123246_/D : -0.292601
[setup in-reg] wbs_adr_i[8] -> _121206_/D : -0.290246
[setup reg-reg] _124064_/Q -> _123995_/D : -0.290054
[setup reg-reg] _122124_/Q -> _121784_/D : -0.279645
[setup reg-reg] _123069_/Q -> _122730_/D : -0.266027
[setup reg-reg] _123498_/Q -> _123155_/D : -0.265658
[setup reg-reg] _122275_/Q -> _121927_/D : -0.263157
[setup reg-reg] _122596_/Q -> _122253_/D : -0.257341
[setup reg-reg] _122124_/Q -> _121782_/D : -0.252918
[setup reg-reg] _123629_/Q -> _123288_/D : -0.252800
[setup reg-reg] _121991_/Q -> _121649_/D : -0.238739
[setup reg-reg] _123732_/Q -> _123672_/D : -0.238014
[setup reg-reg] _124064_/Q -> _123992_/D : -0.233630
[setup reg-reg] _121991_/Q -> _121652_/D : -0.229353
[setup reg-reg] _123076_/Q -> _123007_/D : -0.228763
[setup in-reg] wbs_adr_i[8] -> _126715_/D : -0.226752
[setup reg-reg] _122275_/Q -> _121929_/D : -0.224848
[setup reg-reg] _122644_/Q -> _122300_/D : -0.213980
[setup reg-reg] _122555_/Q -> _122204_/D : -0.213682
[setup in-reg] wbs_adr_i[8] -> _126659_/D : -0.213060
[setup in-reg] wbs_adr_i[8] -> _121207_/D : -0.209958
[setup in-reg] wbs_adr_i[8] -> _121211_/D : -0.207944
[setup in-reg] wbs_adr_i[8] -> _126771_/D : -0.206416
[setup reg-reg] _124294_/Q -> _121685_/D : -0.199933
[setup reg-reg] _122452_/Q -> _122116_/D : -0.188958
[setup in-reg] wbs_adr_i[8] -> _126716_/D : -0.179252
[setup reg-reg] _123452_/Q -> _123379_/D : -0.179181
[setup reg-reg] _122876_/Q -> _122539_/D : -0.175589
[setup in-reg] wbs_adr_i[8] -> _126712_/D : -0.174492
[setup reg-reg] _123069_/Q -> _122731_/D : -0.166754
[setup reg-reg] _122555_/Q -> _122206_/D : -0.163528
[setup reg-reg] _126533_/Q -> _123997_/D : -0.159265
[setup in-reg] wbs_adr_i[8] -> _126711_/D : -0.153818
[setup reg-reg] _121467_/Q -> _121447_/D : -0.148670
[setup in-reg] wbs_adr_i[8] -> _126714_/D : -0.145594
[setup reg-reg] _122747_/Q -> _122406_/D : -0.142606
[setup reg-reg] _121544_/Q -> _121526_/D : -0.138716
[setup reg-reg] _122793_/Q -> _122447_/D : -0.135344
[setup reg-reg] _126470_/Q -> _121968_/D : -0.130289
[setup in-reg] wbs_adr_i[8] -> _126717_/D : -0.128679
[setup reg-reg] _122747_/Q -> _122408_/D : -0.122807
[setup reg-reg] _121544_/Q -> _121525_/D : -0.120931
[setup reg-reg] _122926_/Q -> _122594_/D : -0.120931
[setup reg-reg] _123116_/Q -> _122775_/D : -0.115183
[setup reg-reg] _123868_/Q -> _123532_/D : -0.114806
[setup in-reg] wbs_adr_i[8] -> _126710_/D : -0.112017
[setup reg-reg] _124052_/Q -> _123713_/D : -0.111612
[setup in-reg] wbs_adr_i[8] -> _126713_/D : -0.104155
[setup reg-reg] _121844_/Q -> _121530_/D : -0.100219
[setup reg-reg] _122703_/Q -> _122633_/D : -0.099330
[setup reg-reg] _124161_/Q -> _124093_/D : -0.099135
[setup in-reg] wb_rst_i -> _124348_/D : -0.097618
[setup reg-reg] _121620_/Q -> _121339_/D : -0.097355
[setup reg-reg] _124294_/Q -> _123943_/D : -0.095230
[setup reg-reg] _123499_/Q -> _123151_/D : -0.093582
[setup in-reg] wbs_adr_i[8] -> _126773_/D : -0.074746
[setup in-reg] wb_rst_i -> _124347_/D : -0.073953
[setup reg-reg] _122876_/Q -> _122541_/D : -0.073314
[setup reg-reg] _124294_/Q -> _124037_/D : -0.070987
[setup in-reg] wbs_adr_i[8] -> _126656_/D : -0.070802
[setup in-reg] wbs_adr_i[8] -> _126772_/D : -0.067345
[setup reg-reg] _124052_/Q -> _123714_/D : -0.065413
[setup reg-reg] _124294_/Q -> _123859_/D : -0.065207
[setup reg-reg] _123868_/Q -> _123535_/D : -0.063704
[setup in-reg] wbs_adr_i[8] -> _126658_/D : -0.058908
[setup in-reg] wbs_adr_i[8] -> _126660_/D : -0.058780
[setup in-reg] wbs_adr_i[8] -> _126654_/D : -0.057142
[setup in-reg] wbs_adr_i[8] -> _126766_/D : -0.056552
[setup in-reg] wbs_adr_i[8] -> _126657_/D : -0.056325
[setup in-reg] wbs_adr_i[8] -> _126768_/D : -0.056261
[setup in-reg] wbs_adr_i[8] -> _126769_/D : -0.053529
[setup in-reg] wb_rst_i -> _124345_/D : -0.048228
[setup in-reg] wbs_adr_i[8] -> _126655_/D : -0.045429
[setup in-reg] wb_rst_i -> _124346_/D : -0.043499
[setup reg-reg] _123629_/Q -> _123285_/D : -0.043475
[setup in-reg] wbs_adr_i[8] -> _126767_/D : -0.042224
[setup reg-reg] _122232_/Q -> _122155_/D : -0.040902
[setup in-reg] wb_rst_i -> _124343_/D : -0.037833
[setup reg-reg] _122747_/Q -> _122402_/D : -0.036099
[setup in-reg] wbs_adr_i[8] -> _126661_/D : -0.035254
[setup in-reg] wbs_adr_i[8] -> _126770_/D : -0.034959
[setup reg-reg] _121420_/Q -> _121410_/D : -0.034536
[setup reg-reg] _123643_/Q -> _123577_/D : -0.031402
[setup reg-reg] _124294_/Q -> _123854_/D : -0.024766
[setup reg-reg] _123676_/Q -> _123335_/D : -0.023867
[setup reg-reg] _123629_/Q -> _123283_/D : -0.016232
[setup reg-reg] _123069_/Q -> _122736_/D : -0.012374
